Component: ARM Compiler 6.16 Tool: armlink [5dfeaa00]

==============================================================================

Section Cross References

    startup_stm32f103x6.o(STACK) refers (Special) to heapauxi.o(.text) for __use_two_region_memory
    startup_stm32f103x6.o(HEAP) refers (Special) to heapauxi.o(.text) for __use_two_region_memory
    startup_stm32f103x6.o(RESET) refers (Special) to heapauxi.o(.text) for __use_two_region_memory
    startup_stm32f103x6.o(RESET) refers to startup_stm32f103x6.o(STACK) for __initial_sp
    startup_stm32f103x6.o(RESET) refers to startup_stm32f103x6.o(.text) for Reset_Handler
    startup_stm32f103x6.o(RESET) refers to stm32f1xx_it.o(.text.NMI_Handler) for NMI_Handler
    startup_stm32f103x6.o(RESET) refers to stm32f1xx_it.o(.text.HardFault_Handler) for HardFault_Handler
    startup_stm32f103x6.o(RESET) refers to stm32f1xx_it.o(.text.MemManage_Handler) for MemManage_Handler
    startup_stm32f103x6.o(RESET) refers to stm32f1xx_it.o(.text.BusFault_Handler) for BusFault_Handler
    startup_stm32f103x6.o(RESET) refers to stm32f1xx_it.o(.text.UsageFault_Handler) for UsageFault_Handler
    startup_stm32f103x6.o(RESET) refers to stm32f1xx_it.o(.text.SVC_Handler) for SVC_Handler
    startup_stm32f103x6.o(RESET) refers to stm32f1xx_it.o(.text.DebugMon_Handler) for DebugMon_Handler
    startup_stm32f103x6.o(RESET) refers to stm32f1xx_it.o(.text.PendSV_Handler) for PendSV_Handler
    startup_stm32f103x6.o(RESET) refers to stm32f1xx_it.o(.text.SysTick_Handler) for SysTick_Handler
    startup_stm32f103x6.o(RESET) refers to stm32f1xx_it.o(.text.TIM3_IRQHandler) for TIM3_IRQHandler
    startup_stm32f103x6.o(RESET) refers to stm32f1xx_it.o(.text.USART2_IRQHandler) for USART2_IRQHandler
    startup_stm32f103x6.o(.text) refers (Special) to heapauxi.o(.text) for __use_two_region_memory
    startup_stm32f103x6.o(.text) refers to system_stm32f1xx.o(.text.SystemInit) for SystemInit
    startup_stm32f103x6.o(.text) refers to __main.o(!!!main) for __main
    startup_stm32f103x6.o(.text) refers to startup_stm32f103x6.o(HEAP) for Heap_Mem
    startup_stm32f103x6.o(.text) refers to startup_stm32f103x6.o(STACK) for Stack_Mem
    main.o(.text.main) refers to stm32f1xx_hal.o(.text.HAL_Init) for HAL_Init
    main.o(.text.main) refers to main.o(.text.SystemClock_Config) for SystemClock_Config
    main.o(.text.main) refers to gpio.o(.text.MX_GPIO_Init) for MX_GPIO_Init
    main.o(.text.main) refers to stm32f1xx_hal_gpio.o(.text.HAL_GPIO_TogglePin) for HAL_GPIO_TogglePin
    main.o(.text.main) refers to stm32f1xx_hal.o(.text.HAL_Delay) for HAL_Delay
    main.o(.text.main) refers to i2c.o(.text.MX_I2C1_Init) for MX_I2C1_Init
    main.o(.text.main) refers to usart.o(.text.MX_USART2_UART_Init) for MX_USART2_UART_Init
    main.o(.text.main) refers to tim.o(.text.MX_TIM3_Init) for MX_TIM3_Init
    main.o(.text.main) refers to rtuhandler.o(.text.ModbusRtuInit) for ModbusRtuInit
    main.o(.text.main) refers to rtudisplay.o(.bss.HRBuff) for HRBuff
    main.o(.text.main) refers to i2c.o(.bss.hi2c1) for hi2c1
    main.o(.text.main) refers to ssd1306.o(.text.ssd1306_Init) for ssd1306_Init
    main.o(.text.main) refers to ssd1306.o(.text.ssd1306_Fill) for ssd1306_Fill
    main.o(.text.main) refers to ssd1306.o(.text.ssd1306_UpdateScreen) for ssd1306_UpdateScreen
    main.o(.text.main) refers to ssd1306.o(.text.ssd1306_SetCursor) for ssd1306_SetCursor
    main.o(.text.main) refers to mb.o(.text.eMBPoll) for eMBPoll
    main.o(.text.main) refers to rtudisplay.o(.text.update_display) for update_display
    main.o(.text.main) refers to main.o(.text.Error_Handler) for Error_Handler
    main.o(.ARM.exidx.text.main) refers to main.o(.text.main) for [Anonymous Symbol]
    main.o(.text.SystemClock_Config) refers to rt_memclr_w.o(.text) for __aeabi_memclr4
    main.o(.text.SystemClock_Config) refers to stm32f1xx_hal_rcc.o(.text.HAL_RCC_OscConfig) for HAL_RCC_OscConfig
    main.o(.text.SystemClock_Config) refers to stm32f1xx_hal_rcc.o(.text.HAL_RCC_ClockConfig) for HAL_RCC_ClockConfig
    main.o(.text.SystemClock_Config) refers to main.o(.text.Error_Handler) for Error_Handler
    main.o(.ARM.exidx.text.SystemClock_Config) refers to main.o(.text.SystemClock_Config) for [Anonymous Symbol]
    main.o(.ARM.exidx.text.Error_Handler) refers to main.o(.text.Error_Handler) for [Anonymous Symbol]
    gpio.o(.text.MX_GPIO_Init) refers to stm32f1xx_hal_gpio.o(.text.HAL_GPIO_WritePin) for HAL_GPIO_WritePin
    gpio.o(.text.MX_GPIO_Init) refers to stm32f1xx_hal_gpio.o(.text.HAL_GPIO_Init) for HAL_GPIO_Init
    gpio.o(.ARM.exidx.text.MX_GPIO_Init) refers to gpio.o(.text.MX_GPIO_Init) for [Anonymous Symbol]
    i2c.o(.text.MX_I2C1_Init) refers to i2c.o(.bss.hi2c1) for hi2c1
    i2c.o(.text.MX_I2C1_Init) refers to stm32f1xx_hal_i2c.o(.text.HAL_I2C_Init) for HAL_I2C_Init
    i2c.o(.text.MX_I2C1_Init) refers to main.o(.text.Error_Handler) for Error_Handler
[...]
    Heap_Mem                                 0x20000818   Data         512  startup_stm32f103x6.o(HEAP)
    HEAP                                     0x20000818   Section      512  startup_stm32f103x6.o(HEAP)
    Stack_Mem                                0x20000a18   Data        1024  startup_stm32f103x6.o(STACK)
    STACK                                    0x20000a18   Section     1024  startup_stm32f103x6.o(STACK)
    __initial_sp                             0x20000e18   Data           0  startup_stm32f103x6.o(STACK)

    Global Symbols

    Symbol Name                              Value     Ov Type        Size  Object(Section)

    BuildAttributes$$THM_ISAv4$P$D$K$B$S$PE$A:L22UL41UL21$X:L11$S22US41US21$IEEE1$IW$~IW$USESV6$~STKCKD$USESV7$~SHL$OTIME$ROPI$IEEEJ$EBA8$UX$STANDARDLIB$REQ8$PRES8$EABIv2 0x00000000   Number         0  anon$$obj.o ABSOLUTE
    __fp_init_empty                          0x00000000   Number         0  fpinit_empty.o ABSOLUTE
    _printf_flags                            0x00000000   Number         0  printf_stubs.o ABSOLUTE
    _printf_return_value                     0x00000000   Number         0  printf_stubs.o ABSOLUTE
    _printf_sizespec                         0x00000000   Number         0  printf_stubs.o ABSOLUTE
    _printf_widthprec                        0x00000000   Number         0  printf_stubs.o ABSOLUTE
    __ARM_exceptions_init                     - Undefined Weak Reference
    __alloca_initialize                       - Undefined Weak Reference
    __arm_preinit_                            - Undefined Weak Reference
    __cpp_initialize__aeabi_                  - Undefined Weak Reference
    __cxa_finalize                            - Undefined Weak Reference
    __sigvec_lookup                           - Undefined Weak Reference
    _atexit_init                              - Undefined Weak Reference
    _call_atexit_fns                          - Undefined Weak Reference
    _clock_init                               - Undefined Weak Reference
    _fp_trap_init                             - Undefined Weak Reference
    _fp_trap_shutdown                         - Undefined Weak Reference
    _get_lc_collate                           - Undefined Weak Reference
    _get_lc_ctype                             - Undefined Weak Reference
    _get_lc_monetary                          - Undefined Weak Reference
    _get_lc_time                              - Undefined Weak Reference
    _getenv_init                              - Undefined Weak Reference
    _handle_redirection                       - Undefined Weak Reference
    _init_alloc                               - Undefined Weak Reference
    _init_user_alloc                          - Undefined Weak Reference
    _initio                                   - Undefined Weak Reference
    _printf_post_padding                      - Undefined Weak Reference
    _printf_pre_padding                       - Undefined Weak Reference
    _rand_init                                - Undefined Weak Reference
    _signal_finish                            - Undefined Weak Reference
    _signal_init                              - Undefined Weak Reference
    _terminate_alloc                          - Undefined Weak Reference
    _terminate_user_alloc                     - Undefined Weak Reference
    _terminateio                              - Undefined Weak Reference
    __Vectors_Size                           0x000000ec   Number         0  startup_stm32f103x6.o ABSOLUTE
    __Vectors                                0x08000000   Data           4  startup_stm32f103x6.o(RESET)
    __Vectors_End                            0x080000ec   Data           0  startup_stm32f103x6.o(RESET)
    __main                                   0x080000ed   Thumb Code     8  __main.o(!!!main)
    __scatterload                            0x080000f5   Thumb Code     0  __scatter.o(!!!scatter)
    __scatterload_rt2                        0x080000f5   Thumb Code    44  __scatter.o(!!!scatter)
    __scatterload_rt2_thumb_only             0x080000f5   Thumb Code     0  __scatter.o(!!!scatter)
    __scatterload_null                       0x08000103   Thumb Code     0  __scatter.o(!!!scatter)
    __scatterload_copy                       0x08000129   Thumb Code    26  __scatter_copy.o(!!handler_copy)
    __scatterload_zeroinit                   0x08000145   Thumb Code    28  __scatter_zi.o(!!handler_zi)
    _printf_f                                0x08000161   Thumb Code     0  _printf_f.o(.ARM.Collect$$_printf_percent$$00000003)
    _printf_percent                          0x08000161   Thumb Code     0  _printf_percent.o(.ARM.Collect$$_printf_percent$$00000000)
    _printf_percent_end                      0x08000167   Thumb Code     0  _printf_percent_end.o(.ARM.Collect$$_printf_percent$$00000017)
    __rt_lib_init                            0x0800016b   Thumb Code     0  libinit.o(.ARM.Collect$$libinit$$00000000)
    __rt_lib_init_fp_1                       0x0800016d   Thumb Code     0  libinit2.o(.ARM.Collect$$libinit$$00000002)
    __rt_lib_init_heap_1                     0x0800016d   Thumb Code     0  libinit2.o(.ARM.Collect$$libinit$$0000000A)
    __rt_lib_init_lc_common                  0x0800016d   Thumb Code     0  libinit2.o(.ARM.Collect$$libinit$$0000000F)
    __rt_lib_init_preinit_1                  0x0800016d   Thumb Code     0  libinit2.o(.ARM.Collect$$libinit$$00000004)
    __rt_lib_init_rand_1                     0x0800016d   Thumb Code     0  libinit2.o(.ARM.Collect$$libinit$$0000000E)
    __rt_lib_init_user_alloc_1               0x0800016d   Thumb Code     0  libinit2.o(.ARM.Collect$$libinit$$0000000C)
    __rt_lib_init_lc_collate_1               0x08000173   Thumb Code     0  libinit2.o(.ARM.Collect$$libinit$$00000011)
    __rt_lib_init_lc_ctype_1                 0x08000173   Thumb Code     0  libinit2.o(.ARM.Collect$$libinit$$00000013)
    __rt_lib_init_lc_monetary_1              0x08000173   Thumb Code     0  libinit2.o(.ARM.Collect$$libinit$$00000015)
    __rt_lib_init_lc_numeric_2               0x08000173   Thumb Code     0  libinit2.o(.ARM.Collect$$libinit$$00000016)
    __rt_lib_init_alloca_1                   0x0800017d   Thumb Code     0  libinit2.o(.ARM.Collect$$libinit$$0000002E)
    __rt_lib_init_argv_1                     0x0800017d   Thumb Code     0  libinit2.o(.ARM.Collect$$libinit$$0000002C)
    __rt_lib_init_atexit_1                   0x0800017d   Thumb Code     0  libinit2.o(.ARM.Collect$$libinit$$0000001B)
    __rt_lib_init_clock_1                    0x0800017d   Thumb Code     0  libinit2.o(.ARM.Collect$$libinit$$00000021)
    __rt_lib_init_cpp_1                      0x0800017d   Thumb Code     0  libinit2.o(.ARM.Collect$$libinit$$00000032)
    __rt_lib_init_exceptions_1               0x0800017d   Thumb Code     0  libinit2.o(.ARM.Collect$$libinit$$00000030)
    __rt_lib_init_fp_trap_1                  0x0800017d   Thumb Code     0  libinit2.o(.ARM.Collect$$libinit$$0000001F)
    __rt_lib_init_getenv_1                   0x0800017d   Thumb Code     0  libinit2.o(.ARM.Collect$$libinit$$00000023)
    __rt_lib_init_lc_numeric_1               0x0800017d   Thumb Code     0  libinit2.o(.ARM.Collect$$libinit$$00000017)
    __rt_lib_init_lc_time_1                  0x0800017d   Thumb Code     0  libinit2.o(.ARM.Collect$$libinit$$00000019)
    __rt_lib_init_return                     0x0800017d   Thumb Code     0  libinit2.o(.ARM.Collect$$libinit$$00000033)
    __rt_lib_init_signal_1                   0x0800017d   Thumb Code     0  libinit2.o(.ARM.Collect$$libinit$$0000001D)
    __rt_lib_init_stdio_1                    0x0800017d   Thumb Code     0  libinit2.o(.ARM.Collect$$libinit$$00000025)
    __rt_lib_shutdown                        0x0800017f   Thumb Code     0  libshutdown.o(.ARM.Collect$$libshutdown$$00000000)
    __rt_lib_shutdown_cpp_1                  0x08000181   Thumb Code     0  libshutdown2.o(.ARM.Collect$$libshutdown$$00000002)
    __rt_lib_shutdown_fp_trap_1              0x08000181   Thumb Code     0  libshutdown2.o(.ARM.Collect$$libshutdown$$00000007)
    __rt_lib_shutdown_heap_1                 0x08000181   Thumb Code     0  libshutdown2.o(.ARM.Collect$$libshutdown$$0000000F)
    __rt_lib_shutdown_return                 0x08000181   Thumb Code     0  libshutdown2.o(.ARM.Collect$$libshutdown$$00000010)
    __rt_lib_shutdown_signal_1               0x08000181   Thumb Code     0  libshutdown2.o(.ARM.Collect$$libshutdown$$0000000A)
    __rt_lib_shutdown_stdio_1                0x08000181   Thumb Code     0  libshutdown2.o(.ARM.Collect$$libshutdown$$00000004)
    __rt_lib_shutdown_user_alloc_1           0x08000181   Thumb Code     0  libshutdown2.o(.ARM.Collect$$libshutdown$$0000000C)
    __rt_entry                               0x08000183   Thumb Code     0  __rtentry.o(.ARM.Collect$$rtentry$$00000000)
    __rt_entry_presh_1                       0x08000183   Thumb Code     0  __rtentry2.o(.ARM.Collect$$rtentry$$00000002)
    __rt_entry_sh                            0x08000183   Thumb Code     0  __rtentry4.o(.ARM.Collect$$rtentry$$00000004)
    __rt_entry_li                            0x08000189   Thumb Code     0  __rtentry2.o(.ARM.Collect$$rtentry$$0000000A)
    __rt_entry_postsh_1                      0x08000189   Thumb Code     0  __rtentry2.o(.ARM.Collect$$rtentry$$00000009)
    __rt_entry_main                          0x0800018d   Thumb Code     0  __rtentry2.o(.ARM.Collect$$rtentry$$0000000D)
    __rt_entry_postli_1                      0x0800018d   Thumb Code     0  __rtentry2.o(.ARM.Collect$$rtentry$$0000000C)
    __rt_exit                                0x08000195   Thumb Code     0  rtexit.o(.ARM.Collect$$rtexit$$00000000)
    __rt_exit_ls                             0x08000197   Thumb Code     0  rtexit2.o(.ARM.Collect$$rtexit$$00000003)
    __rt_exit_prels_1                        0x08000197   Thumb Code     0  rtexit2.o(.ARM.Collect$$rtexit$$00000002)
    __rt_exit_exit                           0x0800019b   Thumb Code     0  rtexit2.o(.ARM.Collect$$rtexit$$00000004)
    Reset_Handler                            0x080001a1   Thumb Code     8  startup_stm32f103x6.o(.text)
    ADC1_2_IRQHandler                        0x080001bb   Thumb Code     0  startup_stm32f103x6.o(.text)
    CAN1_RX1_IRQHandler                      0x080001bb   Thumb Code     0  startup_stm32f103x6.o(.text)
    CAN1_SCE_IRQHandler                      0x080001bb   Thumb Code     0  startup_stm32f103x6.o(.text)
    DMA1_Channel1_IRQHandler                 0x080001bb   Thumb Code     0  startup_stm32f103x6.o(.text)
    DMA1_Channel2_IRQHandler                 0x080001bb   Thumb Code     0  startup_stm32f103x6.o(.text)
    DMA1_Channel3_IRQHandler                 0x080001bb   Thumb Code     0  startup_stm32f103x6.o(.text)
    DMA1_Channel4_IRQHandler                 0x080001bb   Thumb Code     0  startup_stm32f103x6.o(.text)
    DMA1_Channel5_IRQHandler                 0x080001bb   Thumb Code     0  startup_stm32f103x6.o(.text)
    DMA1_Channel6_IRQHandler                 0x080001bb   Thumb Code     0  startup_stm32f103x6.o(.text)
    DMA1_Channel7_IRQHandler                 0x080001bb   Thumb Code     0  startup_stm32f103x6.o(.text)
    EXTI0_IRQHandler                         0x080001bb   Thumb Code     0  startup_stm32f103x6.o(.text)
    EXTI15_10_IRQHandler                     0x080001bb   Thumb Code     0  startup_stm32f103x6.o(.text)
    EXTI1_IRQHandler                         0x080001bb   Thumb Code     0  startup_stm32f103x6.o(.text)
    EXTI2_IRQHandler                         0x080001bb   Thumb Code     0  startup_stm32f103x6.o(.text)
    EXTI3_IRQHandler                         0x080001bb   Thumb Code     0  startup_stm32f103x6.o(.text)
    EXTI4_IRQHandler                         0x080001bb   Thumb Code     0  startup_stm32f103x6.o(.text)
    EXTI9_5_IRQHandler                       0x080001bb   Thumb Code     0  startup_stm32f103x6.o(.text)
    FLASH_IRQHandler                         0x080001bb   Thumb Code     0  startup_stm32f103x6.o(.text)
    I2C1_ER_IRQHandler                       0x080001bb   Thumb Code     0  startup_stm32f103x6.o(.text)
    I2C1_EV_IRQHandler                       0x080001bb   Thumb Code     0  startup_stm32f103x6.o(.text)
    PVD_IRQHandler                           0x080001bb   Thumb Code     0  startup_stm32f103x6.o(.text)
    RCC_IRQHandler                           0x080001bb   Thumb Code     0  startup_stm32f103x6.o(.text)
    RTC_Alarm_IRQHandler                     0x080001bb   Thumb Code     0  startup_stm32f103x6.o(.text)
    RTC_IRQHandler                           0x080001bb   Thumb Code     0  startup_stm32f103x6.o(.text)
    SPI1_IRQHandler                          0x080001bb   Thumb Code     0  startup_stm32f103x6.o(.text)
    TAMPER_IRQHandler                        0x080001bb   Thumb Code     0  startup_stm32f103x6.o(.text)
    TIM1_BRK_IRQHandler                      0x080001bb   Thumb Code     0  startup_stm32f103x6.o(.text)
    TIM1_CC_IRQHandler                       0x080001bb   Thumb Code     0  startup_stm32f103x6.o(.text)
    TIM1_TRG_COM_IRQHandler                  0x080001bb   Thumb Code     0  startup_stm32f103x6.o(.text)
    TIM1_UP_IRQHandler                       0x080001bb   Thumb Code     0  startup_stm32f103x6.o(.text)
    TIM2_IRQHandler                          0x080001bb   Thumb Code     0  startup_stm32f103x6.o(.text)
    USART1_IRQHandler                        0x080001bb   Thumb Code     0  startup_stm32f103x6.o(.text)
    USBWakeUp_IRQHandler                     0x080001bb   Thumb Code     0  startup_stm32f103x6.o(.text)
    USB_HP_CAN1_TX_IRQHandler                0x080001bb   Thumb Code     0  startup_stm32f103x6.o(.text)
    USB_LP_CAN1_RX0_IRQHandler               0x080001bb   Thumb Code     0  startup_stm32f103x6.o(.text)
    WWDG_IRQHandler                          0x080001bb   Thumb Code     0  startup_stm32f103x6.o(.text)
    __user_initial_stackheap                 0x080001bd   Thumb Code     0  startup_stm32f103x6.o(.text)
    __2snprintf                              0x080001e1   Thumb Code    48  noretval__2snprintf.o(.text)
    __printf                                 0x08000215   Thumb Code   270  __printf_wp.o(.text)
    __aeabi_assert                           0x08000325   Thumb Code    86  assert.o(.text)
    __assert                                 0x08000325   Thumb Code     0  assert.o(.text)
    strlen                                   0x080003a5   Thumb Code    62  strlen.o(.text)
    __aeabi_memcpy                           0x080003e3   Thumb Code     0  rt_memcpy_v6.o(.text)
    __rt_memcpy                              0x080003e3   Thumb Code   138  rt_memcpy_v6.o(.text)
    _memcpy_lastbytes                        0x08000449   Thumb Code     0  rt_memcpy_v6.o(.text)
    __aeabi_memset4                          0x0800046d   Thumb Code    16  aeabi_memset4.o(.text)
    __aeabi_memset8                          0x0800046d   Thumb Code     0  aeabi_memset4.o(.text)
    __aeabi_memclr4                          0x0800047d   Thumb Code     0  rt_memclr_w.o(.text)
    __aeabi_memclr8                          0x0800047d   Thumb Code     0  rt_memclr_w.o(.text)
    __rt_memclr_w                            0x0800047d   Thumb Code     0  rt_memclr_w.o(.text)
    _memset_w                                0x08000481   Thumb Code    74  rt_memclr_w.o(.text)
    __use_two_region_memory                  0x080004cb   Thumb Code     2  heapauxi.o(.text)
    __rt_heap_escrow$2region                 0x080004cd   Thumb Code     2  heapauxi.o(.text)
    __rt_heap_expand$2region                 0x080004cf   Thumb Code     2  heapauxi.o(.text)
    _printf_fp_dec_real                      0x08000681   Thumb Code   620  _printf_fp_dec.o(.text)
    _printf_char_common                      0x080008f7   Thumb Code    32  _printf_char_common.o(.text)
    _sputc                                   0x0800091d   Thumb Code    10  _sputc.o(.text)
    _snputc                                  0x08000927   Thumb Code    16  _snputc.o(.text)
    abort                                    0x08000937   Thumb Code    22  abort.o(.text)
    __assert_puts                            0x0800094d   Thumb Code    20  assert_puts.o(.text)
    __aeabi_memcpy4                          0x08000961   Thumb Code     0  rt_memcpy_w.o(.text)
    __aeabi_memcpy8                          0x08000961   Thumb Code     0  rt_memcpy_w.o(.text)
    __rt_memcpy_w                            0x08000961   Thumb Code   100  rt_memcpy_w.o(.text)
    _memcpy_lastbytes_aligned                0x080009a9   Thumb Code     0  rt_memcpy_w.o(.text)
    _ttywrch                                 0x080009c5   Thumb Code    14  sys_wrch.o(.text)
    _sys_exit                                0x080009d5   Thumb Code     8  sys_exit.o(.text)
    __rt_locale                              0x080009e1   Thumb Code     8  rt_locale_intlibspace.o(.text)
    _ll_udiv10                               0x080009e9   Thumb Code   138  lludiv10.o(.text)
    _printf_fp_infnan                        0x08000a75   Thumb Code   112  _printf_fp_infnan.o(.text)
    _btod_etento                             0x08000af5   Thumb Code   224  bigflt0.o(.text)
    __rt_SIGABRT                             0x08000bd9   Thumb Code    14  defsig_abrt_outer.o(.text)
    __user_libspace                          0x08000be9   Thumb Code     8  libspace.o(.text)
    __user_perproc_libspace                  0x08000be9   Thumb Code     0  libspace.o(.text)
    __user_perthread_libspace                0x08000be9   Thumb Code     0  libspace.o(.text)
    __I$use$semihosting                      0x08000bf1   Thumb Code     0  use_no_semi.o(.text)
    __use_no_semihosting_swi                 0x08000bf1   Thumb Code     2  use_no_semi.o(.text)
    __semihosting_library_function           0x08000bf3   Thumb Code     0  indicate_semi.o(.text)
    __user_setup_stackheap                   0x08000bf3   Thumb Code    74  sys_stackheap_outer.o(.text)
    exit                                     0x08000c3d   Thumb Code    18  exit.o(.text)
    __sig_exit                               0x08000c4f   Thumb Code    10  defsig_exit.o(.text)
    __rt_SIGABRT_inner                       0x08000c59   Thumb Code    14  defsig_abrt_inner.o(.text)
    strcmp                                   0x08000c89   Thumb Code   128  strcmpv7m.o(.text)
    __default_signal_display                 0x08000d09   Thumb Code    50  defsig_general.o(.text)
    BusFault_Handler                         0x08000d3d   Thumb Code     2  stm32f1xx_it.o(.text.BusFault_Handler)
    DebugMon_Handler                         0x08000d41   Thumb Code     2  stm32f1xx_it.o(.text.DebugMon_Handler)
    EnterCriticalSection                     0x08000d45   Thumb Code    22  mt_port.o(.text.EnterCriticalSection)
    Error_Handler                            0x08000d5d   Thumb Code    10  main.o(.text.Error_Handler)
    ExitCriticalSection                      0x08000d69   Thumb Code    22  mt_port.o(.text.ExitCriticalSection)
    HAL_DMA_Abort                            0x08000d81   Thumb Code    64  stm32f1xx_hal_dma.o(.text.HAL_DMA_Abort)
    HAL_DMA_Abort_IT                         0x08000dc1   Thumb Code   174  stm32f1xx_hal_dma.o(.text.HAL_DMA_Abort_IT)
    HAL_Delay                                0x08000e71   Thumb Code    40  stm32f1xx_hal.o(.text.HAL_Delay)
    HAL_GPIO_Init                            0x08000e99   Thumb Code   492  stm32f1xx_hal_gpio.o(.text.HAL_GPIO_Init)
    HAL_GPIO_ReadPin                         0x08001085   Thumb Code    10  stm32f1xx_hal_gpio.o(.text.HAL_GPIO_ReadPin)
    HAL_GPIO_TogglePin                       0x08001091   Thumb Code    16  stm32f1xx_hal_gpio.o(.text.HAL_GPIO_TogglePin)
    HAL_GPIO_WritePin                        0x080010a1   Thumb Code    10  stm32f1xx_hal_gpio.o(.text.HAL_GPIO_WritePin)
    HAL_GetTick                              0x080010ad   Thumb Code    12  stm32f1xx_hal.o(.text.HAL_GetTick)
    HAL_I2C_Init                             0x080010b9   Thumb Code   408  stm32f1xx_hal_i2c.o(.text.HAL_I2C_Init)
    HAL_I2C_Mem_Write                        0x08001251   Thumb Code   298  stm32f1xx_hal_i2c.o(.text.HAL_I2C_Mem_Write)
    HAL_I2C_MspInit                          0x0800137d   Thumb Code   104  i2c.o(.text.HAL_I2C_MspInit)
    HAL_IncTick                              0x080013e5   Thumb Code    26  stm32f1xx_hal.o(.text.HAL_IncTick)
    HAL_Init                                 0x08001401   Thumb Code    38  stm32f1xx_hal.o(.text.HAL_Init)
    HAL_InitTick                             0x08001429   Thumb Code    80  stm32f1xx_hal.o(.text.HAL_InitTick)
    HAL_MspInit                              0x08001479   Thumb Code    66  stm32f1xx_hal_msp.o(.text.HAL_MspInit)
    HAL_NVIC_EnableIRQ                       0x080014bd   Thumb Code     8  stm32f1xx_hal_cortex.o(.text.HAL_NVIC_EnableIRQ)
    HAL_NVIC_SetPriority                     0x080014c5   Thumb Code    30  stm32f1xx_hal_cortex.o(.text.HAL_NVIC_SetPriority)
    HAL_NVIC_SetPriorityGrouping             0x080014e5   Thumb Code     8  stm32f1xx_hal_cortex.o(.text.HAL_NVIC_SetPriorityGrouping)
    HAL_RCC_ClockConfig                      0x080014ed   Thumb Code   372  stm32f1xx_hal_rcc.o(.text.HAL_RCC_ClockConfig)
    HAL_RCC_GetHCLKFreq                      0x08001661   Thumb Code    12  stm32f1xx_hal_rcc.o(.text.HAL_RCC_GetHCLKFreq)
    HAL_RCC_GetPCLK1Freq                     0x0800166d   Thumb Code    34  stm32f1xx_hal_rcc.o(.text.HAL_RCC_GetPCLK1Freq)
    HAL_RCC_GetPCLK2Freq                     0x08001691   Thumb Code    34  stm32f1xx_hal_rcc.o(.text.HAL_RCC_GetPCLK2Freq)
    HAL_RCC_GetSysClockFreq                  0x080016b5   Thumb Code    76  stm32f1xx_hal_rcc.o(.text.HAL_RCC_GetSysClockFreq)
    HAL_RCC_OscConfig                        0x08001715   Thumb Code   780  stm32f1xx_hal_rcc.o(.text.HAL_RCC_OscConfig)
    HAL_SYSTICK_Config                       0x08001a21   Thumb Code     8  stm32f1xx_hal_cortex.o(.text.HAL_SYSTICK_Config)
    HAL_TIMEx_BreakCallback                  0x08001a29   Thumb Code     2  stm32f1xx_hal_tim_ex.o(.text.HAL_TIMEx_BreakCallback)
    HAL_TIMEx_CommutCallback                 0x08001a2d   Thumb Code     2  stm32f1xx_hal_tim_ex.o(.text.HAL_TIMEx_CommutCallback)
    HAL_TIMEx_MasterConfigSynchronization    0x08001a31   Thumb Code   100  stm32f1xx_hal_tim_ex.o(.text.HAL_TIMEx_MasterConfigSynchronization)
    HAL_TIM_Base_Init                        0x08001a95   Thumb Code    90  stm32f1xx_hal_tim.o(.text.HAL_TIM_Base_Init)
    HAL_TIM_Base_MspInit                     0x08001af1   Thumb Code    68  tim.o(.text.HAL_TIM_Base_MspInit)
    HAL_TIM_Base_Start_IT                    0x08001b35   Thumb Code    84  stm32f1xx_hal_tim.o(.text.HAL_TIM_Base_Start_IT)
    HAL_TIM_Base_Stop_IT                     0x08001b89   Thumb Code    50  stm32f1xx_hal_tim.o(.text.HAL_TIM_Base_Stop_IT)
    HAL_TIM_ConfigClockSource                0x08001bbd   Thumb Code   222  stm32f1xx_hal_tim.o(.text.HAL_TIM_ConfigClockSource)
    HAL_TIM_IC_CaptureCallback               0x08001c9d   Thumb Code     2  stm32f1xx_hal_tim.o(.text.HAL_TIM_IC_CaptureCallback)
    HAL_TIM_IRQHandler                       0x08001ca1   Thumb Code   362  stm32f1xx_hal_tim.o(.text.HAL_TIM_IRQHandler)
    HAL_TIM_OC_DelayElapsedCallback          0x08001e0d   Thumb Code     2  stm32f1xx_hal_tim.o(.text.HAL_TIM_OC_DelayElapsedCallback)
    HAL_TIM_PWM_PulseFinishedCallback        0x08001e11   Thumb Code     2  stm32f1xx_hal_tim.o(.text.HAL_TIM_PWM_PulseFinishedCallback)
    HAL_TIM_PeriodElapsedCallback            0x08001e15   Thumb Code    58  porttimer.o(.text.HAL_TIM_PeriodElapsedCallback)
    HAL_TIM_TriggerCallback                  0x08001e51   Thumb Code     2  stm32f1xx_hal_tim.o(.text.HAL_TIM_TriggerCallback)
    HAL_UARTEx_RxEventCallback               0x08001e55   Thumb Code     2  stm32f1xx_hal_uart.o(.text.HAL_UARTEx_RxEventCallback)
    HAL_UART_AbortReceiveCpltCallback        0x08001e59   Thumb Code     2  stm32f1xx_hal_uart.o(.text.HAL_UART_AbortReceiveCpltCallback)
    HAL_UART_AbortReceive_IT                 0x08001e5d   Thumb Code   178  stm32f1xx_hal_uart.o(.text.HAL_UART_AbortReceive_IT)
    HAL_UART_AbortTransmitCpltCallback       0x08001f11   Thumb Code     2  stm32f1xx_hal_uart.o(.text.HAL_UART_AbortTransmitCpltCallback)
    HAL_UART_AbortTransmit_IT                0x08001f15   Thumb Code   124  stm32f1xx_hal_uart.o(.text.HAL_UART_AbortTransmit_IT)
    HAL_UART_ErrorCallback                   0x08001f91   Thumb Code     2  stm32f1xx_hal_uart.o(.text.HAL_UART_ErrorCallback)
    HAL_UART_IRQHandler                      0x08001f95   Thumb Code   578  stm32f1xx_hal_uart.o(.text.HAL_UART_IRQHandler)
    HAL_UART_Init                            0x080021d9   Thumb Code    96  stm32f1xx_hal_uart.o(.text.HAL_UART_Init)
    HAL_UART_MspInit                         0x08002239   Thumb Code   154  usart.o(.text.HAL_UART_MspInit)
    HAL_UART_Receive_IT                      0x080022d5   Thumb Code    42  stm32f1xx_hal_uart.o(.text.HAL_UART_Receive_IT)
    HAL_UART_RxCpltCallback                  0x08002301   Thumb Code    26  portserial.o(.text.HAL_UART_RxCpltCallback)
    HAL_UART_Transmit_IT                     0x0800231d   Thumb Code    56  stm32f1xx_hal_uart.o(.text.HAL_UART_Transmit_IT)
    HAL_UART_TxCpltCallback                  0x08002355   Thumb Code    26  portserial.o(.text.HAL_UART_TxCpltCallback)
    HardFault_Handler                        0x08002371   Thumb Code     2  stm32f1xx_it.o(.text.HardFault_Handler)
    MT_PORT_SetTimerModule                   0x08002669   Thumb Code    12  mt_port.o(.text.MT_PORT_SetTimerModule)
    MT_PORT_SetUartModule                    0x08002675   Thumb Code    12  mt_port.o(.text.MT_PORT_SetUartModule)
    MX_GPIO_Init                             0x08002681   Thumb Code   200  gpio.o(.text.MX_GPIO_Init)
    MX_I2C1_Init                             0x08002749   Thumb Code    62  i2c.o(.text.MX_I2C1_Init)
    MX_TIM3_Init                             0x08002789   Thumb Code   124  tim.o(.text.MX_TIM3_Init)
    MX_USART2_UART_Init                      0x08002805   Thumb Code    56  usart.o(.text.MX_USART2_UART_Init)
    MemManage_Handler                        0x0800283d   Thumb Code     2  stm32f1xx_it.o(.text.MemManage_Handler)
    MenuDensity_ctrl                         0x08002841   Thumb Code   486  rtudisplay.o(.text.MenuDensity_ctrl)
    MenuDensity_view                         0x08002a29   Thumb Code   206  rtudisplay.o(.text.MenuDensity_view)
    ModbusRtuInit                            0x08002af9   Thumb Code    60  rtuhandler.o(.text.ModbusRtuInit)
    NMI_Handler                              0x08002b35   Thumb Code     2  stm32f1xx_it.o(.text.NMI_Handler)
    OnlineValue_view                         0x08002b65   Thumb Code   304  rtudisplay.o(.text.OnlineValue_view)
    PendSV_Handler                           0x08002c9d   Thumb Code     2  stm32f1xx_it.o(.text.PendSV_Handler)
    SVC_Handler                              0x08002ccd   Thumb Code     2  stm32f1xx_it.o(.text.SVC_Handler)
    SysTick_Handler                          0x08002d01   Thumb Code     8  stm32f1xx_it.o(.text.SysTick_Handler)
    SystemClock_Config                       0x08002d09   Thumb Code    96  main.o(.text.SystemClock_Config)
    SystemInit                               0x08002d69   Thumb Code     2  system_stm32f1xx.o(.text.SystemInit)
    TIM3_IRQHandler                          0x08002d6d   Thumb Code    16  stm32f1xx_it.o(.text.TIM3_IRQHandler)
    TIM_Base_SetConfig                       0x08002d7d   Thumb Code   114  stm32f1xx_hal_tim.o(.text.TIM_Base_SetConfig)
    TIM_ETR_SetConfig                        0x08002df1   Thumb Code    22  stm32f1xx_hal_tim.o(.text.TIM_ETR_SetConfig)
    UART_Start_Receive_IT                    0x0800305d   Thumb Code    52  stm32f1xx_hal_uart.o(.text.UART_Start_Receive_IT)
    USART2_IRQHandler                        0x080030e5   Thumb Code    16  stm32f1xx_it.o(.text.USART2_IRQHandler)
    UsageFault_Handler                       0x080030f5   Thumb Code     2  stm32f1xx_it.o(.text.UsageFault_Handler)
    buzzer_beep                              0x0800316d   Thumb Code    42  rtudisplay.o(.text.buzzer_beep)
    draw_down_arrow                          0x08003199   Thumb Code    72  rtudisplay.o(.text.draw_down_arrow)
    draw_up_arrow                            0x080031e1   Thumb Code    64  rtudisplay.o(.text.draw_up_arrow)
    eMBEnable                                0x08003221   Thumb Code    30  mb.o(.text.eMBEnable)
    eMBFuncReadCoils                         0x08003241   Thumb Code   116  mbfunccoils.o(.text.eMBFuncReadCoils)
    eMBFuncReadDiscreteInputs                0x080032b5   Thumb Code   114  mbfuncdisc.o(.text.eMBFuncReadDiscreteInputs)
    eMBFuncReadHoldingRegister               0x08003329   Thumb Code    98  mbfuncholding.o(.text.eMBFuncReadHoldingRegister)
    eMBFuncReadInputRegister                 0x0800338d   Thumb Code    98  mbfuncinput.o(.text.eMBFuncReadInputRegister)
    eMBFuncReadWriteMultipleHoldingRegister  0x080033f1   Thumb Code   182  mbfuncholding.o(.text.eMBFuncReadWriteMultipleHoldingRegister)
    eMBFuncReportSlaveID                     0x080034a9   Thumb Code    38  mbfuncother.o(.text.eMBFuncReportSlaveID)
    eMBFuncWriteCoil                         0x080034d1   Thumb Code    94  mbfunccoils.o(.text.eMBFuncWriteCoil)
    eMBFuncWriteHoldingRegister              0x08003531   Thumb Code    48  mbfuncholding.o(.text.eMBFuncWriteHoldingRegister)
    eMBFuncWriteMultipleCoils                0x08003561   Thumb Code   104  mbfunccoils.o(.text.eMBFuncWriteMultipleCoils)
    eMBFuncWriteMultipleHoldingRegister      0x080035c9   Thumb Code    90  mbfuncholding.o(.text.eMBFuncWriteMultipleHoldingRegister)
    eMBInit                                  0x08003625   Thumb Code   146  mb.o(.text.eMBInit)
    eMBPoll                                  0x080036b9   Thumb Code   268  mb.o(.text.eMBPoll)
    eMBRTUInit                               0x080037c5   Thumb Code    76  mbrtu.o(.text.eMBRTUInit)
    eMBRTUReceive                            0x08003811   Thumb Code   108  mbrtu.o(.text.eMBRTUReceive)
    eMBRTUSend                               0x080038a5   Thumb Code   134  mbrtu.o(.text.eMBRTUSend)
    eMBRTUStart                              0x0800392d   Thumb Code    36  mbrtu.o(.text.eMBRTUStart)
    eMBRegCoilsCB                            0x08003951   Thumb Code     4  rtuhandler.o(.text.eMBRegCoilsCB)
    eMBRegDiscreteCB                         0x08003955   Thumb Code     4  rtuhandler.o(.text.eMBRegDiscreteCB)
    eMBRegHoldingCB                          0x08003959   Thumb Code   152  rtuhandler.o(.text.eMBRegHoldingCB)
    eMBRegInputCB                            0x080039f1   Thumb Code    64  rtuhandler.o(.text.eMBRegInputCB)
    main                                     0x08003a31   Thumb Code   160  main.o(.text.main)
    prveMBError2Exception                    0x08003ad1   Thumb Code    26  mbutils.o(.text.prveMBError2Exception)
    ssd1306_DrawLine                         0x08003b1d   Thumb Code   146  ssd1306.o(.text.ssd1306_DrawLine)
    ssd1306_DrawPixel                        0x08003bb1   Thumb Code    86  ssd1306.o(.text.ssd1306_DrawPixel)
    ssd1306_Fill                             0x08003c09   Thumb Code    28  ssd1306.o(.text.ssd1306_Fill)
    ssd1306_Init                             0x08003c25   Thumb Code   334  ssd1306.o(.text.ssd1306_Init)
    ssd1306_SetCursor                        0x08003d75   Thumb Code    22  ssd1306.o(.text.ssd1306_SetCursor)
    ssd1306_UpdateScreen                     0x08003d8d   Thumb Code    88  ssd1306.o(.text.ssd1306_UpdateScreen)
    ssd1306_WriteChar                        0x08003de5   Thumb Code   168  ssd1306.o(.text.ssd1306_WriteChar)
    ssd1306_WriteString                      0x08003eb5   Thumb Code    56  ssd1306.o(.text.ssd1306_WriteString)
    update_display                           0x08003eed   Thumb Code   114  rtudisplay.o(.text.update_display)
    usMBCRC16                                0x08003f61   Thumb Code    70  mbcrc.o(.text.usMBCRC16)
    vMBPortSerialEnable                      0x08003fa9   Thumb Code    62  portserial.o(.text.vMBPortSerialEnable)
    vMBPortTimersDisable                     0x08003fe9   Thumb Code    18  porttimer.o(.text.vMBPortTimersDisable)
    vMBPortTimersEnable                      0x08003ffd   Thumb Code    30  porttimer.o(.text.vMBPortTimersEnable)
    xMBPortEventGet                          0x0800401d   Thumb Code    40  portevent.o(.text.xMBPortEventGet)
    xMBPortEventInit                         0x08004045   Thumb Code    16  portevent.o(.text.xMBPortEventInit)
    xMBPortEventPost                         0x08004055   Thumb Code    28  portevent.o(.text.xMBPortEventPost)
    xMBPortSerialGetByte                     0x08004071   Thumb Code    34  portserial.o(.text.xMBPortSerialGetByte)
    xMBPortSerialInit                        0x08004095   Thumb Code     4  portserial.o(.text.xMBPortSerialInit)
    xMBPortSerialPutByte                     0x08004099   Thumb Code    34  portserial.o(.text.xMBPortSerialPutByte)
    xMBPortTimersInit                        0x080040bd   Thumb Code    16  porttimer.o(.text.xMBPortTimersInit)
    xMBRTUReceiveFSM                         0x080040cd   Thumb Code   156  mbrtu.o(.text.xMBRTUReceiveFSM)
    xMBRTUTimerT35Expired                    0x08004185   Thumb Code   108  mbrtu.o(.text.xMBRTUTimerT35Expired)
    xMBRTUTransmitFSM                        0x080041f1   Thumb Code   168  mbrtu.o(.text.xMBRTUTransmitFSM)
    _btod_d2e                                0x080042b5   Thumb Code    62  btod.o(CL$$btod_d2e)
    _d2e_denorm_low                          0x080042f3   Thumb Code    70  btod.o(CL$$btod_d2e_denorm_low)
    _d2e_norm_op1                            0x08004339   Thumb Code    96  btod.o(CL$$btod_d2e_norm_op1)
    __btod_div_common                        0x08004399   Thumb Code   696  btod.o(CL$$btod_div_common)
    _e2e                                     0x080046d1   Thumb Code   220  btod.o(CL$$btod_e2e)
    _btod_ediv                               0x080047ad   Thumb Code    42  btod.o(CL$$btod_ediv)
    _btod_emul                               0x080047d7   Thumb Code    42  btod.o(CL$$btod_emul)
    __btod_mult_common                       0x08004801   Thumb Code   580  btod.o(CL$$btod_mult_common)
    __ARM_fpclassify                         0x08004a45   Thumb Code    40  fpclassify.o(i.__ARM_fpclassify)
    _is_digit                                0x08004a6d   Thumb Code    14  __printf_wp.o(i._is_digit)
    _get_lc_numeric                          0x08004a7d   Thumb Code    44  lc_numeric_c.o(locale$$code)
    __aeabi_d2f                              0x08004aa9   Thumb Code     0  d2f.o(x$fpl$d2f)
    _d2f                                     0x08004aa9   Thumb Code    98  d2f.o(x$fpl$d2f)
    __aeabi_dadd                             0x08004b0d   Thumb Code     0  daddsub_clz.o(x$fpl$dadd)
    _dadd                                    0x08004b0d   Thumb Code   332  daddsub_clz.o(x$fpl$dadd)
    __fpl_dnaninf                            0x08004c5d   Thumb Code   156  dnaninf.o(x$fpl$dnaninf)
    __fpl_dretinf                            0x08004cf9   Thumb Code    12  dretinf.o(x$fpl$dretinf)
    __aeabi_dsub                             0x08004d05   Thumb Code     0  daddsub_clz.o(x$fpl$dsub)
    _dsub                                    0x08004d05   Thumb Code   472  daddsub_clz.o(x$fpl$dsub)
    __aeabi_f2d                              0x08004ee1   Thumb Code     0  f2d.o(x$fpl$f2d)
    _f2d                                     0x08004ee1   Thumb Code    86  f2d.o(x$fpl$f2d)
    __aeabi_fadd                             0x08004f39   Thumb Code     0  faddsub_clz.o(x$fpl$fadd)
    _fadd                                    0x08004f39   Thumb Code   196  faddsub_clz.o(x$fpl$fadd)
    __aeabi_fcmpeq                           0x08004ffd   Thumb Code     0  fcmp.o(x$fpl$fcmp)
    _feq                                     0x08004ffd   Thumb Code    14  fcmp.o(x$fpl$fcmp)
    _fneq                                    0x0800500b   Thumb Code    14  fcmp.o(x$fpl$fcmp)
    __aeabi_fcmpgt                           0x08005019   Thumb Code     0  fcmp.o(x$fpl$fcmp)
    _fgr                                     0x08005019   Thumb Code    14  fcmp.o(x$fpl$fcmp)
    __aeabi_fcmpge                           0x08005027   Thumb Code     0  fcmp.o(x$fpl$fcmp)
    _fgeq                                    0x08005027   Thumb Code    14  fcmp.o(x$fpl$fcmp)
    __aeabi_fcmple                           0x08005035   Thumb Code     0  fcmp.o(x$fpl$fcmp)
    _fleq                                    0x08005035   Thumb Code    14  fcmp.o(x$fpl$fcmp)
    __aeabi_fcmplt                           0x08005043   Thumb Code     0  fcmp.o(x$fpl$fcmp)
    _fls                                     0x08005043   Thumb Code    14  fcmp.o(x$fpl$fcmp)
    __fpl_fcmp_Inf                           0x08005051   Thumb Code    24  fcmpi.o(x$fpl$fcmpinf)
    __aeabi_fdiv                             0x08005069   Thumb Code     0  fdiv.o(x$fpl$fdiv)
    _fdiv                                    0x08005069   Thumb Code   384  fdiv.o(x$fpl$fdiv)
    __aeabi_cfcmpeq                          0x080051ed   Thumb Code     0  feqf.o(x$fpl$feqf)
    _fcmpeq                                  0x080051ed   Thumb Code   104  feqf.o(x$fpl$feqf)
    __aeabi_f2iz                             0x08005255   Thumb Code     0  ffix.o(x$fpl$ffix)
    _ffix                                    0x08005255   Thumb Code    54  ffix.o(x$fpl$ffix)
    __aeabi_ui2f                             0x0800528d   Thumb Code     0  fflt_clz.o(x$fpl$ffltu)
    _ffltu                                   0x0800528d   Thumb Code    38  fflt_clz.o(x$fpl$ffltu)
    _fcmpge                                  0x080052b5   Thumb Code   104  fgeqf.o(x$fpl$fgeqf)
    __aeabi_cfcmple                          0x0800531d   Thumb Code     0  fleqf.o(x$fpl$fleqf)
    _fcmple                                  0x0800531d   Thumb Code   104  fleqf.o(x$fpl$fleqf)
    __fpl_fcmple_InfNaN                      0x0800536f   Thumb Code     0  fleqf.o(x$fpl$fleqf)
    __aeabi_fmul                             0x08005385   Thumb Code     0  fmul.o(x$fpl$fmul)
    _fmul                                    0x08005385   Thumb Code   258  fmul.o(x$fpl$fmul)
    __fpl_fnaninf                            0x08005487   Thumb Code   140  fnaninf.o(x$fpl$fnaninf)
    __fpl_fretinf                            0x08005513   Thumb Code    10  fretinf.o(x$fpl$fretinf)
    __aeabi_fsub                             0x0800551d   Thumb Code     0  faddsub_clz.o(x$fpl$fsub)
    _fsub                                    0x0800551d   Thumb Code   234  faddsub_clz.o(x$fpl$fsub)
    _printf_fp_dec                           0x08005607   Thumb Code     4  printf1.o(x$fpl$printf1)
    __I$use$fp                               0x0800560a   Number         0  usenofp.o(x$fpl$usenofp)
    AHBPrescTable                            0x080056a0   Data          16  system_stm32f1xx.o(.rodata.AHBPrescTable)
    APBPrescTable                            0x080056b0   Data           8  system_stm32f1xx.o(.rodata.APBPrescTable)
    Region$$Table$$Base                      0x08007408   Number         0  anon$$obj.o(Region$$Table)
    Region$$Table$$Limit                     0x08007428   Number         0  anon$$obj.o(Region$$Table)
    Font_16x26                               0x20000000   Data           8  fonts.o(.data.Font_16x26)
    Font_7x10                                0x20000008   Data           8  fonts.o(.data.Font_7x10)
    SystemCoreClock                          0x20000010   Data           4  system_stm32f1xx.o(.data.SystemCoreClock)
    uwTickFreq                               0x20000015   Data           1  stm32f1xx_hal.o(.data.uwTickFreq)
    uwTickPrio                               0x20000018   Data           4  stm32f1xx_hal.o(.data.uwTickPrio)
    __libspace_start                         0x200000a0   Data          96  libspace.o(.bss)
    HRBuff                                   0x20000100   Data         180  rtudisplay.o(.bss.HRBuff)
    __temporary_stack_top$libspace           0x20000100   Data           0  libspace.o(.bss)
    Holding_REG_Start                        0x200001b4   Data           2  rtudisplay.o(.bss.Holding_REG_Start)
    SaveEE_flag                              0x200005cc   Data           1  rtuhandler.o(.bss.SaveEE_flag)
    hi2c1                                    0x200005dc   Data          84  i2c.o(.bss.hi2c1)
    htim3                                    0x20000630   Data          72  tim.o(.bss.htim3)
    huart2                                   0x20000678   Data          72  usart.o(.bss.huart2)
    modbusTimer                              0x200006c4   Data           4  mt_port.o(.bss.modbusTimer)
    modbusUart                               0x200006c8   Data           4  mt_port.o(.bss.modbusUart)
    pxMBFrameCBByteReceived                  0x200006d0   Data           4  mb.o(.bss.pxMBFrameCBByteReceived)
    pxMBFrameCBTransmitterEmpty              0x200006d4   Data           4  mb.o(.bss.pxMBFrameCBTransmitterEmpty)
    pxMBPortCBTimerExpired                   0x200006d8   Data           4  mb.o(.bss.pxMBPortCBTimerExpired)
    rxByte                                   0x200006dc   Data           1  portserial.o(.bss.rxByte)
    timerCounter                             0x200006de   Data           2  porttimer.o(.bss.timerCounter)
    timerPeriod                              0x200006e0   Data           2  porttimer.o(.bss.timerPeriod)
    txByte                                   0x200006e2   Data           1  portserial.o(.bss.txByte)
    ucRTUBuf                                 0x20000704   Data         256  mbrtu.o(.bss.ucRTUBuf)
    uwTick                                   0x2000080c   Data           4  stm32f1xx_hal.o(.bss.uwTick)



==============================================================================

Memory Map of the image

  Image Entry point : 0x080000ed

  Load Region LR_IROM1 (Base: 0x08000000, Size: 0x000074e8, Max: 0x00008000, ABSOLUTE)

    Execution Region ER_IROM1 (Exec base: 0x08000000, Load base: 0x08000000, Size: 0x00007444, Max: 0x00008000, ABSOLUTE)

    Exec Addr    Load Addr    Size         Type   Attr      Idx    E Section Name        Object

    0x08000000   0x08000000   0x000000ec   Data   RO            3    RESET               startup_stm32f103x6.o
    0x080000ec   0x080000ec   0x00000008   Code   RO         1573  * !!!main             c_w.l(__main.o)
    0x080000f4   0x080000f4   0x00000034   Code   RO         1861    !!!scatter          c_w.l(__scatter.o)
    0x08000128   0x08000128   0x0000001a   Code   RO         1863    !!handler_copy      c_w.l(__scatter_copy.o)
    0x08000142   0x08000142   0x00000002   PAD
    0x08000144   0x08000144   0x0000001c   Code   RO         1865    !!handler_zi        c_w.l(__scatter_zi.o)
    0x08000160   0x08000160   0x00000000   Code   RO         1560    .ARM.Collect$$_printf_percent$$00000000  c_w.l(_printf_percent.o)
    0x08000160   0x08000160   0x00000006   Code   RO         1559    .ARM.Collect$$_printf_percent$$00000003  c_w.l(_printf_f.o)
    0x08000166   0x08000166   0x00000004   Code   RO         1622    .ARM.Collect$$_printf_percent$$00000017  c_w.l(_printf_percent_end.o)
    0x0800016a   0x0800016a   0x00000002   Code   RO         1743    .ARM.Collect$$libinit$$00000000  c_w.l(libinit.o)
    0x0800016c   0x0800016c   0x00000000   Code   RO         1745    .ARM.Collect$$libinit$$00000002  c_w.l(libinit2.o)
    0x0800016c   0x0800016c   0x00000000   Code   RO         1747    .ARM.Collect$$libinit$$00000004  c_w.l(libinit2.o)
    0x0800016c   0x0800016c   0x00000000   Code   RO         1750    .ARM.Collect$$libinit$$0000000A  c_w.l(libinit2.o)
    0x0800016c   0x0800016c   0x00000000   Code   RO         1752    .ARM.Collect$$libinit$$0000000C  c_w.l(libinit2.o)
    0x0800016c   0x0800016c   0x00000000   Code   RO         1754    .ARM.Collect$$libinit$$0000000E  c_w.l(libinit2.o)
    0x0800016c   0x0800016c   0x00000006   Code   RO         1755    .ARM.Collect$$libinit$$0000000F  c_w.l(libinit2.o)
    0x08000172   0x08000172   0x00000000   Code   RO         1757    .ARM.Collect$$libinit$$00000011  c_w.l(libinit2.o)
    0x08000172   0x08000172   0x00000000   Code   RO         1759    .ARM.Collect$$libinit$$00000013  c_w.l(libinit2.o)
    0x08000172   0x08000172   0x00000000   Code   RO         1761    .ARM.Collect$$libinit$$00000015  c_w.l(libinit2.o)
    0x08000172   0x08000172   0x0000000a   Code   RO         1762    .ARM.Collect$$libinit$$00000016  c_w.l(libinit2.o)
    0x0800017c   0x0800017c   0x00000000   Code   RO         1763    .ARM.Collect$$libinit$$00000017  c_w.l(libinit2.o)
    0x0800017c   0x0800017c   0x00000000   Code   RO         1765    .ARM.Collect$$libinit$$00000019  c_w.l(libinit2.o)
    0x0800017c   0x0800017c   0x00000000   Code   RO         1767    .ARM.Collect$$libinit$$0000001B  c_w.l(libinit2.o)
    0x0800017c   0x0800017c   0x00000000   Code   RO         1769    .ARM.Collect$$libinit$$0000001D  c_w.l(libinit2.o)
    0x0800017c   0x0800017c   0x00000000   Code   RO         1771    .ARM.Collect$$libinit$$0000001F  c_w.l(libinit2.o)
    0x0800017c   0x0800017c   0x00000000   Code   RO         1773    .ARM.Collect$$libinit$$00000021  c_w.l(libinit2.o)
    0x0800017c   0x0800017c   0x00000000   Code   RO         1775    .ARM.Collect$$libinit$$00000023  c_w.l(libinit2.o)
    0x0800017c   0x0800017c   0x00000000   Code   RO         1777    .ARM.Collect$$libinit$$00000025  c_w.l(libinit2.o)
    0x0800017c   0x0800017c   0x00000000   Code   RO         1781    .ARM.Collect$$libinit$$0000002C  c_w.l(libinit2.o)
    0x0800017c   0x0800017c   0x00000000   Code   RO         1783    .ARM.Collect$$libinit$$0000002E  c_w.l(libinit2.o)
    0x0800017c   0x0800017c   0x00000000   Code   RO         1785    .ARM.Collect$$libinit$$00000030  c_w.l(libinit2.o)
    0x0800017c   0x0800017c   0x00000000   Code   RO         1787    .ARM.Collect$$libinit$$00000032  c_w.l(libinit2.o)
    0x0800017c   0x0800017c   0x00000002   Code   RO         1788    .ARM.Collect$$libinit$$00000033  c_w.l(libinit2.o)
    0x0800017e   0x0800017e   0x00000002   Code   RO         1842    .ARM.Collect$$libshutdown$$00000000  c_w.l(libshutdown.o)
    0x08000180   0x08000180   0x00000000   Code   RO         1844    .ARM.Collect$$libshutdown$$00000002  c_w.l(libshutdown2.o)
    0x08000180   0x08000180   0x00000000   Code   RO         1846    .ARM.Collect$$libshutdown$$00000004  c_w.l(libshutdown2.o)
    0x08000180   0x08000180   0x00000000   Code   RO         1849    .ARM.Collect$$libshutdown$$00000007  c_w.l(libshutdown2.o)
    0x08000180   0x08000180   0x00000000   Code   RO         1852    .ARM.Collect$$libshutdown$$0000000A  c_w.l(libshutdown2.o)
    0x08000180   0x08000180   0x00000000   Code   RO         1854    .ARM.Collect$$libshutdown$$0000000C  c_w.l(libshutdown2.o)
    0x08000180   0x08000180   0x00000000   Code   RO         1857    .ARM.Collect$$libshutdown$$0000000F  c_w.l(libshutdown2.o)
    0x08000180   0x08000180   0x00000002   Code   RO         1858    .ARM.Collect$$libshutdown$$00000010  c_w.l(libshutdown2.o)
    0x08000182   0x08000182   0x00000000   Code   RO         1611    .ARM.Collect$$rtentry$$00000000  c_w.l(__rtentry.o)
    0x08000182   0x08000182   0x00000000   Code   RO         1653    .ARM.Collect$$rtentry$$00000002  c_w.l(__rtentry2.o)
    0x08000182   0x08000182   0x00000006   Code   RO         1665    .ARM.Collect$$rtentry$$00000004  c_w.l(__rtentry4.o)
    0x08000188   0x08000188   0x00000000   Code   RO         1655    .ARM.Collect$$rtentry$$00000009  c_w.l(__rtentry2.o)
    0x08000188   0x08000188   0x00000004   Code   RO         1656    .ARM.Collect$$rtentry$$0000000A  c_w.l(__rtentry2.o)
    0x0800018c   0x0800018c   0x00000000   Code   RO         1658    .ARM.Collect$$rtentry$$0000000C  c_w.l(__rtentry2.o)
    0x0800018c   0x0800018c   0x00000008   Code   RO         1659    .ARM.Collect$$rtentry$$0000000D  c_w.l(__rtentry2.o)
    0x08000194   0x08000194   0x00000002   Code   RO         1789    .ARM.Collect$$rtexit$$00000000  c_w.l(rtexit.o)
    0x08000196   0x08000196   0x00000000   Code   RO         1802    .ARM.Collect$$rtexit$$00000002  c_w.l(rtexit2.o)
    0x08000196   0x08000196   0x00000004   Code   RO         1803    .ARM.Collect$$rtexit$$00000003  c_w.l(rtexit2.o)
    0x0800019a   0x0800019a   0x00000006   Code   RO         1804    .ARM.Collect$$rtexit$$00000004  c_w.l(rtexit2.o)
    0x080001a0   0x080001a0   0x00000040   Code   RO            4    .text               startup_stm32f103x6.o
    0x080001e0   0x080001e0   0x00000034   Code   RO         1535    .text               c_w.l(noretval__2snprintf.o)
    0x08000214   0x08000214   0x0000010e   Code   RO         1547    .text               c_w.l(__printf_wp.o)
    0x08000322   0x08000322   0x00000002   PAD
    0x08000324   0x08000324   0x00000080   Code   RO         1561    .text               c_w.l(assert.o)
    0x080003a4   0x080003a4   0x0000003e   Code   RO         1563    .text               c_w.l(strlen.o)
    0x080003e2   0x080003e2   0x0000008a   Code   RO         1565    .text               c_w.l(rt_memcpy_v6.o)
    0x0800046c   0x0800046c   0x00000010   Code   RO         1567    .text               c_w.l(aeabi_memset4.o)
    0x0800047c   0x0800047c   0x0000004e   Code   RO         1569    .text               c_w.l(rt_memclr_w.o)
    0x080004ca   0x080004ca   0x00000006   Code   RO         1571    .text               c_w.l(heapauxi.o)
    0x080004d0   0x080004d0   0x0000041c   Code   RO         1612    .text               c_w.l(_printf_fp_dec.o)
    0x080008ec   0x080008ec   0x00000030   Code   RO         1616    .text               c_w.l(_printf_char_common.o)
    0x0800091c   0x0800091c   0x0000000a   Code   RO         1618    .text               c_w.l(_sputc.o)
    0x08000926   0x08000926   0x00000010   Code   RO         1620    .text               c_w.l(_snputc.o)
    0x08000936   0x08000936   0x00000016   Code   RO         1623    .text               c_w.l(abort.o)
    0x0800094c   0x0800094c   0x00000014   Code   RO         1625    .text               c_w.l(assert_puts.o)
    0x08000960   0x08000960   0x00000064   Code   RO         1627    .text               c_w.l(rt_memcpy_w.o)
    0x080009c4   0x080009c4   0x0000000e   Code   RO         1644    .text               c_w.l(sys_wrch.o)
    0x080009d2   0x080009d2   0x00000002   PAD
    0x080009d4   0x080009d4   0x0000000c   Code   RO         1646    .text               c_w.l(sys_exit.o)
    0x080009e0   0x080009e0   0x00000008   Code   RO         1670    .text               c_w.l(rt_locale_intlibspace.o)
    0x080009e8   0x080009e8   0x0000008a   Code   RO         1672    .text               c_w.l(lludiv10.o)
    0x08000a72   0x08000a72   0x00000002   PAD
    0x08000a74   0x08000a74   0x00000080   Code   RO         1674    .text               c_w.l(_printf_fp_infnan.o)
    0x08000af4   0x08000af4   0x000000e4   Code   RO         1678    .text               c_w.l(bigflt0.o)
    0x08000bd8   0x08000bd8   0x0000000e   Code   RO         1708    .text               c_w.l(defsig_abrt_outer.o)
    0x08000be6   0x08000be6   0x00000002   PAD
    0x08000be8   0x08000be8   0x00000008   Code   RO         1718    .text               c_w.l(libspace.o)
    0x08000bf0   0x08000bf0   0x00000002   Code   RO         1721    .text               c_w.l(use_no_semi.o)
    0x08000bf2   0x08000bf2   0x00000000   Code   RO         1723    .text               c_w.l(indicate_semi.o)
    0x08000bf2   0x08000bf2   0x0000004a   Code   RO         1724    .text               c_w.l(sys_stackheap_outer.o)
    0x08000c3c   0x08000c3c   0x00000012   Code   RO         1730    .text               c_w.l(exit.o)
    0x08000c4e   0x08000c4e   0x0000000a   Code   RO         1732    .text               c_w.l(defsig_exit.o)
    0x08000c58   0x08000c58   0x00000030   Code   RO         1734    .text               c_w.l(defsig_abrt_inner.o)
    0x08000c88   0x08000c88   0x00000080   Code   RO         1736    .text               c_w.l(strcmpv7m.o)
    0x08000d08   0x08000d08   0x00000032   Code   RO         1795    .text               c_w.l(defsig_general.o)
    0x08000d3a   0x08000d3a   0x00000002   PAD
    0x08000d3c   0x08000d3c   0x00000002   Code   RO           86    .text.BusFault_Handler  stm32f1xx_it.o
    0x08000d3e   0x08000d3e   0x00000002   PAD
    0x08000d40   0x08000d40   0x00000002   Code   RO           92    .text.DebugMon_Handler  stm32f1xx_it.o
    0x08000d42   0x08000d42   0x00000002   PAD
    0x08000d44   0x08000d44   0x00000016   Code   RO         1252    .text.EnterCriticalSection  mt_port.o
    0x08000d5a   0x08000d5a   0x00000002   PAD
    0x08000d5c   0x08000d5c   0x0000000a   Code   RO           15    .text.Error_Handler  main.o
    0x08000d66   0x08000d66   0x00000002   PAD
    0x08000d68   0x08000d68   0x00000016   Code   RO         1254    .text.ExitCriticalSection  mt_port.o
    0x08000d7e   0x08000d7e   0x00000002   PAD
    0x08000d80   0x08000d80   0x00000040   Code   RO          451    .text.HAL_DMA_Abort  stm32f1xx_hal_dma.o
    0x08000dc0   0x08000dc0   0x000000ae   Code   RO          453    .text.HAL_DMA_Abort_IT  stm32f1xx_hal_dma.o
    0x08000e6e   0x08000e6e   0x00000002   PAD
    0x08000e70   0x08000e70   0x00000028   Code   RO          324    .text.HAL_Delay     stm32f1xx_hal.o
    0x08000e98   0x08000e98   0x000001ec   Code   RO          417    .text.HAL_GPIO_Init  stm32f1xx_hal_gpio.o
    0x08001084   0x08001084   0x0000000a   Code   RO          421    .text.HAL_GPIO_ReadPin  stm32f1xx_hal_gpio.o
    0x0800108e   0x0800108e   0x00000002   PAD
    0x08001090   0x08001090   0x00000010   Code   RO          425    .text.HAL_GPIO_TogglePin  stm32f1xx_hal_gpio.o
    0x080010a0   0x080010a0   0x0000000a   Code   RO          423    .text.HAL_GPIO_WritePin  stm32f1xx_hal_gpio.o
    0x080010aa   0x080010aa   0x00000002   PAD
    0x080010ac   0x080010ac   0x0000000c   Code   RO          316    .text.HAL_GetTick   stm32f1xx_hal.o
    0x080010b8   0x080010b8   0x00000198   Code   RO          132    .text.HAL_I2C_Init  stm32f1xx_hal_i2c.o
    0x08001250   0x08001250   0x0000012a   Code   RO          182    .text.HAL_I2C_Mem_Write  stm32f1xx_hal_i2c.o
    0x0800137a   0x0800137a   0x00000002   PAD
    0x0800137c   0x0800137c   0x00000068   Code   RO           37    .text.HAL_I2C_MspInit  i2c.o
    0x080013e4   0x080013e4   0x0000001a   Code   RO          314    .text.HAL_IncTick   stm32f1xx_hal.o
    0x080013fe   0x080013fe   0x00000002   PAD
    0x08001400   0x08001400   0x00000026   Code   RO          304    .text.HAL_Init      stm32f1xx_hal.o
    0x08001426   0x08001426   0x00000002   PAD
    0x08001428   0x08001428   0x00000050   Code   RO          306    .text.HAL_InitTick  stm32f1xx_hal.o
    0x08001478   0x08001478   0x00000042   Code   RO          109    .text.HAL_MspInit   stm32f1xx_hal_msp.o
    0x080014ba   0x080014ba   0x00000002   PAD
    0x080014bc   0x080014bc   0x00000008   Code   RO          487    .text.HAL_NVIC_EnableIRQ  stm32f1xx_hal_cortex.o
    0x080014c4   0x080014c4   0x0000001e   Code   RO          479    .text.HAL_NVIC_SetPriority  stm32f1xx_hal_cortex.o
    0x080014e2   0x080014e2   0x00000002   PAD
    0x080014e4   0x080014e4   0x00000008   Code   RO          475    .text.HAL_NVIC_SetPriorityGrouping  stm32f1xx_hal_cortex.o
    0x080014ec   0x080014ec   0x00000174   Code   RO          371    .text.HAL_RCC_ClockConfig  stm32f1xx_hal_rcc.o
    0x08001660   0x08001660   0x0000000c   Code   RO          381    .text.HAL_RCC_GetHCLKFreq  stm32f1xx_hal_rcc.o
    0x0800166c   0x0800166c   0x00000022   Code   RO          383    .text.HAL_RCC_GetPCLK1Freq  stm32f1xx_hal_rcc.o
    0x0800168e   0x0800168e   0x00000002   PAD
    0x08001690   0x08001690   0x00000022   Code   RO          385    .text.HAL_RCC_GetPCLK2Freq  stm32f1xx_hal_rcc.o
    0x080016b2   0x080016b2   0x00000002   PAD
    0x080016b4   0x080016b4   0x00000060   Code   RO          373    .text.HAL_RCC_GetSysClockFreq  stm32f1xx_hal_rcc.o
    0x08001714   0x08001714   0x0000030c   Code   RO          367    .text.HAL_RCC_OscConfig  stm32f1xx_hal_rcc.o
    0x08001a20   0x08001a20   0x00000008   Code   RO          499    .text.HAL_SYSTICK_Config  stm32f1xx_hal_cortex.o
    0x08001a28   0x08001a28   0x00000002   Code   RO         1012    .text.HAL_TIMEx_BreakCallback  stm32f1xx_hal_tim_ex.o
    0x08001a2a   0x08001a2a   0x00000002   PAD
    0x08001a2c   0x08001a2c   0x00000002   Code   RO         1008    .text.HAL_TIMEx_CommutCallback  stm32f1xx_hal_tim_ex.o
    0x08001a2e   0x08001a2e   0x00000002   PAD
    0x08001a30   0x08001a30   0x00000064   Code   RO         1002    .text.HAL_TIMEx_MasterConfigSynchronization  stm32f1xx_hal_tim_ex.o
    0x08001a94   0x08001a94   0x0000005a   Code   RO          688    .text.HAL_TIM_Base_Init  stm32f1xx_hal_tim.o
    0x08001aee   0x08001aee   0x00000002   PAD
    0x08001af0   0x08001af0   0x00000044   Code   RO           52    .text.HAL_TIM_Base_MspInit  tim.o
    0x08001b34   0x08001b34   0x00000054   Code   RO          702    .text.HAL_TIM_Base_Start_IT  stm32f1xx_hal_tim.o
    0x08001b88   0x08001b88   0x00000032   Code   RO          704    .text.HAL_TIM_Base_Stop_IT  stm32f1xx_hal_tim.o
    0x08001bba   0x08001bba   0x00000002   PAD
    0x08001bbc   0x08001bbc   0x000000de   Code   RO          880    .text.HAL_TIM_ConfigClockSource  stm32f1xx_hal_tim.o
    0x08001c9a   0x08001c9a   0x00000002   PAD
    0x08001c9c   0x08001c9c   0x00000002   Code   RO          824    .text.HAL_TIM_IC_CaptureCallback  stm32f1xx_hal_tim.o
    0x08001c9e   0x08001c9e   0x00000002   PAD
    0x08001ca0   0x08001ca0   0x0000016a   Code   RO          822    .text.HAL_TIM_IRQHandler  stm32f1xx_hal_tim.o
    0x08001e0a   0x08001e0a   0x00000002   PAD
    0x08001e0c   0x08001e0c   0x00000002   Code   RO          826    .text.HAL_TIM_OC_DelayElapsedCallback  stm32f1xx_hal_tim.o
    0x08001e0e   0x08001e0e   0x00000002   PAD
    0x08001e10   0x08001e10   0x00000002   Code   RO          828    .text.HAL_TIM_PWM_PulseFinishedCallback  stm32f1xx_hal_tim.o
    0x08001e12   0x08001e12   0x00000002   PAD
    0x08001e14   0x08001e14   0x0000003a   Code   RO         1318    .text.HAL_TIM_PeriodElapsedCallback  porttimer.o
    0x08001e4e   0x08001e4e   0x00000002   PAD
    0x08001e50   0x08001e50   0x00000002   Code   RO          832    .text.HAL_TIM_TriggerCallback  stm32f1xx_hal_tim.o
    0x08001e52   0x08001e52   0x00000002   PAD
    0x08001e54   0x08001e54   0x00000002   Code   RO         1118    .text.HAL_UARTEx_RxEventCallback  stm32f1xx_hal_uart.o
    0x08001e56   0x08001e56   0x00000002   PAD
    0x08001e58   0x08001e58   0x00000002   Code   RO         1108    .text.HAL_UART_AbortReceiveCpltCallback  stm32f1xx_hal_uart.o
    0x08001e5a   0x08001e5a   0x00000002   PAD
    0x08001e5c   0x08001e5c   0x000000b2   Code   RO         1104    .text.HAL_UART_AbortReceive_IT  stm32f1xx_hal_uart.o
    0x08001f0e   0x08001f0e   0x00000002   PAD
    0x08001f10   0x08001f10   0x00000002   Code   RO         1102    .text.HAL_UART_AbortTransmitCpltCallback  stm32f1xx_hal_uart.o
    0x08001f12   0x08001f12   0x00000002   PAD
    0x08001f14   0x08001f14   0x0000007c   Code   RO         1098    .text.HAL_UART_AbortTransmit_IT  stm32f1xx_hal_uart.o
    0x08001f90   0x08001f90   0x00000002   Code   RO         1116    .text.HAL_UART_ErrorCallback  stm32f1xx_hal_uart.o
    0x08001f92   0x08001f92   0x00000002   PAD
    0x08001f94   0x08001f94   0x00000242   Code   RO         1110    .text.HAL_UART_IRQHandler  stm32f1xx_hal_uart.o
    0x080021d6   0x080021d6   0x00000002   PAD
    0x080021d8   0x080021d8   0x00000060   Code   RO         1026    .text.HAL_UART_Init  stm32f1xx_hal_uart.o
    0x08002238   0x08002238   0x0000009a   Code   RO           67    .text.HAL_UART_MspInit  usart.o
    0x080022d2   0x080022d2   0x00000002   PAD
    0x080022d4   0x080022d4   0x0000002a   Code   RO         1050    .text.HAL_UART_Receive_IT  stm32f1xx_hal_uart.o
    0x080022fe   0x080022fe   0x00000002   PAD
    0x08002300   0x08002300   0x0000001a   Code   RO         1298    .text.HAL_UART_RxCpltCallback  portserial.o
    0x0800231a   0x0800231a   0x00000002   PAD
    0x0800231c   0x0800231c   0x00000038   Code   RO         1048    .text.HAL_UART_Transmit_IT  stm32f1xx_hal_uart.o
    0x08002354   0x08002354   0x0000001a   Code   RO         1296    .text.HAL_UART_TxCpltCallback  portserial.o
    0x0800236e   0x0800236e   0x00000002   PAD
    0x08002370   0x08002370   0x00000002   Code   RO           82    .text.HardFault_Handler  stm32f1xx_it.o
    0x08002372   0x08002372   0x00000002   PAD
    0x08002374   0x08002374   0x00000030   Code   RO          294    .text.I2C_IsAcknowledgeFailed  stm32f1xx_hal_i2c.o
    0x080023a4   0x080023a4   0x000000c0   Code   RO          184    .text.I2C_RequestMemoryWrite  stm32f1xx_hal_i2c.o
    0x08002464   0x08002464   0x0000006a   Code   RO          148    .text.I2C_WaitOnBTFFlagUntilTimeout  stm32f1xx_hal_i2c.o
    0x080024ce   0x080024ce   0x00000002   PAD
    0x080024d0   0x080024d0   0x00000094   Code   RO          142    .text.I2C_WaitOnFlagUntilTimeout  stm32f1xx_hal_i2c.o
    0x08002564   0x08002564   0x00000096   Code   RO          292    .text.I2C_WaitOnMasterAddressFlagUntilTimeout  stm32f1xx_hal_i2c.o
    0x080025fa   0x080025fa   0x00000002   PAD
    0x080025fc   0x080025fc   0x0000006a   Code   RO          146    .text.I2C_WaitOnTXEFlagUntilTimeout  stm32f1xx_hal_i2c.o
    0x08002666   0x08002666   0x00000002   PAD
    0x08002668   0x08002668   0x0000000c   Code   RO         1256    .text.MT_PORT_SetTimerModule  mt_port.o
    0x08002674   0x08002674   0x0000000c   Code   RO         1258    .text.MT_PORT_SetUartModule  mt_port.o
    0x08002680   0x08002680   0x000000c8   Code   RO           26    .text.MX_GPIO_Init  gpio.o
    0x08002748   0x08002748   0x0000003e   Code   RO           35    .text.MX_I2C1_Init  i2c.o
    0x08002786   0x08002786   0x00000002   PAD
    0x08002788   0x08002788   0x0000007c   Code   RO           50    .text.MX_TIM3_Init  tim.o
    0x08002804   0x08002804   0x00000038   Code   RO           65    .text.MX_USART2_UART_Init  usart.o
    0x0800283c   0x0800283c   0x00000002   Code   RO           84    .text.MemManage_Handler  stm32f1xx_it.o
    0x0800283e   0x0800283e   0x00000002   PAD
    0x08002840   0x08002840   0x000001e6   Code   RO         1505    .text.MenuDensity_ctrl  rtudisplay.o
    0x08002a26   0x08002a26   0x00000002   PAD
    0x08002a28   0x08002a28   0x000000ce   Code   RO         1507    .text.MenuDensity_view  rtudisplay.o
    0x08002af6   0x08002af6   0x00000002   PAD
    0x08002af8   0x08002af8   0x0000003c   Code   RO         1407    .text.ModbusRtuInit  rtuhandler.o
    0x08002b34   0x08002b34   0x00000002   Code   RO           80    .text.NMI_Handler   stm32f1xx_it.o
    0x08002b36   0x08002b36   0x00000002   PAD
    0x08002b38   0x08002b38   0x0000002c   Code   RO          485    .text.NVIC_EncodePriority  stm32f1xx_hal_cortex.o
    0x08002b64   0x08002b64   0x00000138   Code   RO         1503    .text.OnlineValue_view  rtudisplay.o
    0x08002c9c   0x08002c9c   0x00000002   Code   RO           94    .text.PendSV_Handler  stm32f1xx_it.o
    0x08002c9e   0x08002c9e   0x00000002   PAD
    0x08002ca0   0x08002ca0   0x0000002c   Code   RO          369    .text.RCC_Delay     stm32f1xx_hal_rcc.o
    0x08002ccc   0x08002ccc   0x00000002   Code   RO           90    .text.SVC_Handler   stm32f1xx_it.o
    0x08002cce   0x08002cce   0x00000002   PAD
    0x08002cd0   0x08002cd0   0x0000002e   Code   RO          501    .text.SysTick_Config  stm32f1xx_hal_cortex.o
    0x08002cfe   0x08002cfe   0x00000002   PAD
    0x08002d00   0x08002d00   0x00000008   Code   RO           96    .text.SysTick_Handler  stm32f1xx_it.o
    0x08002d08   0x08002d08   0x00000060   Code   RO           13    .text.SystemClock_Config  main.o
    0x08002d68   0x08002d68   0x00000002   Code   RO         1158    .text.SystemInit    system_stm32f1xx.o
    0x08002d6a   0x08002d6a   0x00000002   PAD
    0x08002d6c   0x08002d6c   0x00000010   Code   RO           98    .text.TIM3_IRQHandler  stm32f1xx_it.o
    0x08002d7c   0x08002d7c   0x00000072   Code   RO          692    .text.TIM_Base_SetConfig  stm32f1xx_hal_tim.o
    0x08002dee   0x08002dee   0x00000002   PAD
    0x08002df0   0x08002df0   0x00000016   Code   RO          878    .text.TIM_ETR_SetConfig  stm32f1xx_hal_tim.o
    0x08002e06   0x08002e06   0x00000002   PAD
    0x08002e08   0x08002e08   0x00000010   Code   RO          884    .text.TIM_ITRx_SetConfig  stm32f1xx_hal_tim.o
    0x08002e18   0x08002e18   0x00000022   Code   RO          882    .text.TIM_TI1_ConfigInputStage  stm32f1xx_hal_tim.o
    0x08002e3a   0x08002e3a   0x00000002   PAD
    0x08002e3c   0x08002e3c   0x00000024   Code   RO          886    .text.TIM_TI2_ConfigInputStage  stm32f1xx_hal_tim.o
    0x08002e60   0x08002e60   0x00000010   Code   RO         1114    .text.UART_DMAAbortOnError  stm32f1xx_hal_uart.o
    0x08002e70   0x08002e70   0x00000016   Code   RO         1106    .text.UART_DMARxOnlyAbortCallback  stm32f1xx_hal_uart.o
    0x08002e86   0x08002e86   0x00000002   PAD
    0x08002e88   0x08002e88   0x00000014   Code   RO         1100    .text.UART_DMATxOnlyAbortCallback  stm32f1xx_hal_uart.o
    0x08002e9c   0x08002e9c   0x00000050   Code   RO         1074    .text.UART_EndRxTransfer  stm32f1xx_hal_uart.o
    0x08002eec   0x08002eec   0x00000018   Code   RO         1122    .text.UART_EndTransmit_IT  stm32f1xx_hal_uart.o
    0x08002f04   0x08002f04   0x000000c8   Code   RO         1112    .text.UART_Receive_IT  stm32f1xx_hal_uart.o
    0x08002fcc   0x08002fcc   0x0000008e   Code   RO         1030    .text.UART_SetConfig  stm32f1xx_hal_uart.o
    0x0800305a   0x0800305a   0x00000002   PAD
    0x0800305c   0x0800305c   0x00000034   Code   RO         1052    .text.UART_Start_Receive_IT  stm32f1xx_hal_uart.o
    0x08003090   0x08003090   0x00000052   Code   RO         1120    .text.UART_Transmit_IT  stm32f1xx_hal_uart.o
    0x080030e2   0x080030e2   0x00000002   PAD
    0x080030e4   0x080030e4   0x00000010   Code   RO          100    .text.USART2_IRQHandler  stm32f1xx_it.o
    0x080030f4   0x080030f4   0x00000002   Code   RO           88    .text.UsageFault_Handler  stm32f1xx_it.o
    0x080030f6   0x080030f6   0x00000002   PAD
    0x080030f8   0x080030f8   0x00000020   Code   RO          489    .text.__NVIC_EnableIRQ  stm32f1xx_hal_cortex.o
    0x08003118   0x08003118   0x00000010   Code   RO          481    .text.__NVIC_GetPriorityGrouping  stm32f1xx_hal_cortex.o
    0x08003128   0x08003128   0x00000022   Code   RO          483    .text.__NVIC_SetPriority  stm32f1xx_hal_cortex.o
    0x0800314a   0x0800314a   0x00000002   PAD
    0x0800314c   0x0800314c   0x00000020   Code   RO          477    .text.__NVIC_SetPriorityGrouping  stm32f1xx_hal_cortex.o
    0x0800316c   0x0800316c   0x0000002a   Code   RO         1499    .text.buzzer_beep   rtudisplay.o
    0x08003196   0x08003196   0x00000002   PAD
    0x08003198   0x08003198   0x00000048   Code   RO         1511    .text.draw_down_arrow  rtudisplay.o
    0x080031e0   0x080031e0   0x00000040   Code   RO         1509    .text.draw_up_arrow  rtudisplay.o
    0x08003220   0x08003220   0x0000001e   Code   RO         1380    .text.eMBEnable     mb.o
    0x0800323e   0x0800323e   0x00000002   PAD
    0x08003240   0x08003240   0x00000074   Code   RO         1175    .text.eMBFuncReadCoils  mbfunccoils.o
    0x080032b4   0x080032b4   0x00000072   Code   RO         1190    .text.eMBFuncReadDiscreteInputs  mbfuncdisc.o
    0x08003326   0x08003326   0x00000002   PAD
    0x08003328   0x08003328   0x00000062   Code   RO         1203    .text.eMBFuncReadHoldingRegister  mbfuncholding.o
    0x0800338a   0x0800338a   0x00000002   PAD
    0x0800338c   0x0800338c   0x00000062   Code   RO         1215    .text.eMBFuncReadInputRegister  mbfuncinput.o
    0x080033ee   0x080033ee   0x00000002   PAD
    0x080033f0   0x080033f0   0x000000b6   Code   RO         1205    .text.eMBFuncReadWriteMultipleHoldingRegister  mbfuncholding.o
    0x080034a6   0x080034a6   0x00000002   PAD
    0x080034a8   0x080034a8   0x00000026   Code   RO         1226    .text.eMBFuncReportSlaveID  mbfuncother.o
    0x080034ce   0x080034ce   0x00000002   PAD
    0x080034d0   0x080034d0   0x0000005e   Code   RO         1177    .text.eMBFuncWriteCoil  mbfunccoils.o
    0x0800352e   0x0800352e   0x00000002   PAD
    0x08003530   0x08003530   0x00000030   Code   RO         1199    .text.eMBFuncWriteHoldingRegister  mbfuncholding.o
    0x08003560   0x08003560   0x00000068   Code   RO         1179    .text.eMBFuncWriteMultipleCoils  mbfunccoils.o
    0x080035c8   0x080035c8   0x0000005a   Code   RO         1201    .text.eMBFuncWriteMultipleHoldingRegister  mbfuncholding.o
    0x08003622   0x08003622   0x00000002   PAD
    0x08003624   0x08003624   0x00000092   Code   RO         1374    .text.eMBInit       mb.o
    0x080036b6   0x080036b6   0x00000002   PAD
    0x080036b8   0x080036b8   0x0000010c   Code   RO         1384    .text.eMBPoll       mb.o
    0x080037c4   0x080037c4   0x0000004c   Code   RO         1343    .text.eMBRTUInit    mbrtu.o
    0x08003810   0x08003810   0x00000094   Code   RO         1349    .text.eMBRTUReceive  mbrtu.o
    0x080038a4   0x080038a4   0x00000086   Code   RO         1351    .text.eMBRTUSend    mbrtu.o
    0x0800392a   0x0800392a   0x00000002   PAD
    0x0800392c   0x0800392c   0x00000024   Code   RO         1345    .text.eMBRTUStart   mbrtu.o
    0x08003950   0x08003950   0x00000004   Code   RO         1413    .text.eMBRegCoilsCB  rtuhandler.o
    0x08003954   0x08003954   0x00000004   Code   RO         1415    .text.eMBRegDiscreteCB  rtuhandler.o
    0x08003958   0x08003958   0x00000098   Code   RO         1411    .text.eMBRegHoldingCB  rtuhandler.o
    0x080039f0   0x080039f0   0x00000040   Code   RO         1409    .text.eMBRegInputCB  rtuhandler.o
    0x08003a30   0x08003a30   0x000000a0   Code   RO           11    .text.main          main.o
    0x08003ad0   0x08003ad0   0x0000001a   Code   RO         1242    .text.prveMBError2Exception  mbutils.o
    0x08003aea   0x08003aea   0x00000002   PAD
    0x08003aec   0x08003aec   0x00000010   Code   RO         1320    .text.prvvTIMERExpiredISR  porttimer.o
    0x08003afc   0x08003afc   0x00000010   Code   RO         1300    .text.prvvUARTRxISR  portserial.o
    0x08003b0c   0x08003b0c   0x00000010   Code   RO         1288    .text.prvvUARTTxReadyISR  portserial.o
    0x08003b1c   0x08003b1c   0x00000092   Code   RO         1473    .text.ssd1306_DrawLine  ssd1306.o
    0x08003bae   0x08003bae   0x00000002   PAD
    0x08003bb0   0x08003bb0   0x00000056   Code   RO         1471    .text.ssd1306_DrawPixel  ssd1306.o
    0x08003c06   0x08003c06   0x00000002   PAD
    0x08003c08   0x08003c08   0x0000001c   Code   RO         1465    .text.ssd1306_Fill  ssd1306.o
    0x08003c24   0x08003c24   0x0000014e   Code   RO         1461    .text.ssd1306_Init  ssd1306.o
    0x08003d72   0x08003d72   0x00000002   PAD
    0x08003d74   0x08003d74   0x00000016   Code   RO         1485    .text.ssd1306_SetCursor  ssd1306.o
    0x08003d8a   0x08003d8a   0x00000002   PAD
    0x08003d8c   0x08003d8c   0x00000058   Code   RO         1467    .text.ssd1306_UpdateScreen  ssd1306.o
    0x08003de4   0x08003de4   0x000000a8   Code   RO         1479    .text.ssd1306_WriteChar  ssd1306.o
    0x08003e8c   0x08003e8c   0x00000028   Code   RO         1463    .text.ssd1306_WriteCommand  ssd1306.o
    0x08003eb4   0x08003eb4   0x00000038   Code   RO         1481    .text.ssd1306_WriteString  ssd1306.o
    0x08003eec   0x08003eec   0x00000072   Code   RO         1501    .text.update_display  rtudisplay.o
    0x08003f5e   0x08003f5e   0x00000002   PAD
    0x08003f60   0x08003f60   0x00000046   Code   RO         1332    .text.usMBCRC16     mbcrc.o
    0x08003fa6   0x08003fa6   0x00000002   PAD
    0x08003fa8   0x08003fa8   0x0000003e   Code   RO         1286    .text.vMBPortSerialEnable  portserial.o
    0x08003fe6   0x08003fe6   0x00000002   PAD
    0x08003fe8   0x08003fe8   0x00000012   Code   RO         1316    .text.vMBPortTimersDisable  porttimer.o
    0x08003ffa   0x08003ffa   0x00000002   PAD
    0x08003ffc   0x08003ffc   0x0000001e   Code   RO         1314    .text.vMBPortTimersEnable  porttimer.o
    0x0800401a   0x0800401a   0x00000002   PAD
    0x0800401c   0x0800401c   0x00000028   Code   RO         1274    .text.xMBPortEventGet  portevent.o
    0x08004044   0x08004044   0x00000010   Code   RO         1270    .text.xMBPortEventInit  portevent.o
    0x08004054   0x08004054   0x0000001c   Code   RO         1272    .text.xMBPortEventPost  portevent.o
    0x08004070   0x08004070   0x00000022   Code   RO         1294    .text.xMBPortSerialGetByte  portserial.o
    0x08004092   0x08004092   0x00000002   PAD
    0x08004094   0x08004094   0x00000004   Code   RO         1290    .text.xMBPortSerialInit  portserial.o
    0x08004098   0x08004098   0x00000022   Code   RO         1292    .text.xMBPortSerialPutByte  portserial.o
    0x080040ba   0x080040ba   0x00000002   PAD
    0x080040bc   0x080040bc   0x00000010   Code   RO         1312    .text.xMBPortTimersInit  porttimer.o
    0x080040cc   0x080040cc   0x000000b8   Code   RO         1353    .text.xMBRTUReceiveFSM  mbrtu.o
    0x08004184   0x08004184   0x0000006c   Code   RO         1357    .text.xMBRTUTimerT35Expired  mbrtu.o
    0x080041f0   0x080041f0   0x000000c4   Code   RO         1355    .text.xMBRTUTransmitFSM  mbrtu.o
    0x080042b4   0x080042b4   0x0000003e   Code   RO         1681    CL$$btod_d2e        c_w.l(btod.o)
    0x080042f2   0x080042f2   0x00000046   Code   RO         1683    CL$$btod_d2e_denorm_low  c_w.l(btod.o)
    0x08004338   0x08004338   0x00000060   Code   RO         1682    CL$$btod_d2e_norm_op1  c_w.l(btod.o)
    0x08004398   0x08004398   0x00000338   Code   RO         1691    CL$$btod_div_common  c_w.l(btod.o)
    0x080046d0   0x080046d0   0x000000dc   Code   RO         1688    CL$$btod_e2e        c_w.l(btod.o)
    0x080047ac   0x080047ac   0x0000002a   Code   RO         1685    CL$$btod_ediv       c_w.l(btod.o)
    0x080047d6   0x080047d6   0x0000002a   Code   RO         1684    CL$$btod_emul       c_w.l(btod.o)
    0x08004800   0x08004800   0x00000244   Code   RO         1690    CL$$btod_mult_common  c_w.l(btod.o)
    0x08004a44   0x08004a44   0x00000028   Code   RO         1716    i.__ARM_fpclassify  m_ws.l(fpclassify.o)
    0x08004a6c   0x08004a6c   0x0000000e   Code   RO         1549    i._is_digit         c_w.l(__printf_wp.o)
    0x08004a7a   0x08004a7a   0x00000002   PAD
    0x08004a7c   0x08004a7c   0x0000002c   Code   RO         1706    locale$$code        c_w.l(lc_numeric_c.o)
    0x08004aa8   0x08004aa8   0x00000062   Code   RO         1575    x$fpl$d2f           fz_ws.l(d2f.o)
    0x08004b0a   0x08004b0a   0x00000002   PAD
    0x08004b0c   0x08004b0c   0x00000150   Code   RO         1577    x$fpl$dadd          fz_ws.l(daddsub_clz.o)
    0x08004c5c   0x08004c5c   0x0000009c   Code   RO         1629    x$fpl$dnaninf       fz_ws.l(dnaninf.o)
    0x08004cf8   0x08004cf8   0x0000000c   Code   RO         1631    x$fpl$dretinf       fz_ws.l(dretinf.o)
    0x08004d04   0x08004d04   0x000001dc   Code   RO         1579    x$fpl$dsub          fz_ws.l(daddsub_clz.o)
    0x08004ee0   0x08004ee0   0x00000056   Code   RO         1583    x$fpl$f2d           fz_ws.l(f2d.o)
    0x08004f36   0x08004f36   0x00000002   PAD
    0x08004f38   0x08004f38   0x000000c4   Code   RO         1585    x$fpl$fadd          fz_ws.l(faddsub_clz.o)
    0x08004ffc   0x08004ffc   0x00000054   Code   RO         1591    x$fpl$fcmp          fz_ws.l(fcmp.o)
    0x08005050   0x08005050   0x00000018   Code   RO         1712    x$fpl$fcmpinf       fz_ws.l(fcmpi.o)
    0x08005068   0x08005068   0x00000184   Code   RO         1594    x$fpl$fdiv          fz_ws.l(fdiv.o)
    0x080051ec   0x080051ec   0x00000068   Code   RO         1633    x$fpl$feqf          fz_ws.l(feqf.o)
    0x08005254   0x08005254   0x00000036   Code   RO         1597    x$fpl$ffix          fz_ws.l(ffix.o)
    0x0800528a   0x0800528a   0x00000002   PAD
    0x0800528c   0x0800528c   0x00000026   Code   RO         1601    x$fpl$ffltu         fz_ws.l(fflt_clz.o)
    0x080052b2   0x080052b2   0x00000002   PAD
    0x080052b4   0x080052b4   0x00000068   Code   RO         1635    x$fpl$fgeqf         fz_ws.l(fgeqf.o)
    0x0800531c   0x0800531c   0x00000068   Code   RO         1637    x$fpl$fleqf         fz_ws.l(fleqf.o)
    0x08005384   0x08005384   0x00000102   Code   RO         1607    x$fpl$fmul          fz_ws.l(fmul.o)
    0x08005486   0x08005486   0x0000008c   Code   RO         1639    x$fpl$fnaninf       fz_ws.l(fnaninf.o)
    0x08005512   0x08005512   0x0000000a   Code   RO         1641    x$fpl$fretinf       fz_ws.l(fretinf.o)
    0x0800551c   0x0800551c   0x000000ea   Code   RO         1587    x$fpl$fsub          fz_ws.l(faddsub_clz.o)
    0x08005606   0x08005606   0x00000004   Code   RO         1609    x$fpl$printf1       fz_ws.l(printf1.o)
    0x0800560a   0x0800560a   0x00000000   Code   RO         1643    x$fpl$usenofp       fz_ws.l(usenofp.o)
    0x0800560a   0x0800560a   0x00000002   PAD
    0x0800560c   0x0800560c   0x00000094   Data   RO         1679    .constdata          c_w.l(bigflt0.o)
    0x080056a0   0x080056a0   0x00000010   Data   RO         1163    .rodata.AHBPrescTable  system_stm32f1xx.o
    0x080056b0   0x080056b0   0x00000008   Data   RO         1164    .rodata.APBPrescTable  system_stm32f1xx.o
    0x080056b8   0x080056b8   0x0000134c   Data   RO         1455    .rodata.Font16x26   fonts.o
    0x08006a04   0x08006a04   0x0000076c   Data   RO         1450    .rodata.Font7x10    fonts.o
    0x08007170   0x08007170   0x00000100   Data   RO         1334    .rodata.aucCRCHi    mbcrc.o
    0x08007270   0x08007270   0x00000100   Data   RO         1335    .rodata.aucCRCLo    mbcrc.o
    0x08007370   0x08007370   0x00000010   Data   RO         1418    .rodata.cst16       rtuhandler.o
    0x08007380   0x08007380   0x00000081   Data   RO         1361    .rodata.str1.1      mbrtu.o
    0x08007401   0x08007401   0x00000005   Data   RO         1523    .rodata.str1.1      rtudisplay.o
    0x08007406   0x08007406   0x00000002   PAD
    0x08007408   0x08007408   0x00000020   Data   RO         1860    Region$$Table       anon$$obj.o
    0x08007428   0x08007428   0x0000001c   Data   RO         1705    locale$$data        c_w.l(lc_numeric_c.o)


    Execution Region RW_IRAM1 (Exec base: 0x20000000, Load base: 0x08007448, Size: 0x00000e18, Max: 0x00002800, ABSOLUTE)

    Exec Addr    Load Addr    Size         Type   Attr      Idx    E Section Name        Object

    0x20000000   0x08007448   0x00000008   Data   RW         1453    .data.Font_16x26    fonts.o
    0x20000008   0x08007450   0x00000008   Data   RW         1451    .data.Font_7x10     fonts.o
    0x20000010   0x08007458   0x00000004   Data   RW         1162    .data.SystemCoreClock  system_stm32f1xx.o
    0x20000014   0x0800745c   0x00000001   Data   RW         1390    .data.eMBState      mb.o
    0x20000015   0x0800745d   0x00000001   Data   RW          355    .data.uwTickFreq    stm32f1xx_hal.o
    0x20000016   0x0800745e   0x00000002   PAD
    0x20000018   0x08007460   0x00000004   Data   RW          354    .data.uwTickPrio    stm32f1xx_hal.o
    0x2000001c   0x08007464   0x00000080   Data   RW         1391    .data.xFuncHandlers  mb.o
    0x2000009c   0x080074e4   0x00000004   PAD
    0x200000a0        -       0x00000060   Zero   RW         1719    .bss                c_w.l(libspace.o)
    0x20000100        -       0x000000b4   Zero   RW         1522    .bss.HRBuff         rtudisplay.o
    0x200001b4        -       0x00000002   Zero   RW         1521    .bss.Holding_REG_Start  rtudisplay.o
    0x200001b6        -       0x00000002   Zero   RW         1488    .bss.SSD1306.0      ssd1306.o
    0x200001b8        -       0x00000002   Zero   RW         1489    .bss.SSD1306.1      ssd1306.o
    0x200001ba        -       0x00000001   Zero   RW         1490    .bss.SSD1306.2      ssd1306.o
    0x200001bb   0x080074e4   0x00000001   PAD
    0x200001bc        -       0x00000410   Zero   RW         1487    .bss.SSD1306_Buffer  ssd1306.o
    0x200005cc        -       0x00000001   Zero   RW         1417    .bss.SaveEE_flag    rtuhandler.o
    0x200005cd        -       0x00000001   Zero   RW         1396    .bss.eMBPoll.eException  mb.o
    0x200005ce        -       0x00000001   Zero   RW         1394    .bss.eMBPoll.ucFunctionCode  mb.o
    0x200005cf   0x080074e4   0x00000001   PAD
    0x200005d0        -       0x00000004   Zero   RW         1392    .bss.eMBPoll.ucMBFrame  mb.o
    0x200005d4        -       0x00000001   Zero   RW         1393    .bss.eMBPoll.ucRcvAddress  mb.o
    0x200005d5   0x080074e4   0x00000001   PAD
    0x200005d6        -       0x00000002   Zero   RW         1395    .bss.eMBPoll.usLength  mb.o
    0x200005d8        -       0x00000001   Zero   RW         1277    .bss.eQueuedEvent   portevent.o
    0x200005d9        -       0x00000001   Zero   RW         1359    .bss.eRcvState      mbrtu.o
    0x200005da        -       0x00000001   Zero   RW         1365    .bss.eSndState      mbrtu.o
    0x200005db   0x080074e4   0x00000001   PAD
    0x200005dc        -       0x00000054   Zero   RW           41    .bss.hi2c1          i2c.o
    0x20000630        -       0x00000048   Zero   RW           56    .bss.htim3          tim.o
    0x20000678        -       0x00000048   Zero   RW           71    .bss.huart2         usart.o
    0x200006c0        -       0x00000004   Zero   RW         1260    .bss.lockCounter    mt_port.o
    0x200006c4        -       0x00000004   Zero   RW         1261    .bss.modbusTimer    mt_port.o
    0x200006c8        -       0x00000004   Zero   RW         1262    .bss.modbusUart     mt_port.o
    0x200006cc        -       0x00000004   Zero   RW         1363    .bss.pucSndBufferCur  mbrtu.o
    0x200006d0        -       0x00000004   Zero   RW         1387    .bss.pxMBFrameCBByteReceived  mb.o
    0x200006d4        -       0x00000004   Zero   RW         1388    .bss.pxMBFrameCBTransmitterEmpty  mb.o
    0x200006d8        -       0x00000004   Zero   RW         1389    .bss.pxMBPortCBTimerExpired  mb.o
    0x200006dc        -       0x00000001   Zero   RW         1303    .bss.rxByte         portserial.o
    0x200006dd   0x080074e4   0x00000001   PAD
    0x200006de        -       0x00000002   Zero   RW         1323    .bss.timerCounter   porttimer.o
    0x200006e0        -       0x00000002   Zero   RW         1322    .bss.timerPeriod    porttimer.o
    0x200006e2        -       0x00000001   Zero   RW         1302    .bss.txByte         portserial.o
    0x200006e3        -       0x00000001   Zero   RW         1386    .bss.ucMBAddress    mb.o
    0x200006e4        -       0x00000020   Zero   RW         1229    .bss.ucMBSlaveID    mbfuncother.o
    0x20000704        -       0x00000100   Zero   RW         1362    .bss.ucRTUBuf       mbrtu.o
    0x20000804        -       0x00000002   Zero   RW         1228    .bss.usMBSlaveIDLen  mbfuncother.o
    0x20000806        -       0x00000002   Zero   RW         1360    .bss.usRcvBufferPos  mbrtu.o
    0x20000808        -       0x00000002   Zero   RW         1364    .bss.usSndBufferCount  mbrtu.o
    0x2000080a   0x080074e4   0x00000002   PAD
    0x2000080c        -       0x00000004   Zero   RW          356    .bss.uwTick         stm32f1xx_hal.o
    0x20000810        -       0x00000001   Zero   RW         1276    .bss.xEventInQueue  portevent.o
    0x20000811   0x080074e4   0x00000007   PAD
    0x20000818        -       0x00000200   Zero   RW            2    HEAP                startup_stm32f103x6.o
    0x20000a18        -       0x00000400   Zero   RW            1    STACK               startup_stm32f103x6.o


==============================================================================

Image component sizes


      Code (inc. data)   RO Data    RW Data    ZI Data      Debug   Object Name

         0          0       6840         16          0        836   fonts.o
       200          0          0          0          0       1570   gpio.o
       166          0          0          0         84       4309   i2c.o
       266          0          0          0          0       2919   main.o
       444          0          0        129         22       4839   mb.o
        70          0        512          0          0       1127   mbcrc.o
       314          0          0          0          0       3114   mbfunccoils.o
       114          0          0          0          0       1819   mbfuncdisc.o
       418          0          0          0          0       3716   mbfuncholding.o
        98          0          0          0          0       1776   mbfuncinput.o
        38          0          0          0         34       2162   mbfuncother.o
       882        100        129          0        266       4499   mbrtu.o
        26          0          0          0          0       2597   mbutils.o
        68          0          0          0         12       5020   mt_port.o
        84          0          0          0          2       1244   portevent.o
       218          0          0          0          2       4683   portserial.o
       138          0          0          0          4       4317   porttimer.o
      1296         20          5          0        182       8300   rtudisplay.o
       284          0         16          0          1       4030   rtuhandler.o
       968          0          0          0       1045      10376   ssd1306.o
        64         26        236          0       1536        772   startup_stm32f103x6.o
       196          0          0          5          4       5624   stm32f1xx_hal.o
       258          0          0          0          0       8599   stm32f1xx_hal_cortex.o
       238          0          0          0          0       7454   stm32f1xx_hal_dma.o
       528         20          0          0          0       4673   stm32f1xx_hal_gpio.o
      1456          0          0          0          0      39906   stm32f1xx_hal_i2c.o
        66          0          0          0          0       1173   stm32f1xx_hal_msp.o
      1372         20          0          0          0       7024   stm32f1xx_hal_rcc.o
      1038          0          0          0          0      43911   stm32f1xx_hal_tim.o
       104          0          0          0          0      18604   stm32f1xx_hal_tim_ex.o
      1720          0          0          0          0      24354   stm32f1xx_hal_uart.o
        56          0          0          0          0       2316   stm32f1xx_it.o
         2          0         24          4          0       1598   system_stm32f1xx.o
       192          0          0          0         72       5543   tim.o
       210          0          0          0         72       5186   usart.o

    ----------------------------------------------------------------------
     13752        186       7796        156       3356     249990   Object Totals
         0          0         32          0          0          0   (incl. Generated)
       160          0          2          2         18          0   (incl. Padding)

    ----------------------------------------------------------------------

      Code (inc. data)   RO Data    RW Data    ZI Data      Debug   Library Member Name

         8          0          0          0          0         68   __main.o
       284          0          0          0          0        156   __printf_wp.o
         0          0          0          0          0          0   __rtentry.o
        12          0          0          0          0          0   __rtentry2.o
         6          0          0          0          0          0   __rtentry4.o
        52          8          0          0          0          0   __scatter.o
        26          0          0          0          0          0   __scatter_copy.o
        28          0          0          0          0          0   __scatter_zi.o
        48          6          0          0          0         96   _printf_char_common.o
         6          0          0          0          0          0   _printf_f.o
      1052          0          0          0          0        148   _printf_fp_dec.o
       128         16          0          0          0         84   _printf_fp_infnan.o
         0          0          0          0          0          0   _printf_percent.o
         4          0          0          0          0          0   _printf_percent_end.o
        16          0          0          0          0         68   _snputc.o
        10          0          0          0          0         68   _sputc.o
        22          0          0          0          0         80   abort.o
        16          0          0          0          0         68   aeabi_memset4.o
       128         42          0          0          0         76   assert.o
        20          0          0          0          0         76   assert_puts.o
       228          4        148          0          0         96   bigflt0.o
      1936        128          0          0          0        668   btod.o
        48         34          0          0          0         76   defsig_abrt_inner.o
        14          0          0          0          0         80   defsig_abrt_outer.o
        10          0          0          0          0         68   defsig_exit.o
        50          0          0          0          0         88   defsig_general.o
        18          0          0          0          0         80   exit.o
         6          0          0          0          0        152   heapauxi.o
         0          0          0          0          0          0   indicate_semi.o
        44         10         28          0          0         76   lc_numeric_c.o
         2          0          0          0          0          0   libinit.o
        18          0          0          0          0          0   libinit2.o
         2          0          0          0          0          0   libshutdown.o
         2          0          0          0          0          0   libshutdown2.o
         8          4          0          0         96         68   libspace.o
       138          0          0          0          0         80   lludiv10.o
        52          4          0          0          0         84   noretval__2snprintf.o
         8          4          0          0          0         68   rt_locale_intlibspace.o
        78          0          0          0          0         80   rt_memclr_w.o
       138          0          0          0          0         68   rt_memcpy_v6.o
       100          0          0          0          0         80   rt_memcpy_w.o
         2          0          0          0          0          0   rtexit.o
        10          0          0          0          0          0   rtexit2.o
       128          0          0          0          0         68   strcmpv7m.o
        62          0          0          0          0         76   strlen.o
        12          4          0          0          0         68   sys_exit.o
        74          0          0          0          0         80   sys_stackheap_outer.o
        14          0          0          0          0         76   sys_wrch.o
         2          0          0          0          0         68   use_no_semi.o
        98          4          0          0          0         92   d2f.o
       812         16          0          0          0        296   daddsub_clz.o
       156          4          0          0          0         92   dnaninf.o
        12          0          0          0          0         68   dretinf.o
        86          4          0          0          0         84   f2d.o
       430          8          0          0          0        168   faddsub_clz.o
        84          0          0          0          0        196   fcmp.o
        24          0          0          0          0         68   fcmpi.o
       388         76          0          0          0         96   fdiv.o
       104          4          0          0          0         84   feqf.o
        54          4          0          0          0         84   ffix.o
        38          0          0          0          0         68   fflt_clz.o
       104          4          0          0          0         84   fgeqf.o
       104          4          0          0          0         84   fleqf.o
       258          4          0          0          0         84   fmul.o
       140          4          0          0          0         84   fnaninf.o
        10          0          0          0          0         68   fretinf.o
         4          0          0          0          0         68   printf1.o
         0          0          0          0          0          0   usenofp.o
        40          0          0          0          0         68   fpclassify.o

    ----------------------------------------------------------------------
      8040        400        176          0         96       5272   Library Totals
        24          0          0          0          0          0   (incl. Padding)

    ----------------------------------------------------------------------

      Code (inc. data)   RO Data    RW Data    ZI Data      Debug   Library Name

      5070        264        176          0         96       3336   c_w.l
      2906        136          0          0          0       1868   fz_ws.l
        40          0          0          0          0         68   m_ws.l

    ----------------------------------------------------------------------
      8040        400        176          0         96       5272   Library Totals

    ----------------------------------------------------------------------

==============================================================================


      Code (inc. data)   RO Data    RW Data    ZI Data      Debug   

     21792        586       7972        156       3452     251654   Grand Totals
     21792        586       7972        156       3452     251654   ELF Image Totals
     21792        586       7972        156          0          0   ROM Totals

==============================================================================

    Total RO  Size (Code + RO Data)                29764 (  29.07kB)
    Total RW  Size (RW Data + ZI Data)              3608 (   3.52kB)
    Total ROM Size (Code + RO Data + RW Data)      29920 (  29.22kB)

==============================================================================

