Component: ARM Compiler 6.16 Tool: armlink [5dfeaa00]

==============================================================================

Section Cross References

    startup_stm32f103x6.o(STACK) refers (Special) to heapauxi.o(.text) for __use_two_region_memory
    startup_stm32f103x6.o(HEAP) refers (Special) to heapauxi.o(.text) for __use_two_region_memory
    startup_stm32f103x6.o(RESET) refers (Special) to heapauxi.o(.text) for __use_two_region_memory
    startup_stm32f103x6.o(RESET) refers to startup_stm32f103x6.o(STACK) for __initial_sp
    startup_stm32f103x6.o(RESET) refers to startup_stm32f103x6.o(.text) for Reset_Handler
    startup_stm32f103x6.o(RESET) refers to stm32f1xx_it.o(.text.NMI_Handler) for NMI_Handler
    startup_stm32f103x6.o(RESET) refers to stm32f1xx_it.o(.text.HardFault_Handler) for HardFault_Handler
    startup_stm32f103x6.o(RESET) refers to stm32f1xx_it.o(.text.MemManage_Handler) for MemManage_Handler
    startup_stm32f103x6.o(RESET) refers to stm32f1xx_it.o(.text.BusFault_Handler) for BusFault_Handler
    startup_stm32f103x6.o(RESET) refers to stm32f1xx_it.o(.text.UsageFault_Handler) for UsageFault_Handler
    startup_stm32f103x6.o(RESET) refers to stm32f1xx_it.o(.text.SVC_Handler) for SVC_Handler
    startup_stm32f103x6.o(RESET) refers to stm32f1xx_it.o(.text.DebugMon_Handler) for DebugMon_Handler
    startup_stm32f103x6.o(RESET) refers to stm32f1xx_it.o(.text.PendSV_Handler) for PendSV_Handler
    startup_stm32f103x6.o(RESET) refers to stm32f1xx_it.o(.text.SysTick_Handler) for SysTick_Handler
    startup_stm32f103x6.o(RESET) refers to stm32f1xx_it.o(.text.TIM3_IRQHandler) for TIM3_IRQHandler
    startup_stm32f103x6.o(RESET) refers to stm32f1xx_it.o(.text.USART2_IRQHandler) for USART2_IRQHandler
    startup_stm32f103x6.o(.text) refers (Special) to heapauxi.o(.text) for __use_two_region_memory
    startup_stm32f103x6.o(.text) refers to system_stm32f1xx.o(.text.SystemInit) for SystemInit
    startup_stm32f103x6.o(.text) refers to __main.o(!!!main) for __main
    startup_stm32f103x6.o(.text) refers to startup_stm32f103x6.o(HEAP) for Heap_Mem
    startup_stm32f103x6.o(.text) refers to startup_stm32f103x6.o(STACK) for Stack_Mem
    main.o(.text.main) refers to stm32f1xx_hal.o(.text.HAL_Init) for HAL_Init
    main.o(.text.main) refers to stm32f1xx_hal_rcc.o(.text.HAL_RCC_OscConfig) for HAL_RCC_OscConfig
    main.o(.text.main) refers to stm32f1xx_hal_rcc.o(.text.HAL_RCC_ClockConfig) for HAL_RCC_ClockConfig
    main.o(.text.main) refers to gpio.o(.text.MX_GPIO_Init) for MX_GPIO_Init
    main.o(.text.main) refers to i2c.o(.text.MX_I2C1_Init) for MX_I2C1_Init
    main.o(.text.main) refers to usart.o(.text.MX_USART2_UART_Init) for MX_USART2_UART_Init
    main.o(.text.main) refers to tim.o(.text.MX_TIM3_Init) for MX_TIM3_Init
    main.o(.text.main) refers to rtudisplay.o(.text.Rtudisplay_Init) for Rtudisplay_Init
    main.o(.text.main) refers to rtudisplay.o(.text.Rtudisplay_UpdateLCD) for Rtudisplay_UpdateLCD
    main.o(.text.main) refers to rtuhandler.o(.bss.HR_Write_Flag) for HR_Write_Flag
    main.o(.text.main) refers to rtudisplay.o(.text.Rtudisplay_UpdateBuzzer) for Rtudisplay_UpdateBuzzer
    main.o(.text.main) refers to rtudisplay.o(.text.Rtudisplay_UpdateKey) for Rtudisplay_UpdateKey
    main.o(.text.main) refers to mb.o(.text.eMBPoll) for eMBPoll
    main.o(.text.main) refers to rtudisplay.o(.text.Rtudisplay_SaveParam) for Rtudisplay_SaveParam
    main.o(.ARM.exidx.text.main) refers to main.o(.text.main) for [Anonymous Symbol]
    main.o(.text.SystemClock_Config) refers to stm32f1xx_hal_rcc.o(.text.HAL_RCC_OscConfig) for HAL_RCC_OscConfig
    main.o(.text.SystemClock_Config) refers to stm32f1xx_hal_rcc.o(.text.HAL_RCC_ClockConfig) for HAL_RCC_ClockConfig
    main.o(.ARM.exidx.text.SystemClock_Config) refers to main.o(.text.SystemClock_Config) for [Anonymous Symbol]
    main.o(.ARM.exidx.text.Error_Handler) refers to main.o(.text.Error_Handler) for [Anonymous Symbol]
    gpio.o(.text.MX_GPIO_Init) refers to stm32f1xx_hal_gpio.o(.text.HAL_GPIO_WritePin) for HAL_GPIO_WritePin
    gpio.o(.text.MX_GPIO_Init) refers to stm32f1xx_hal_gpio.o(.text.HAL_GPIO_Init) for HAL_GPIO_Init
    gpio.o(.ARM.exidx.text.MX_GPIO_Init) refers to gpio.o(.text.MX_GPIO_Init) for [Anonymous Symbol]
    i2c.o(.text.MX_I2C1_Init) refers to i2c.o(.bss.hi2c1) for hi2c1
    i2c.o(.text.MX_I2C1_Init) refers to stm32f1xx_hal_i2c.o(.text.HAL_I2C_Init) for HAL_I2C_Init
    i2c.o(.text.MX_I2C1_Init) refers to main.o(.text.Error_Handler) for Error_Handler
    i2c.o(.ARM.exidx.text.MX_I2C1_Init) refers to i2c.o(.text.MX_I2C1_Init) for [Anonymous Symbol]
    i2c.o(.text.HAL_I2C_MspInit) refers to stm32f1xx_hal_gpio.o(.text.HAL_GPIO_Init) for HAL_GPIO_Init
    i2c.o(.ARM.exidx.text.HAL_I2C_MspInit) refers to i2c.o(.text.HAL_I2C_MspInit) for [Anonymous Symbol]
    i2c.o(.text.HAL_I2C_MspDeInit) refers to stm32f1xx_hal_gpio.o(.text.HAL_GPIO_DeInit) for HAL_GPIO_DeInit
[...]
    [Anonymous Symbol]                       0x08000e64   Section        0  stm32f1xx_hal_gpio.o(.text.HAL_GPIO_ReadPin)
    [Anonymous Symbol]                       0x08000e70   Section        0  stm32f1xx_hal_gpio.o(.text.HAL_GPIO_WritePin)
    [Anonymous Symbol]                       0x08000e7c   Section        0  stm32f1xx_hal.o(.text.HAL_GetTick)
    [Anonymous Symbol]                       0x08000e88   Section        0  stm32f1xx_hal_i2c.o(.text.HAL_I2C_Init)
    [Anonymous Symbol]                       0x08001000   Section        0  stm32f1xx_hal_i2c.o(.text.HAL_I2C_Mem_Write)
    [Anonymous Symbol]                       0x0800115c   Section        0  i2c.o(.text.HAL_I2C_MspInit)
    [Anonymous Symbol]                       0x080011c0   Section        0  stm32f1xx_hal.o(.text.HAL_IncTick)
    [Anonymous Symbol]                       0x080011dc   Section        0  stm32f1xx_hal.o(.text.HAL_Init)
    [Anonymous Symbol]                       0x08001204   Section        0  stm32f1xx_hal.o(.text.HAL_InitTick)
    [Anonymous Symbol]                       0x0800124c   Section        0  stm32f1xx_hal_msp.o(.text.HAL_MspInit)
    [Anonymous Symbol]                       0x08001290   Section        0  stm32f1xx_hal_cortex.o(.text.HAL_NVIC_EnableIRQ)
    [Anonymous Symbol]                       0x080012b0   Section        0  stm32f1xx_hal_cortex.o(.text.HAL_NVIC_SetPriority)
    [Anonymous Symbol]                       0x08001308   Section        0  stm32f1xx_hal_cortex.o(.text.HAL_NVIC_SetPriorityGrouping)
    [Anonymous Symbol]                       0x08001328   Section        0  stm32f1xx_hal_rcc.o(.text.HAL_RCC_ClockConfig)
    [Anonymous Symbol]                       0x080014e8   Section        0  stm32f1xx_hal_rcc.o(.text.HAL_RCC_GetPCLK1Freq)
    [Anonymous Symbol]                       0x08001510   Section        0  stm32f1xx_hal_rcc.o(.text.HAL_RCC_GetPCLK2Freq)
    [Anonymous Symbol]                       0x08001538   Section        0  stm32f1xx_hal_rcc.o(.text.HAL_RCC_OscConfig)
    [Anonymous Symbol]                       0x080018ec   Section        0  stm32f1xx_hal_cortex.o(.text.HAL_SYSTICK_Config)
    [Anonymous Symbol]                       0x08001918   Section        0  stm32f1xx_hal_tim_ex.o(.text.HAL_TIMEx_BreakCallback)
    [Anonymous Symbol]                       0x0800191c   Section        0  stm32f1xx_hal_tim_ex.o(.text.HAL_TIMEx_CommutCallback)
    [Anonymous Symbol]                       0x08001920   Section        0  stm32f1xx_hal_tim_ex.o(.text.HAL_TIMEx_MasterConfigSynchronization)
    [Anonymous Symbol]                       0x08001980   Section        0  stm32f1xx_hal_tim.o(.text.HAL_TIM_Base_Init)
    [Anonymous Symbol]                       0x08001a40   Section        0  tim.o(.text.HAL_TIM_Base_MspInit)
    [Anonymous Symbol]                       0x08001a88   Section        0  stm32f1xx_hal_tim.o(.text.HAL_TIM_Base_Start_IT)
    [Anonymous Symbol]                       0x08001adc   Section        0  stm32f1xx_hal_tim.o(.text.HAL_TIM_Base_Stop_IT)
    [Anonymous Symbol]                       0x08001b18   Section        0  stm32f1xx_hal_tim.o(.text.HAL_TIM_ConfigClockSource)
    [Anonymous Symbol]                       0x08001cb4   Section        0  stm32f1xx_hal_tim.o(.text.HAL_TIM_IC_CaptureCallback)
    [Anonymous Symbol]                       0x08001cb8   Section        0  stm32f1xx_hal_tim.o(.text.HAL_TIM_IRQHandler)
    [Anonymous Symbol]                       0x08001e28   Section        0  stm32f1xx_hal_tim.o(.text.HAL_TIM_OC_DelayElapsedCallback)
    [Anonymous Symbol]                       0x08001e2c   Section        0  stm32f1xx_hal_tim.o(.text.HAL_TIM_PWM_PulseFinishedCallback)
    [Anonymous Symbol]                       0x08001e30   Section        0  porttimer.o(.text.HAL_TIM_PeriodElapsedCallback)
    [Anonymous Symbol]                       0x08001e6c   Section        0  stm32f1xx_hal_tim.o(.text.HAL_TIM_TriggerCallback)
    [Anonymous Symbol]                       0x08001e70   Section        0  stm32f1xx_hal_uart.o(.text.HAL_UARTEx_RxEventCallback)
    [Anonymous Symbol]                       0x08001e74   Section        0  stm32f1xx_hal_uart.o(.text.HAL_UART_AbortReceiveCpltCallback)
    [Anonymous Symbol]                       0x08001e78   Section        0  stm32f1xx_hal_uart.o(.text.HAL_UART_AbortReceive_IT)
    [Anonymous Symbol]                       0x08002004   Section        0  stm32f1xx_hal_uart.o(.text.HAL_UART_AbortTransmitCpltCallback)
    [Anonymous Symbol]                       0x08002008   Section        0  stm32f1xx_hal_uart.o(.text.HAL_UART_AbortTransmit_IT)
    [Anonymous Symbol]                       0x080020f4   Section        0  stm32f1xx_hal_uart.o(.text.HAL_UART_ErrorCallback)
    [Anonymous Symbol]                       0x080020f8   Section        0  stm32f1xx_hal_uart.o(.text.HAL_UART_IRQHandler)
    [Anonymous Symbol]                       0x08002678   Section        0  stm32f1xx_hal_uart.o(.text.HAL_UART_Init)
    [Anonymous Symbol]                       0x08002758   Section        0  usart.o(.text.HAL_UART_MspInit)
    [Anonymous Symbol]                       0x080027f0   Section        0  stm32f1xx_hal_uart.o(.text.HAL_UART_Receive_IT)
    [Anonymous Symbol]                       0x08002844   Section        0  portserial.o(.text.HAL_UART_RxCpltCallback)
    [Anonymous Symbol]                       0x08002864   Section        0  stm32f1xx_hal_uart.o(.text.HAL_UART_Transmit_IT)
    [Anonymous Symbol]                       0x0800289c   Section        0  portserial.o(.text.HAL_UART_TxCpltCallback)
    [Anonymous Symbol]                       0x080028bc   Section        0  stm32f1xx_it.o(.text.HardFault_Handler)
    I2C_RequestMemoryWrite                   0x080028c1   Thumb Code   288  stm32f1xx_hal_i2c.o(.text.I2C_RequestMemoryWrite)
    [Anonymous Symbol]                       0x080028c0   Section        0  stm32f1xx_hal_i2c.o(.text.I2C_RequestMemoryWrite)
    I2C_WaitOnBTFFlagUntilTimeout            0x080029e1   Thumb Code   216  stm32f1xx_hal_i2c.o(.text.I2C_WaitOnBTFFlagUntilTimeout)
    [Anonymous Symbol]                       0x080029e0   Section        0  stm32f1xx_hal_i2c.o(.text.I2C_WaitOnBTFFlagUntilTimeout)
    I2C_WaitOnMasterAddressFlagUntilTimeout  0x08002ab9   Thumb Code   238  stm32f1xx_hal_i2c.o(.text.I2C_WaitOnMasterAddressFlagUntilTimeout)
    [Anonymous Symbol]                       0x08002ab8   Section        0  stm32f1xx_hal_i2c.o(.text.I2C_WaitOnMasterAddressFlagUntilTimeout)
    I2C_WaitOnTXEFlagUntilTimeout            0x08002ba9   Thumb Code   216  stm32f1xx_hal_i2c.o(.text.I2C_WaitOnTXEFlagUntilTimeout)
    [Anonymous Symbol]                       0x08002ba8   Section        0  stm32f1xx_hal_i2c.o(.text.I2C_WaitOnTXEFlagUntilTimeout)
    [Anonymous Symbol]                       0x08002c80   Section        0  mt_port.o(.text.MT_PORT_SetTimerModule)
    [Anonymous Symbol]                       0x08002c8c   Section        0  mt_port.o(.text.MT_PORT_SetUartModule)
    [Anonymous Symbol]                       0x08002c98   Section        0  gpio.o(.text.MX_GPIO_Init)
    [Anonymous Symbol]                       0x08002d5c   Section        0  i2c.o(.text.MX_I2C1_Init)
    [Anonymous Symbol]                       0x08002da0   Section        0  tim.o(.text.MX_TIM3_Init)
    [Anonymous Symbol]                       0x08002e1c   Section        0  usart.o(.text.MX_USART2_UART_Init)
    [Anonymous Symbol]                       0x08002e58   Section        0  stm32f1xx_it.o(.text.MemManage_Handler)
    [Anonymous Symbol]                       0x08002e5c   Section        0  rtuhandler.o(.text.ModbusRtuInit)
    [Anonymous Symbol]                       0x08002e8c   Section        0  stm32f1xx_it.o(.text.NMI_Handler)
    [Anonymous Symbol]                       0x08002e90   Section        0  stm32f1xx_it.o(.text.PendSV_Handler)
    [Anonymous Symbol]                       0x08002e94   Section        0  rtudisplay.o(.text.Rtudisplay_Init)
    [Anonymous Symbol]                       0x08002f74   Section        0  rtudisplay.o(.text.Rtudisplay_SaveParam)
    [Anonymous Symbol]                       0x08002fc8   Section        0  rtudisplay.o(.text.Rtudisplay_UpdateBuzzer)
    [Anonymous Symbol]                       0x08003040   Section        0  rtudisplay.o(.text.Rtudisplay_UpdateKey)
    [Anonymous Symbol]                       0x080030a4   Section        0  rtudisplay.o(.text.Rtudisplay_UpdateLCD)
    [Anonymous Symbol]                       0x080032e4   Section        0  stm32f1xx_it.o(.text.SVC_Handler)
    [Anonymous Symbol]                       0x080032e8   Section        0  stm32f1xx_it.o(.text.SysTick_Handler)
    [Anonymous Symbol]                       0x080032ec   Section        0  system_stm32f1xx.o(.text.SystemInit)
    [Anonymous Symbol]                       0x080032f0   Section        0  stm32f1xx_it.o(.text.TIM3_IRQHandler)
    UART_DMAAbortOnError                     0x080032fd   Thumb Code    12  stm32f1xx_hal_uart.o(.text.UART_DMAAbortOnError)
    [Anonymous Symbol]                       0x080032fc   Section        0  stm32f1xx_hal_uart.o(.text.UART_DMAAbortOnError)
    UART_DMARxOnlyAbortCallback              0x08003309   Thumb Code    18  stm32f1xx_hal_uart.o(.text.UART_DMARxOnlyAbortCallback)
    [Anonymous Symbol]                       0x08003308   Section        0  stm32f1xx_hal_uart.o(.text.UART_DMARxOnlyAbortCallback)
    UART_DMATxOnlyAbortCallback              0x0800331d   Thumb Code    16  stm32f1xx_hal_uart.o(.text.UART_DMATxOnlyAbortCallback)
    [Anonymous Symbol]                       0x0800331c   Section        0  stm32f1xx_hal_uart.o(.text.UART_DMATxOnlyAbortCallback)
    UART_Receive_IT                          0x0800332d   Thumb Code   258  stm32f1xx_hal_uart.o(.text.UART_Receive_IT)
    [Anonymous Symbol]                       0x0800332c   Section        0  stm32f1xx_hal_uart.o(.text.UART_Receive_IT)
    [Anonymous Symbol]                       0x08003430   Section        0  stm32f1xx_it.o(.text.USART2_IRQHandler)
    [Anonymous Symbol]                       0x0800343c   Section        0  stm32f1xx_it.o(.text.UsageFault_Handler)
    [Anonymous Symbol]                       0x08003440   Section        0  mb.o(.text.eMBEnable)
    [Anonymous Symbol]                       0x08003460   Section        0  mbfuncholding.o(.text.eMBFuncReadHoldingRegister)
    [Anonymous Symbol]                       0x080034c8   Section        0  mbfuncother.o(.text.eMBFuncReportSlaveID)
    [Anonymous Symbol]                       0x080034e8   Section        0  mbfuncholding.o(.text.eMBFuncWriteHoldingRegister)
    [Anonymous Symbol]                       0x0800351c   Section        0  mbfuncholding.o(.text.eMBFuncWriteMultipleHoldingRegister)
    [Anonymous Symbol]                       0x0800357c   Section        0  mb.o(.text.eMBInit)
    [Anonymous Symbol]                       0x080035f8   Section        0  mb.o(.text.eMBPoll)
    [Anonymous Symbol]                       0x080037b0   Section        0  mbrtu.o(.text.eMBRTUInit)
    [Anonymous Symbol]                       0x08003808   Section        0  mbrtu.o(.text.eMBRTUReceive)
    [Anonymous Symbol]                       0x080038a0   Section        0  mbrtu.o(.text.eMBRTUSend)
    [Anonymous Symbol]                       0x08003918   Section        0  mbrtu.o(.text.eMBRTUStart)
    [Anonymous Symbol]                       0x08003940   Section        0  rtuhandler.o(.text.eMBRegHoldingCB)
    [Anonymous Symbol]                       0x08003b18   Section        0  main.o(.text.main)
    [Anonymous Symbol]                       0x08003bc8   Section        0  mbutils.o(.text.prveMBError2Exception)
    [Anonymous Symbol]                       0x08003be4   Section        0  ssd1306.o(.text.ssd1306_Fill)
    [Anonymous Symbol]                       0x08003c00   Section        0  ssd1306.o(.text.ssd1306_Init)
    [Anonymous Symbol]                       0x08003f58   Section        0  ssd1306.o(.text.ssd1306_SetCursor)
    [Anonymous Symbol]                       0x08003f68   Section        0  ssd1306.o(.text.ssd1306_UpdateScreen)
    [Anonymous Symbol]                       0x08004008   Section        0  ssd1306.o(.text.ssd1306_WriteChar)
    [Anonymous Symbol]                       0x0800452c   Section        0  ssd1306.o(.text.ssd1306_WriteString)
    [Anonymous Symbol]                       0x08004568   Section        0  mbcrc.o(.text.usMBCRC16)
    [Anonymous Symbol]                       0x08004634   Section        0  portserial.o(.text.vMBPortSerialEnable)
    [Anonymous Symbol]                       0x08004688   Section        0  porttimer.o(.text.vMBPortTimersDisable)
    [Anonymous Symbol]                       0x08004698   Section        0  porttimer.o(.text.vMBPortTimersEnable)
    [Anonymous Symbol]                       0x080046b4   Section        0  portevent.o(.text.xMBPortEventGet)
    [Anonymous Symbol]                       0x080046d4   Section        0  portevent.o(.text.xMBPortEventInit)
    [Anonymous Symbol]                       0x080046e4   Section        0  portevent.o(.text.xMBPortEventPost)
    [Anonymous Symbol]                       0x080046f8   Section        0  portserial.o(.text.xMBPortSerialGetByte)
    [Anonymous Symbol]                       0x0800471c   Section        0  portserial.o(.text.xMBPortSerialInit)
    [Anonymous Symbol]                       0x08004720   Section        0  portserial.o(.text.xMBPortSerialPutByte)
    [Anonymous Symbol]                       0x08004744   Section        0  porttimer.o(.text.xMBPortTimersInit)
    [Anonymous Symbol]                       0x08004754   Section        0  mbrtu.o(.text.xMBRTUReceiveFSM)
    [Anonymous Symbol]                       0x080047f0   Section        0  mbrtu.o(.text.xMBRTUTimerT35Expired)
    [Anonymous Symbol]                       0x08004860   Section        0  mbrtu.o(.text.xMBRTUTransmitFSM)
    Font11x18                                0x08004924   Data        3420  fonts.o(.rodata.Font11x18)
    [Anonymous Symbol]                       0x08004924   Section        0  fonts.o(.rodata.Font11x18)
    HAL_RCC_GetSysClockFreq.aPredivFactorTable 0x08005680   Data           2  stm32f1xx_hal_rcc.o(.rodata.HAL_RCC_GetSysClockFreq.aPredivFactorTable)
    [Anonymous Symbol]                       0x08005680   Section        0  stm32f1xx_hal_rcc.o(.rodata.HAL_RCC_GetSysClockFreq.aPredivFactorTable)
    aucCRCHi                                 0x08005682   Data         256  mbcrc.o(.rodata.aucCRCHi)
    [Anonymous Symbol]                       0x08005682   Section        0  mbcrc.o(.rodata.aucCRCHi)
    aucCRCLo                                 0x08005782   Data         256  mbcrc.o(.rodata.aucCRCLo)
    [Anonymous Symbol]                       0x08005782   Section        0  mbcrc.o(.rodata.aucCRCLo)
    HAL_RCC_GetSysClockFreq.aPLLMULFactorTable 0x08005882   Data          16  stm32f1xx_hal_rcc.o(.rodata.cst16)
    [Anonymous Symbol]                       0x08005882   Section        0  stm32f1xx_hal_rcc.o(.rodata.cst16)
    .L.str.4                                 0x08005892   Data          99  mbrtu.o(.rodata.str1.1)
    [Anonymous Symbol]                       0x08005892   Section        0  mbrtu.o(.rodata.str1.1)
    .L.str.1                                 0x080058f5   Data          30  mbrtu.o(.rodata.str1.1)
    .L.str                                   0x08005913   Data           3  rtudisplay.o(.rodata.str1.1)
    [Anonymous Symbol]                       0x08005913   Section        0  rtudisplay.o(.rodata.str1.1)
    .L_MergedGlobals                         0x20000000   Data           8  stm32f1xx_hal.o(.data..L_MergedGlobals)
    [Anonymous Symbol]                       0x20000000   Section        0  stm32f1xx_hal.o(.data..L_MergedGlobals)
    eMBState                                 0x20000014   Data           1  mb.o(.data.eMBState)
    [Anonymous Symbol]                       0x20000014   Section        0  mb.o(.data.eMBState)
    xFuncHandlers                            0x20000018   Data         128  mb.o(.data.xFuncHandlers)
    [Anonymous Symbol]                       0x20000018   Section        0  mb.o(.data.xFuncHandlers)
    .bss                                     0x20000098   Section       96  libspace.o(.bss)
    .L_MergedGlobals                         0x200000f8   Data          34  mbfuncother.o(.bss..L_MergedGlobals)
    usMBSlaveIDLen                           0x200000f8   Data           2  mbfuncother.o(.bss..L_MergedGlobals)
    [Anonymous Symbol]                       0x200000f8   Section        0  mbfuncother.o(.bss..L_MergedGlobals)
    ucMBSlaveID                              0x200000fa   Data          32  mbfuncother.o(.bss..L_MergedGlobals)
    .L_MergedGlobals                         0x2000011a   Data           2  portevent.o(.bss..L_MergedGlobals)
    xEventInQueue                            0x2000011a   Data           1  portevent.o(.bss..L_MergedGlobals)
    [Anonymous Symbol]                       0x2000011a   Section        0  portevent.o(.bss..L_MergedGlobals)
    eQueuedEvent                             0x2000011b   Data           1  portevent.o(.bss..L_MergedGlobals)
    .L_MergedGlobals                         0x2000011c   Data           4  porttimer.o(.bss..L_MergedGlobals)
    [Anonymous Symbol]                       0x2000011c   Section        0  porttimer.o(.bss..L_MergedGlobals)
    .L_MergedGlobals                         0x20000120   Data          12  mbrtu.o(.bss..L_MergedGlobals)
    eRcvState                                0x20000120   Data           1  mbrtu.o(.bss..L_MergedGlobals)
    [Anonymous Symbol]                       0x20000120   Section        0  mbrtu.o(.bss..L_MergedGlobals)
    eSndState                                0x20000121   Data           1  mbrtu.o(.bss..L_MergedGlobals)
    usRcvBufferPos                           0x20000122   Data           2  mbrtu.o(.bss..L_MergedGlobals)
    usSndBufferCount                         0x20000124   Data           2  mbrtu.o(.bss..L_MergedGlobals)
    pucSndBufferCur                          0x20000128   Data           4  mbrtu.o(.bss..L_MergedGlobals)
    .L_MergedGlobals                         0x2000012c   Data          24  mb.o(.bss..L_MergedGlobals)
    ucMBAddress                              0x2000012c   Data           1  mb.o(.bss..L_MergedGlobals)
    [Anonymous Symbol]                       0x2000012c   Section        0  mb.o(.bss..L_MergedGlobals)
    eMBPoll.ucRcvAddress                     0x2000012d   Data           1  mb.o(.bss..L_MergedGlobals)
    eMBPoll.ucFunctionCode                   0x2000012e   Data           1  mb.o(.bss..L_MergedGlobals)
    eMBPoll.usLength                         0x20000130   Data           2  mb.o(.bss..L_MergedGlobals)
    eMBPoll.ucMBFrame                        0x20000140   Data           4  mb.o(.bss..L_MergedGlobals)
    .L_MergedGlobals                         0x20000144   Data           6  ssd1306.o(.bss..L_MergedGlobals)
    SSD1306.2                                0x20000144   Data           1  ssd1306.o(.bss..L_MergedGlobals)
    [Anonymous Symbol]                       0x20000144   Section        0  ssd1306.o(.bss..L_MergedGlobals)
    SSD1306.0                                0x20000146   Data           2  ssd1306.o(.bss..L_MergedGlobals)
    SSD1306.1                                0x20000148   Data           2  ssd1306.o(.bss..L_MergedGlobals)
    .L_MergedGlobals                         0x2000014c   Data         108  rtudisplay.o(.bss..L_MergedGlobals)
    [Anonymous Symbol]                       0x2000014c   Section        0  rtudisplay.o(.bss..L_MergedGlobals)
    SSD1306_Buffer                           0x200001bc   Data        1040  ssd1306.o(.bss.SSD1306_Buffer)
    [Anonymous Symbol]                       0x200001bc   Section        0  ssd1306.o(.bss.SSD1306_Buffer)
    lockCounter                              0x200006b8   Data           4  mt_port.o(.bss.lockCounter)
    [Anonymous Symbol]                       0x200006b8   Section        0  mt_port.o(.bss.lockCounter)
    Heap_Mem                                 0x200007f0   Data         512  startup_stm32f103x6.o(HEAP)
    HEAP                                     0x200007f0   Section      512  startup_stm32f103x6.o(HEAP)
    Stack_Mem                                0x200009f0   Data        1024  startup_stm32f103x6.o(STACK)
    STACK                                    0x200009f0   Section     1024  startup_stm32f103x6.o(STACK)
    __initial_sp                             0x20000df0   Data           0  startup_stm32f103x6.o(STACK)

    Global Symbols

    Symbol Name                              Value     Ov Type        Size  Object(Section)

    BuildAttributes$$THM_ISAv4$P$D$K$B$S$PE$A:L22UL41UL21$X:L11$S22US41US21$IEEE1$IW$~IW$USESV6$~STKCKD$USESV7$~SHL$OTIME$ROPI$EBA8$UX$STANDARDLIB$REQ8$PRES8$EABIv2 0x00000000   Number         0  anon$$obj.o ABSOLUTE
    __fp_init_empty                          0x00000000   Number         0  fpinit_empty.o ABSOLUTE
    __ARM_exceptions_init                     - Undefined Weak Reference
    __alloca_initialize                       - Undefined Weak Reference
    __arm_preinit_                            - Undefined Weak Reference
    __cpp_initialize__aeabi_                  - Undefined Weak Reference
    __cxa_finalize                            - Undefined Weak Reference
    __rt_locale                               - Undefined Weak Reference
    __sigvec_lookup                           - Undefined Weak Reference
    _atexit_init                              - Undefined Weak Reference
    _call_atexit_fns                          - Undefined Weak Reference
    _clock_init                               - Undefined Weak Reference
    _fp_trap_init                             - Undefined Weak Reference
    _fp_trap_shutdown                         - Undefined Weak Reference
    _get_lc_collate                           - Undefined Weak Reference
    _get_lc_ctype                             - Undefined Weak Reference
    _get_lc_monetary                          - Undefined Weak Reference
    _get_lc_numeric                           - Undefined Weak Reference
    _get_lc_time                              - Undefined Weak Reference
    _getenv_init                              - Undefined Weak Reference
    _handle_redirection                       - Undefined Weak Reference
    _init_alloc                               - Undefined Weak Reference
    _init_user_alloc                          - Undefined Weak Reference
    _initio                                   - Undefined Weak Reference
    _printf_mbtowc                            - Undefined Weak Reference
    _printf_post_padding                      - Undefined Weak Reference
    _printf_pre_padding                       - Undefined Weak Reference
    _rand_init                                - Undefined Weak Reference
    _signal_finish                            - Undefined Weak Reference
    _signal_init                              - Undefined Weak Reference
    _terminate_alloc                          - Undefined Weak Reference
    _terminate_user_alloc                     - Undefined Weak Reference
    _terminateio                              - Undefined Weak Reference
    __Vectors_Size                           0x000000ec   Number         0  startup_stm32f103x6.o ABSOLUTE
    __Vectors                                0x08000000   Data           4  startup_stm32f103x6.o(RESET)
    __Vectors_End                            0x080000ec   Data           0  startup_stm32f103x6.o(RESET)
    __main                                   0x080000ed   Thumb Code     8  __main.o(!!!main)
    __scatterload                            0x080000f5   Thumb Code     0  __scatter.o(!!!scatter)
    __scatterload_rt2                        0x080000f5   Thumb Code    44  __scatter.o(!!!scatter)
    __scatterload_rt2_thumb_only             0x080000f5   Thumb Code     0  __scatter.o(!!!scatter)
    __scatterload_null                       0x08000103   Thumb Code     0  __scatter.o(!!!scatter)
    __scatterload_copy                       0x08000129   Thumb Code    26  __scatter_copy.o(!!handler_copy)
    __scatterload_zeroinit                   0x08000145   Thumb Code    28  __scatter_zi.o(!!handler_zi)
    _printf_percent                          0x08000161   Thumb Code     0  _printf_percent.o(.ARM.Collect$$_printf_percent$$00000000)
    _printf_s                                0x08000161   Thumb Code     0  _printf_s.o(.ARM.Collect$$_printf_percent$$00000014)
    _printf_percent_end                      0x08000167   Thumb Code     0  _printf_percent_end.o(.ARM.Collect$$_printf_percent$$00000017)
    __rt_lib_init                            0x0800016b   Thumb Code     0  libinit.o(.ARM.Collect$$libinit$$00000000)
    __rt_lib_init_alloca_1                   0x0800016d   Thumb Code     0  libinit2.o(.ARM.Collect$$libinit$$0000002E)
    __rt_lib_init_argv_1                     0x0800016d   Thumb Code     0  libinit2.o(.ARM.Collect$$libinit$$0000002C)
    __rt_lib_init_atexit_1                   0x0800016d   Thumb Code     0  libinit2.o(.ARM.Collect$$libinit$$0000001B)
    __rt_lib_init_clock_1                    0x0800016d   Thumb Code     0  libinit2.o(.ARM.Collect$$libinit$$00000021)
    __rt_lib_init_cpp_1                      0x0800016d   Thumb Code     0  libinit2.o(.ARM.Collect$$libinit$$00000032)
    __rt_lib_init_exceptions_1               0x0800016d   Thumb Code     0  libinit2.o(.ARM.Collect$$libinit$$00000030)
    __rt_lib_init_fp_1                       0x0800016d   Thumb Code     0  libinit2.o(.ARM.Collect$$libinit$$00000002)
    __rt_lib_init_fp_trap_1                  0x0800016d   Thumb Code     0  libinit2.o(.ARM.Collect$$libinit$$0000001F)
    __rt_lib_init_getenv_1                   0x0800016d   Thumb Code     0  libinit2.o(.ARM.Collect$$libinit$$00000023)
    __rt_lib_init_heap_1                     0x0800016d   Thumb Code     0  libinit2.o(.ARM.Collect$$libinit$$0000000A)
    __rt_lib_init_lc_collate_1               0x0800016d   Thumb Code     0  libinit2.o(.ARM.Collect$$libinit$$00000011)
    __rt_lib_init_lc_ctype_1                 0x0800016d   Thumb Code     0  libinit2.o(.ARM.Collect$$libinit$$00000013)
    __rt_lib_init_lc_monetary_1              0x0800016d   Thumb Code     0  libinit2.o(.ARM.Collect$$libinit$$00000015)
    __rt_lib_init_lc_numeric_1               0x0800016d   Thumb Code     0  libinit2.o(.ARM.Collect$$libinit$$00000017)
    __rt_lib_init_lc_time_1                  0x0800016d   Thumb Code     0  libinit2.o(.ARM.Collect$$libinit$$00000019)
    __rt_lib_init_preinit_1                  0x0800016d   Thumb Code     0  libinit2.o(.ARM.Collect$$libinit$$00000004)
    __rt_lib_init_rand_1                     0x0800016d   Thumb Code     0  libinit2.o(.ARM.Collect$$libinit$$0000000E)
    __rt_lib_init_return                     0x0800016d   Thumb Code     0  libinit2.o(.ARM.Collect$$libinit$$00000033)
    __rt_lib_init_signal_1                   0x0800016d   Thumb Code     0  libinit2.o(.ARM.Collect$$libinit$$0000001D)
    __rt_lib_init_stdio_1                    0x0800016d   Thumb Code     0  libinit2.o(.ARM.Collect$$libinit$$00000025)
    __rt_lib_init_user_alloc_1               0x0800016d   Thumb Code     0  libinit2.o(.ARM.Collect$$libinit$$0000000C)
    __rt_lib_shutdown                        0x0800016f   Thumb Code     0  libshutdown.o(.ARM.Collect$$libshutdown$$00000000)
    __rt_lib_shutdown_cpp_1                  0x08000171   Thumb Code     0  libshutdown2.o(.ARM.Collect$$libshutdown$$00000002)
    __rt_lib_shutdown_fp_trap_1              0x08000171   Thumb Code     0  libshutdown2.o(.ARM.Collect$$libshutdown$$00000007)
    __rt_lib_shutdown_heap_1                 0x08000171   Thumb Code     0  libshutdown2.o(.ARM.Collect$$libshutdown$$0000000F)
    __rt_lib_shutdown_return                 0x08000171   Thumb Code     0  libshutdown2.o(.ARM.Collect$$libshutdown$$00000010)
    __rt_lib_shutdown_signal_1               0x08000171   Thumb Code     0  libshutdown2.o(.ARM.Collect$$libshutdown$$0000000A)
    __rt_lib_shutdown_stdio_1                0x08000171   Thumb Code     0  libshutdown2.o(.ARM.Collect$$libshutdown$$00000004)
    __rt_lib_shutdown_user_alloc_1           0x08000171   Thumb Code     0  libshutdown2.o(.ARM.Collect$$libshutdown$$0000000C)
    __rt_entry                               0x08000173   Thumb Code     0  __rtentry.o(.ARM.Collect$$rtentry$$00000000)
    __rt_entry_presh_1                       0x08000173   Thumb Code     0  __rtentry2.o(.ARM.Collect$$rtentry$$00000002)
    __rt_entry_sh                            0x08000173   Thumb Code     0  __rtentry4.o(.ARM.Collect$$rtentry$$00000004)
    __rt_entry_li                            0x08000179   Thumb Code     0  __rtentry2.o(.ARM.Collect$$rtentry$$0000000A)
    __rt_entry_postsh_1                      0x08000179   Thumb Code     0  __rtentry2.o(.ARM.Collect$$rtentry$$00000009)
    __rt_entry_main                          0x0800017d   Thumb Code     0  __rtentry2.o(.ARM.Collect$$rtentry$$0000000D)
    __rt_entry_postli_1                      0x0800017d   Thumb Code     0  __rtentry2.o(.ARM.Collect$$rtentry$$0000000C)
    __rt_exit                                0x08000185   Thumb Code     0  rtexit.o(.ARM.Collect$$rtexit$$00000000)
    __rt_exit_ls                             0x08000187   Thumb Code     0  rtexit2.o(.ARM.Collect$$rtexit$$00000003)
    __rt_exit_prels_1                        0x08000187   Thumb Code     0  rtexit2.o(.ARM.Collect$$rtexit$$00000002)
    __rt_exit_exit                           0x0800018b   Thumb Code     0  rtexit2.o(.ARM.Collect$$rtexit$$00000004)
    Reset_Handler                            0x08000191   Thumb Code     8  startup_stm32f103x6.o(.text)
    ADC1_2_IRQHandler                        0x080001ab   Thumb Code     0  startup_stm32f103x6.o(.text)
    CAN1_RX1_IRQHandler                      0x080001ab   Thumb Code     0  startup_stm32f103x6.o(.text)
    CAN1_SCE_IRQHandler                      0x080001ab   Thumb Code     0  startup_stm32f103x6.o(.text)
    DMA1_Channel1_IRQHandler                 0x080001ab   Thumb Code     0  startup_stm32f103x6.o(.text)
    DMA1_Channel2_IRQHandler                 0x080001ab   Thumb Code     0  startup_stm32f103x6.o(.text)
    DMA1_Channel3_IRQHandler                 0x080001ab   Thumb Code     0  startup_stm32f103x6.o(.text)
    DMA1_Channel4_IRQHandler                 0x080001ab   Thumb Code     0  startup_stm32f103x6.o(.text)
    DMA1_Channel5_IRQHandler                 0x080001ab   Thumb Code     0  startup_stm32f103x6.o(.text)
    DMA1_Channel6_IRQHandler                 0x080001ab   Thumb Code     0  startup_stm32f103x6.o(.text)
    DMA1_Channel7_IRQHandler                 0x080001ab   Thumb Code     0  startup_stm32f103x6.o(.text)
    EXTI0_IRQHandler                         0x080001ab   Thumb Code     0  startup_stm32f103x6.o(.text)
    EXTI15_10_IRQHandler                     0x080001ab   Thumb Code     0  startup_stm32f103x6.o(.text)
    EXTI1_IRQHandler                         0x080001ab   Thumb Code     0  startup_stm32f103x6.o(.text)
    EXTI2_IRQHandler                         0x080001ab   Thumb Code     0  startup_stm32f103x6.o(.text)
    EXTI3_IRQHandler                         0x080001ab   Thumb Code     0  startup_stm32f103x6.o(.text)
    EXTI4_IRQHandler                         0x080001ab   Thumb Code     0  startup_stm32f103x6.o(.text)
    EXTI9_5_IRQHandler                       0x080001ab   Thumb Code     0  startup_stm32f103x6.o(.text)
    FLASH_IRQHandler                         0x080001ab   Thumb Code     0  startup_stm32f103x6.o(.text)
    I2C1_ER_IRQHandler                       0x080001ab   Thumb Code     0  startup_stm32f103x6.o(.text)
    I2C1_EV_IRQHandler                       0x080001ab   Thumb Code     0  startup_stm32f103x6.o(.text)
    PVD_IRQHandler                           0x080001ab   Thumb Code     0  startup_stm32f103x6.o(.text)
    RCC_IRQHandler                           0x080001ab   Thumb Code     0  startup_stm32f103x6.o(.text)
    RTC_Alarm_IRQHandler                     0x080001ab   Thumb Code     0  startup_stm32f103x6.o(.text)
    RTC_IRQHandler                           0x080001ab   Thumb Code     0  startup_stm32f103x6.o(.text)
    SPI1_IRQHandler                          0x080001ab   Thumb Code     0  startup_stm32f103x6.o(.text)
    TAMPER_IRQHandler                        0x080001ab   Thumb Code     0  startup_stm32f103x6.o(.text)
    TIM1_BRK_IRQHandler                      0x080001ab   Thumb Code     0  startup_stm32f103x6.o(.text)
    TIM1_CC_IRQHandler                       0x080001ab   Thumb Code     0  startup_stm32f103x6.o(.text)
    TIM1_TRG_COM_IRQHandler                  0x080001ab   Thumb Code     0  startup_stm32f103x6.o(.text)
    TIM1_UP_IRQHandler                       0x080001ab   Thumb Code     0  startup_stm32f103x6.o(.text)
    TIM2_IRQHandler                          0x080001ab   Thumb Code     0  startup_stm32f103x6.o(.text)
    USART1_IRQHandler                        0x080001ab   Thumb Code     0  startup_stm32f103x6.o(.text)
    USBWakeUp_IRQHandler                     0x080001ab   Thumb Code     0  startup_stm32f103x6.o(.text)
    USB_HP_CAN1_TX_IRQHandler                0x080001ab   Thumb Code     0  startup_stm32f103x6.o(.text)
    USB_LP_CAN1_RX0_IRQHandler               0x080001ab   Thumb Code     0  startup_stm32f103x6.o(.text)
    WWDG_IRQHandler                          0x080001ab   Thumb Code     0  startup_stm32f103x6.o(.text)
    __user_initial_stackheap                 0x080001ad   Thumb Code     0  startup_stm32f103x6.o(.text)
    __2snprintf                              0x080001d1   Thumb Code    48  noretval__2snprintf.o(.text)
    __printf                                 0x08000205   Thumb Code   104  __printf.o(.text)
    _printf_str                              0x0800026d   Thumb Code    82  _printf_str.o(.text)
    __aeabi_assert                           0x080002c1   Thumb Code    86  assert.o(.text)
    __assert                                 0x080002c1   Thumb Code     0  assert.o(.text)
    __aeabi_memcpy                           0x08000341   Thumb Code     0  rt_memcpy_v6.o(.text)
    __rt_memcpy                              0x08000341   Thumb Code   138  rt_memcpy_v6.o(.text)
    _memcpy_lastbytes                        0x080003a7   Thumb Code     0  rt_memcpy_v6.o(.text)
    __aeabi_memset4                          0x080003cb   Thumb Code    16  aeabi_memset4.o(.text)
    __aeabi_memset8                          0x080003cb   Thumb Code     0  aeabi_memset4.o(.text)
    __aeabi_memclr4                          0x080003db   Thumb Code     0  rt_memclr_w.o(.text)
    __aeabi_memclr8                          0x080003db   Thumb Code     0  rt_memclr_w.o(.text)
    __rt_memclr_w                            0x080003db   Thumb Code     0  rt_memclr_w.o(.text)
    _memset_w                                0x080003df   Thumb Code    74  rt_memclr_w.o(.text)
    __use_two_region_memory                  0x08000429   Thumb Code     2  heapauxi.o(.text)
    __rt_heap_escrow$2region                 0x0800042b   Thumb Code     2  heapauxi.o(.text)
    __rt_heap_expand$2region                 0x0800042d   Thumb Code     2  heapauxi.o(.text)
    _printf_char_common                      0x0800043b   Thumb Code    32  _printf_char_common.o(.text)
    _sputc                                   0x08000461   Thumb Code    10  _sputc.o(.text)
    _snputc                                  0x0800046b   Thumb Code    16  _snputc.o(.text)
    _printf_cs_common                        0x0800047b   Thumb Code    20  _printf_char.o(.text)
    _printf_char                             0x0800048f   Thumb Code    16  _printf_char.o(.text)
    _printf_string                           0x0800049f   Thumb Code     8  _printf_char.o(.text)
    abort                                    0x080004a7   Thumb Code    22  abort.o(.text)
    __assert_puts                            0x080004bd   Thumb Code    20  assert_puts.o(.text)
    __aeabi_memcpy4                          0x080004d1   Thumb Code     0  rt_memcpy_w.o(.text)
    __aeabi_memcpy8                          0x080004d1   Thumb Code     0  rt_memcpy_w.o(.text)
    __rt_memcpy_w                            0x080004d1   Thumb Code   100  rt_memcpy_w.o(.text)
    _memcpy_lastbytes_aligned                0x08000519   Thumb Code     0  rt_memcpy_w.o(.text)
    _ttywrch                                 0x08000535   Thumb Code    14  sys_wrch.o(.text)
    _sys_exit                                0x08000545   Thumb Code     8  sys_exit.o(.text)
    __rt_SIGABRT                             0x08000551   Thumb Code    14  defsig_abrt_outer.o(.text)
    __I$use$semihosting                      0x0800055f   Thumb Code     0  use_no_semi.o(.text)
    __use_no_semihosting_swi                 0x0800055f   Thumb Code     2  use_no_semi.o(.text)
    __semihosting_library_function           0x08000561   Thumb Code     0  indicate_semi.o(.text)
    __user_setup_stackheap                   0x08000561   Thumb Code    74  sys_stackheap_outer.o(.text)
    exit                                     0x080005ab   Thumb Code    18  exit.o(.text)
    __sig_exit                               0x080005bd   Thumb Code    10  defsig_exit.o(.text)
    __rt_SIGABRT_inner                       0x080005c9   Thumb Code    14  defsig_abrt_inner.o(.text)
    __user_libspace                          0x080005f9   Thumb Code     8  libspace.o(.text)
    __user_perproc_libspace                  0x080005f9   Thumb Code     0  libspace.o(.text)
    __user_perthread_libspace                0x080005f9   Thumb Code     0  libspace.o(.text)
    __default_signal_display                 0x08000601   Thumb Code    50  defsig_general.o(.text)
    BusFault_Handler                         0x08000635   Thumb Code     2  stm32f1xx_it.o(.text.BusFault_Handler)
    DebugMon_Handler                         0x08000639   Thumb Code     2  stm32f1xx_it.o(.text.DebugMon_Handler)
    EE_Init                                  0x0800063d   Thumb Code    30  ee.o(.text.EE_Init)
    EE_Read                                  0x0800065d   Thumb Code   134  ee.o(.text.EE_Read)
    EE_Write                                 0x080006e5   Thumb Code   314  ee.o(.text.EE_Write)
    EnterCriticalSection                     0x08000821   Thumb Code    22  mt_port.o(.text.EnterCriticalSection)
    Error_Handler                            0x08000839   Thumb Code    10  main.o(.text.Error_Handler)
    ExitCriticalSection                      0x08000845   Thumb Code    22  mt_port.o(.text.ExitCriticalSection)
    FLASH_WaitForLastOperation               0x0800085d   Thumb Code   224  stm32f1xx_hal_flash.o(.text.FLASH_WaitForLastOperation)
    HAL_DMA_Abort                            0x0800093d   Thumb Code    70  stm32f1xx_hal_dma.o(.text.HAL_DMA_Abort)
    HAL_DMA_Abort_IT                         0x08000985   Thumb Code   182  stm32f1xx_hal_dma.o(.text.HAL_DMA_Abort_IT)
    HAL_Delay                                0x08000a3d   Thumb Code    40  stm32f1xx_hal.o(.text.HAL_Delay)
    HAL_FLASHEx_Erase                        0x08000a65   Thumb Code   238  stm32f1xx_hal_flash_ex.o(.text.HAL_FLASHEx_Erase)
    HAL_FLASH_Lock                           0x08000b55   Thumb Code    20  stm32f1xx_hal_flash.o(.text.HAL_FLASH_Lock)
    HAL_FLASH_Program                        0x08000b69   Thumb Code   198  stm32f1xx_hal_flash.o(.text.HAL_FLASH_Program)
    HAL_FLASH_Unlock                         0x08000c31   Thumb Code    46  stm32f1xx_hal_flash.o(.text.HAL_FLASH_Unlock)
    HAL_GPIO_Init                            0x08000c61   Thumb Code   514  stm32f1xx_hal_gpio.o(.text.HAL_GPIO_Init)
    HAL_GPIO_ReadPin                         0x08000e65   Thumb Code    10  stm32f1xx_hal_gpio.o(.text.HAL_GPIO_ReadPin)
    HAL_GPIO_WritePin                        0x08000e71   Thumb Code    10  stm32f1xx_hal_gpio.o(.text.HAL_GPIO_WritePin)
    HAL_GetTick                              0x08000e7d   Thumb Code    12  stm32f1xx_hal.o(.text.HAL_GetTick)
    HAL_I2C_Init                             0x08000e89   Thumb Code   374  stm32f1xx_hal_i2c.o(.text.HAL_I2C_Init)
    HAL_I2C_Mem_Write                        0x08001001   Thumb Code   348  stm32f1xx_hal_i2c.o(.text.HAL_I2C_Mem_Write)
    HAL_I2C_MspInit                          0x0800115d   Thumb Code    98  i2c.o(.text.HAL_I2C_MspInit)
    HAL_IncTick                              0x080011c1   Thumb Code    26  stm32f1xx_hal.o(.text.HAL_IncTick)
    HAL_Init                                 0x080011dd   Thumb Code    38  stm32f1xx_hal.o(.text.HAL_Init)
    HAL_InitTick                             0x08001205   Thumb Code    72  stm32f1xx_hal.o(.text.HAL_InitTick)
    HAL_MspInit                              0x0800124d   Thumb Code    66  stm32f1xx_hal_msp.o(.text.HAL_MspInit)
    HAL_NVIC_EnableIRQ                       0x08001291   Thumb Code    32  stm32f1xx_hal_cortex.o(.text.HAL_NVIC_EnableIRQ)
    HAL_NVIC_SetPriority                     0x080012b1   Thumb Code    86  stm32f1xx_hal_cortex.o(.text.HAL_NVIC_SetPriority)
    HAL_NVIC_SetPriorityGrouping             0x08001309   Thumb Code    32  stm32f1xx_hal_cortex.o(.text.HAL_NVIC_SetPriorityGrouping)
    HAL_RCC_ClockConfig                      0x08001329   Thumb Code   446  stm32f1xx_hal_rcc.o(.text.HAL_RCC_ClockConfig)
    HAL_RCC_GetPCLK1Freq                     0x080014e9   Thumb Code    38  stm32f1xx_hal_rcc.o(.text.HAL_RCC_GetPCLK1Freq)
    HAL_RCC_GetPCLK2Freq                     0x08001511   Thumb Code    38  stm32f1xx_hal_rcc.o(.text.HAL_RCC_GetPCLK2Freq)
    HAL_RCC_OscConfig                        0x08001539   Thumb Code   948  stm32f1xx_hal_rcc.o(.text.HAL_RCC_OscConfig)
    HAL_SYSTICK_Config                       0x080018ed   Thumb Code    44  stm32f1xx_hal_cortex.o(.text.HAL_SYSTICK_Config)
    HAL_TIMEx_BreakCallback                  0x08001919   Thumb Code     2  stm32f1xx_hal_tim_ex.o(.text.HAL_TIMEx_BreakCallback)
    HAL_TIMEx_CommutCallback                 0x0800191d   Thumb Code     2  stm32f1xx_hal_tim_ex.o(.text.HAL_TIMEx_CommutCallback)
    HAL_TIMEx_MasterConfigSynchronization    0x08001921   Thumb Code    94  stm32f1xx_hal_tim_ex.o(.text.HAL_TIMEx_MasterConfigSynchronization)
    HAL_TIM_Base_Init                        0x08001981   Thumb Code   192  stm32f1xx_hal_tim.o(.text.HAL_TIM_Base_Init)
    HAL_TIM_Base_MspInit                     0x08001a41   Thumb Code    70  tim.o(.text.HAL_TIM_Base_MspInit)
    HAL_TIM_Base_Start_IT                    0x08001a89   Thumb Code    84  stm32f1xx_hal_tim.o(.text.HAL_TIM_Base_Start_IT)
    HAL_TIM_Base_Stop_IT                     0x08001add   Thumb Code    60  stm32f1xx_hal_tim.o(.text.HAL_TIM_Base_Stop_IT)
    HAL_TIM_ConfigClockSource                0x08001b19   Thumb Code   412  stm32f1xx_hal_tim.o(.text.HAL_TIM_ConfigClockSource)
    HAL_TIM_IC_CaptureCallback               0x08001cb5   Thumb Code     2  stm32f1xx_hal_tim.o(.text.HAL_TIM_IC_CaptureCallback)
    HAL_TIM_IRQHandler                       0x08001cb9   Thumb Code   368  stm32f1xx_hal_tim.o(.text.HAL_TIM_IRQHandler)
    HAL_TIM_OC_DelayElapsedCallback          0x08001e29   Thumb Code     2  stm32f1xx_hal_tim.o(.text.HAL_TIM_OC_DelayElapsedCallback)
    HAL_TIM_PWM_PulseFinishedCallback        0x08001e2d   Thumb Code     2  stm32f1xx_hal_tim.o(.text.HAL_TIM_PWM_PulseFinishedCallback)
    HAL_TIM_PeriodElapsedCallback            0x08001e31   Thumb Code    58  porttimer.o(.text.HAL_TIM_PeriodElapsedCallback)
    HAL_TIM_TriggerCallback                  0x08001e6d   Thumb Code     2  stm32f1xx_hal_tim.o(.text.HAL_TIM_TriggerCallback)
    HAL_UARTEx_RxEventCallback               0x08001e71   Thumb Code     2  stm32f1xx_hal_uart.o(.text.HAL_UARTEx_RxEventCallback)
    HAL_UART_AbortReceiveCpltCallback        0x08001e75   Thumb Code     2  stm32f1xx_hal_uart.o(.text.HAL_UART_AbortReceiveCpltCallback)
    HAL_UART_AbortReceive_IT                 0x08001e79   Thumb Code   394  stm32f1xx_hal_uart.o(.text.HAL_UART_AbortReceive_IT)
    HAL_UART_AbortTransmitCpltCallback       0x08002005   Thumb Code     2  stm32f1xx_hal_uart.o(.text.HAL_UART_AbortTransmitCpltCallback)
    HAL_UART_AbortTransmit_IT                0x08002009   Thumb Code   236  stm32f1xx_hal_uart.o(.text.HAL_UART_AbortTransmit_IT)
    HAL_UART_ErrorCallback                   0x080020f5   Thumb Code     2  stm32f1xx_hal_uart.o(.text.HAL_UART_ErrorCallback)
    HAL_UART_IRQHandler                      0x080020f9   Thumb Code  1406  stm32f1xx_hal_uart.o(.text.HAL_UART_IRQHandler)
    HAL_UART_Init                            0x08002679   Thumb Code   222  stm32f1xx_hal_uart.o(.text.HAL_UART_Init)
    HAL_UART_MspInit                         0x08002759   Thumb Code   150  usart.o(.text.HAL_UART_MspInit)
    HAL_UART_Receive_IT                      0x080027f1   Thumb Code    82  stm32f1xx_hal_uart.o(.text.HAL_UART_Receive_IT)
    HAL_UART_RxCpltCallback                  0x08002845   Thumb Code    32  portserial.o(.text.HAL_UART_RxCpltCallback)
    HAL_UART_Transmit_IT                     0x08002865   Thumb Code    56  stm32f1xx_hal_uart.o(.text.HAL_UART_Transmit_IT)
    HAL_UART_TxCpltCallback                  0x0800289d   Thumb Code    32  portserial.o(.text.HAL_UART_TxCpltCallback)
    HardFault_Handler                        0x080028bd   Thumb Code     2  stm32f1xx_it.o(.text.HardFault_Handler)
    MT_PORT_SetTimerModule                   0x08002c81   Thumb Code    12  mt_port.o(.text.MT_PORT_SetTimerModule)
    MT_PORT_SetUartModule                    0x08002c8d   Thumb Code    12  mt_port.o(.text.MT_PORT_SetUartModule)
    MX_GPIO_Init                             0x08002c99   Thumb Code   194  gpio.o(.text.MX_GPIO_Init)
    MX_I2C1_Init                             0x08002d5d   Thumb Code    66  i2c.o(.text.MX_I2C1_Init)
    MX_TIM3_Init                             0x08002da1   Thumb Code   122  tim.o(.text.MX_TIM3_Init)
    MX_USART2_UART_Init                      0x08002e1d   Thumb Code    60  usart.o(.text.MX_USART2_UART_Init)
    MemManage_Handler                        0x08002e59   Thumb Code     2  stm32f1xx_it.o(.text.MemManage_Handler)
    ModbusRtuInit                            0x08002e5d   Thumb Code    48  rtuhandler.o(.text.ModbusRtuInit)
    NMI_Handler                              0x08002e8d   Thumb Code     2  stm32f1xx_it.o(.text.NMI_Handler)
    PendSV_Handler                           0x08002e91   Thumb Code     2  stm32f1xx_it.o(.text.PendSV_Handler)
    Rtudisplay_Init                          0x08002e95   Thumb Code   204  rtudisplay.o(.text.Rtudisplay_Init)
    Rtudisplay_SaveParam                     0x08002f75   Thumb Code    82  rtudisplay.o(.text.Rtudisplay_SaveParam)
    Rtudisplay_UpdateBuzzer                  0x08002fc9   Thumb Code   118  rtudisplay.o(.text.Rtudisplay_UpdateBuzzer)
    Rtudisplay_UpdateKey                     0x08003041   Thumb Code   100  rtudisplay.o(.text.Rtudisplay_UpdateKey)
    Rtudisplay_UpdateLCD                     0x080030a5   Thumb Code   574  rtudisplay.o(.text.Rtudisplay_UpdateLCD)
    SVC_Handler                              0x080032e5   Thumb Code     2  stm32f1xx_it.o(.text.SVC_Handler)
    SysTick_Handler                          0x080032e9   Thumb Code     4  stm32f1xx_it.o(.text.SysTick_Handler)
    SystemInit                               0x080032ed   Thumb Code     2  system_stm32f1xx.o(.text.SystemInit)
    TIM3_IRQHandler                          0x080032f1   Thumb Code    12  stm32f1xx_it.o(.text.TIM3_IRQHandler)
    USART2_IRQHandler                        0x08003431   Thumb Code    12  stm32f1xx_it.o(.text.USART2_IRQHandler)
    UsageFault_Handler                       0x0800343d   Thumb Code     2  stm32f1xx_it.o(.text.UsageFault_Handler)
    eMBEnable                                0x08003441   Thumb Code    30  mb.o(.text.eMBEnable)
    eMBFuncReadHoldingRegister               0x08003461   Thumb Code   104  mbfuncholding.o(.text.eMBFuncReadHoldingRegister)
    eMBFuncReportSlaveID                     0x080034c9   Thumb Code    32  mbfuncother.o(.text.eMBFuncReportSlaveID)
    eMBFuncWriteHoldingRegister              0x080034e9   Thumb Code    52  mbfuncholding.o(.text.eMBFuncWriteHoldingRegister)
    eMBFuncWriteMultipleHoldingRegister      0x0800351d   Thumb Code    94  mbfuncholding.o(.text.eMBFuncWriteMultipleHoldingRegister)
    eMBInit                                  0x0800357d   Thumb Code   124  mb.o(.text.eMBInit)
    eMBPoll                                  0x080035f9   Thumb Code   440  mb.o(.text.eMBPoll)
    eMBRTUInit                               0x080037b1   Thumb Code    86  mbrtu.o(.text.eMBRTUInit)
    eMBRTUReceive                            0x08003809   Thumb Code   112  mbrtu.o(.text.eMBRTUReceive)
    eMBRTUSend                               0x080038a1   Thumb Code   120  mbrtu.o(.text.eMBRTUSend)
    eMBRTUStart                              0x08003919   Thumb Code    38  mbrtu.o(.text.eMBRTUStart)
    eMBRegHoldingCB                          0x08003941   Thumb Code   472  rtuhandler.o(.text.eMBRegHoldingCB)
    main                                     0x08003b19   Thumb Code   174  main.o(.text.main)
    prveMBError2Exception                    0x08003bc9   Thumb Code    26  mbutils.o(.text.prveMBError2Exception)
    ssd1306_Fill                             0x08003be5   Thumb Code    28  ssd1306.o(.text.ssd1306_Fill)
    ssd1306_Init                             0x08003c01   Thumb Code   854  ssd1306.o(.text.ssd1306_Init)
    ssd1306_SetCursor                        0x08003f59   Thumb Code    14  ssd1306.o(.text.ssd1306_SetCursor)
    ssd1306_UpdateScreen                     0x08003f69   Thumb Code   158  ssd1306.o(.text.ssd1306_UpdateScreen)
    ssd1306_WriteChar                        0x08004009   Thumb Code  1316  ssd1306.o(.text.ssd1306_WriteChar)
    ssd1306_WriteString                      0x0800452d   Thumb Code    60  ssd1306.o(.text.ssd1306_WriteString)
    usMBCRC16                                0x08004569   Thumb Code   202  mbcrc.o(.text.usMBCRC16)
    vMBPortSerialEnable                      0x08004635   Thumb Code    82  portserial.o(.text.vMBPortSerialEnable)
    vMBPortTimersDisable                     0x08004689   Thumb Code    14  porttimer.o(.text.vMBPortTimersDisable)
    vMBPortTimersEnable                      0x08004699   Thumb Code    26  porttimer.o(.text.vMBPortTimersEnable)
    xMBPortEventGet                          0x080046b5   Thumb Code    32  portevent.o(.text.xMBPortEventGet)
    xMBPortEventInit                         0x080046d5   Thumb Code    16  portevent.o(.text.xMBPortEventInit)
    xMBPortEventPost                         0x080046e5   Thumb Code    20  portevent.o(.text.xMBPortEventPost)
    xMBPortSerialGetByte                     0x080046f9   Thumb Code    34  portserial.o(.text.xMBPortSerialGetByte)
    xMBPortSerialInit                        0x0800471d   Thumb Code     4  portserial.o(.text.xMBPortSerialInit)
    xMBPortSerialPutByte                     0x08004721   Thumb Code    34  portserial.o(.text.xMBPortSerialPutByte)
    xMBPortTimersInit                        0x08004745   Thumb Code    16  porttimer.o(.text.xMBPortTimersInit)
    xMBRTUReceiveFSM                         0x08004755   Thumb Code   128  mbrtu.o(.text.xMBRTUReceiveFSM)
    xMBRTUTimerT35Expired                    0x080047f1   Thumb Code   112  mbrtu.o(.text.xMBRTUTimerT35Expired)
    xMBRTUTransmitFSM                        0x08004861   Thumb Code   144  mbrtu.o(.text.xMBRTUTransmitFSM)
    AHBPrescTable                            0x0800490c   Data          16  system_stm32f1xx.o(.rodata.AHBPrescTable)
    APBPrescTable                            0x0800491c   Data           8  system_stm32f1xx.o(.rodata.APBPrescTable)
    Region$$Table$$Base                      0x08005918   Number         0  anon$$obj.o(Region$$Table)
    Region$$Table$$Limit                     0x08005938   Number         0  anon$$obj.o(Region$$Table)
    uwTickFreq                               0x20000000   Data           1  stm32f1xx_hal.o(.data..L_MergedGlobals)
    uwTickPrio                               0x20000004   Data           4  stm32f1xx_hal.o(.data..L_MergedGlobals)
    Font_11x18                               0x20000008   Data           8  fonts.o(.data.Font_11x18)
    SystemCoreClock                          0x20000010   Data           4  system_stm32f1xx.o(.data.SystemCoreClock)
    __libspace_start                         0x20000098   Data          96  libspace.o(.bss)
    __temporary_stack_top$libspace           0x200000f8   Data           0  libspace.o(.bss)
    timerPeriod                              0x2000011c   Data           2  porttimer.o(.bss..L_MergedGlobals)
    timerCounter                             0x2000011e   Data           2  porttimer.o(.bss..L_MergedGlobals)
    pxMBFrameCBByteReceived                  0x20000134   Data           4  mb.o(.bss..L_MergedGlobals)
    pxMBFrameCBTransmitterEmpty              0x20000138   Data           4  mb.o(.bss..L_MergedGlobals)
    pxMBPortCBTimerExpired                   0x2000013c   Data           4  mb.o(.bss..L_MergedGlobals)
    EE_Setting                               0x2000014c   Data           4  rtudisplay.o(.bss..L_MergedGlobals)
    HRBuff                                   0x20000150   Data         104  rtudisplay.o(.bss..L_MergedGlobals)
    HR_Write_Flag                            0x200001b8   Data           1  rtuhandler.o(.bss.HR_Write_Flag)
    Holding_REG_Start                        0x200001ba   Data           2  rtudisplay.o(.bss.Holding_REG_Start)
    eeHandle                                 0x200005cc   Data           8  ee.o(.bss.eeHandle)
    hi2c1                                    0x200005d4   Data          84  i2c.o(.bss.hi2c1)
    htim3                                    0x20000628   Data          72  tim.o(.bss.htim3)
    huart2                                   0x20000670   Data          72  usart.o(.bss.huart2)
    modbusTimer                              0x200006bc   Data           4  mt_port.o(.bss.modbusTimer)
    modbusUart                               0x200006c0   Data           4  mt_port.o(.bss.modbusUart)
    pFlash                                   0x200006c8   Data          32  stm32f1xx_hal_flash.o(.bss.pFlash)
    rxByte                                   0x200006e8   Data           1  portserial.o(.bss.rxByte)
    txByte                                   0x200006e9   Data           1  portserial.o(.bss.txByte)
    ucRTUBuf                                 0x200006ea   Data         256  mbrtu.o(.bss.ucRTUBuf)
    uwTick                                   0x200007ec   Data           4  stm32f1xx_hal.o(.bss.uwTick)



==============================================================================

Memory Map of the image

  Image Entry point : 0x080000ed

  Load Region LR_IROM1 (Base: 0x08000000, Size: 0x000059d0, Max: 0x00008000, ABSOLUTE)

    Execution Region ER_IROM1 (Exec base: 0x08000000, Load base: 0x08000000, Size: 0x00005938, Max: 0x00008000, ABSOLUTE)

    Exec Addr    Load Addr    Size         Type   Attr      Idx    E Section Name        Object

    0x08000000   0x08000000   0x000000ec   Data   RO            3    RESET               startup_stm32f103x6.o
    0x080000ec   0x080000ec   0x00000008   Code   RO         1370  * !!!main             c_w.l(__main.o)
    0x080000f4   0x080000f4   0x00000034   Code   RO         1554    !!!scatter          c_w.l(__scatter.o)
    0x08000128   0x08000128   0x0000001a   Code   RO         1556    !!handler_copy      c_w.l(__scatter_copy.o)
    0x08000142   0x08000142   0x00000002   PAD
    0x08000144   0x08000144   0x0000001c   Code   RO         1558    !!handler_zi        c_w.l(__scatter_zi.o)
    0x08000160   0x08000160   0x00000000   Code   RO         1359    .ARM.Collect$$_printf_percent$$00000000  c_w.l(_printf_percent.o)
    0x08000160   0x08000160   0x00000006   Code   RO         1358    .ARM.Collect$$_printf_percent$$00000014  c_w.l(_printf_s.o)
    0x08000166   0x08000166   0x00000004   Code   RO         1381    .ARM.Collect$$_printf_percent$$00000017  c_w.l(_printf_percent_end.o)
    0x0800016a   0x0800016a   0x00000002   Code   RO         1435    .ARM.Collect$$libinit$$00000000  c_w.l(libinit.o)
    0x0800016c   0x0800016c   0x00000000   Code   RO         1446    .ARM.Collect$$libinit$$00000002  c_w.l(libinit2.o)
    0x0800016c   0x0800016c   0x00000000   Code   RO         1448    .ARM.Collect$$libinit$$00000004  c_w.l(libinit2.o)
    0x0800016c   0x0800016c   0x00000000   Code   RO         1451    .ARM.Collect$$libinit$$0000000A  c_w.l(libinit2.o)
    0x0800016c   0x0800016c   0x00000000   Code   RO         1453    .ARM.Collect$$libinit$$0000000C  c_w.l(libinit2.o)
    0x0800016c   0x0800016c   0x00000000   Code   RO         1455    .ARM.Collect$$libinit$$0000000E  c_w.l(libinit2.o)
    0x0800016c   0x0800016c   0x00000000   Code   RO         1458    .ARM.Collect$$libinit$$00000011  c_w.l(libinit2.o)
    0x0800016c   0x0800016c   0x00000000   Code   RO         1460    .ARM.Collect$$libinit$$00000013  c_w.l(libinit2.o)
    0x0800016c   0x0800016c   0x00000000   Code   RO         1462    .ARM.Collect$$libinit$$00000015  c_w.l(libinit2.o)
    0x0800016c   0x0800016c   0x00000000   Code   RO         1464    .ARM.Collect$$libinit$$00000017  c_w.l(libinit2.o)
    0x0800016c   0x0800016c   0x00000000   Code   RO         1466    .ARM.Collect$$libinit$$00000019  c_w.l(libinit2.o)
    0x0800016c   0x0800016c   0x00000000   Code   RO         1468    .ARM.Collect$$libinit$$0000001B  c_w.l(libinit2.o)
    0x0800016c   0x0800016c   0x00000000   Code   RO         1470    .ARM.Collect$$libinit$$0000001D  c_w.l(libinit2.o)
    0x0800016c   0x0800016c   0x00000000   Code   RO         1472    .ARM.Collect$$libinit$$0000001F  c_w.l(libinit2.o)
    0x0800016c   0x0800016c   0x00000000   Code   RO         1474    .ARM.Collect$$libinit$$00000021  c_w.l(libinit2.o)
    0x0800016c   0x0800016c   0x00000000   Code   RO         1476    .ARM.Collect$$libinit$$00000023  c_w.l(libinit2.o)
    0x0800016c   0x0800016c   0x00000000   Code   RO         1478    .ARM.Collect$$libinit$$00000025  c_w.l(libinit2.o)
    0x0800016c   0x0800016c   0x00000000   Code   RO         1482    .ARM.Collect$$libinit$$0000002C  c_w.l(libinit2.o)
    0x0800016c   0x0800016c   0x00000000   Code   RO         1484    .ARM.Collect$$libinit$$0000002E  c_w.l(libinit2.o)
    0x0800016c   0x0800016c   0x00000000   Code   RO         1486    .ARM.Collect$$libinit$$00000030  c_w.l(libinit2.o)
    0x0800016c   0x0800016c   0x00000000   Code   RO         1488    .ARM.Collect$$libinit$$00000032  c_w.l(libinit2.o)
    0x0800016c   0x0800016c   0x00000002   Code   RO         1489    .ARM.Collect$$libinit$$00000033  c_w.l(libinit2.o)
    0x0800016e   0x0800016e   0x00000002   Code   RO         1525    .ARM.Collect$$libshutdown$$00000000  c_w.l(libshutdown.o)
    0x08000170   0x08000170   0x00000000   Code   RO         1537    .ARM.Collect$$libshutdown$$00000002  c_w.l(libshutdown2.o)
    0x08000170   0x08000170   0x00000000   Code   RO         1539    .ARM.Collect$$libshutdown$$00000004  c_w.l(libshutdown2.o)
    0x08000170   0x08000170   0x00000000   Code   RO         1542    .ARM.Collect$$libshutdown$$00000007  c_w.l(libshutdown2.o)
    0x08000170   0x08000170   0x00000000   Code   RO         1545    .ARM.Collect$$libshutdown$$0000000A  c_w.l(libshutdown2.o)
    0x08000170   0x08000170   0x00000000   Code   RO         1547    .ARM.Collect$$libshutdown$$0000000C  c_w.l(libshutdown2.o)
    0x08000170   0x08000170   0x00000000   Code   RO         1550    .ARM.Collect$$libshutdown$$0000000F  c_w.l(libshutdown2.o)
    0x08000170   0x08000170   0x00000002   Code   RO         1551    .ARM.Collect$$libshutdown$$00000010  c_w.l(libshutdown2.o)
    0x08000172   0x08000172   0x00000000   Code   RO         1372    .ARM.Collect$$rtentry$$00000000  c_w.l(__rtentry.o)
    0x08000172   0x08000172   0x00000000   Code   RO         1397    .ARM.Collect$$rtentry$$00000002  c_w.l(__rtentry2.o)
    0x08000172   0x08000172   0x00000006   Code   RO         1409    .ARM.Collect$$rtentry$$00000004  c_w.l(__rtentry4.o)
    0x08000178   0x08000178   0x00000000   Code   RO         1399    .ARM.Collect$$rtentry$$00000009  c_w.l(__rtentry2.o)
    0x08000178   0x08000178   0x00000004   Code   RO         1400    .ARM.Collect$$rtentry$$0000000A  c_w.l(__rtentry2.o)
    0x0800017c   0x0800017c   0x00000000   Code   RO         1402    .ARM.Collect$$rtentry$$0000000C  c_w.l(__rtentry2.o)
    0x0800017c   0x0800017c   0x00000008   Code   RO         1403    .ARM.Collect$$rtentry$$0000000D  c_w.l(__rtentry2.o)
    0x08000184   0x08000184   0x00000002   Code   RO         1439    .ARM.Collect$$rtexit$$00000000  c_w.l(rtexit.o)
    0x08000186   0x08000186   0x00000000   Code   RO         1491    .ARM.Collect$$rtexit$$00000002  c_w.l(rtexit2.o)
    0x08000186   0x08000186   0x00000004   Code   RO         1492    .ARM.Collect$$rtexit$$00000003  c_w.l(rtexit2.o)
    0x0800018a   0x0800018a   0x00000006   Code   RO         1493    .ARM.Collect$$rtexit$$00000004  c_w.l(rtexit2.o)
    0x08000190   0x08000190   0x00000040   Code   RO            4    .text               startup_stm32f103x6.o
    0x080001d0   0x080001d0   0x00000034   Code   RO         1332    .text               c_w.l(noretval__2snprintf.o)
    0x08000204   0x08000204   0x00000068   Code   RO         1334    .text               c_w.l(__printf.o)
    0x0800026c   0x0800026c   0x00000052   Code   RO         1336    .text               c_w.l(_printf_str.o)
    0x080002be   0x080002be   0x00000002   PAD
    0x080002c0   0x080002c0   0x00000080   Code   RO         1360    .text               c_w.l(assert.o)
    0x08000340   0x08000340   0x0000008a   Code   RO         1362    .text               c_w.l(rt_memcpy_v6.o)
    0x080003ca   0x080003ca   0x00000010   Code   RO         1364    .text               c_w.l(aeabi_memset4.o)
    0x080003da   0x080003da   0x0000004e   Code   RO         1366    .text               c_w.l(rt_memclr_w.o)
    0x08000428   0x08000428   0x00000006   Code   RO         1368    .text               c_w.l(heapauxi.o)
    0x0800042e   0x0800042e   0x00000002   PAD
    0x08000430   0x08000430   0x00000030   Code   RO         1373    .text               c_w.l(_printf_char_common.o)
    0x08000460   0x08000460   0x0000000a   Code   RO         1375    .text               c_w.l(_sputc.o)
    0x0800046a   0x0800046a   0x00000010   Code   RO         1377    .text               c_w.l(_snputc.o)
    0x0800047a   0x0800047a   0x0000002c   Code   RO         1379    .text               c_w.l(_printf_char.o)
    0x080004a6   0x080004a6   0x00000016   Code   RO         1382    .text               c_w.l(abort.o)
    0x080004bc   0x080004bc   0x00000014   Code   RO         1384    .text               c_w.l(assert_puts.o)
    0x080004d0   0x080004d0   0x00000064   Code   RO         1386    .text               c_w.l(rt_memcpy_w.o)
    0x08000534   0x08000534   0x0000000e   Code   RO         1388    .text               c_w.l(sys_wrch.o)
    0x08000542   0x08000542   0x00000002   PAD
    0x08000544   0x08000544   0x0000000c   Code   RO         1390    .text               c_w.l(sys_exit.o)
    0x08000550   0x08000550   0x0000000e   Code   RO         1413    .text               c_w.l(defsig_abrt_outer.o)
    0x0800055e   0x0800055e   0x00000002   Code   RO         1417    .text               c_w.l(use_no_semi.o)
    0x08000560   0x08000560   0x00000000   Code   RO         1419    .text               c_w.l(indicate_semi.o)
    0x08000560   0x08000560   0x0000004a   Code   RO         1420    .text               c_w.l(sys_stackheap_outer.o)
    0x080005aa   0x080005aa   0x00000012   Code   RO         1424    .text               c_w.l(exit.o)
    0x080005bc   0x080005bc   0x0000000a   Code   RO         1426    .text               c_w.l(defsig_exit.o)
    0x080005c6   0x080005c6   0x00000002   PAD
    0x080005c8   0x080005c8   0x00000030   Code   RO         1428    .text               c_w.l(defsig_abrt_inner.o)
    0x080005f8   0x080005f8   0x00000008   Code   RO         1436    .text               c_w.l(libspace.o)
    0x08000600   0x08000600   0x00000032   Code   RO         1443    .text               c_w.l(defsig_general.o)
    0x08000632   0x08000632   0x00000002   PAD
    0x08000634   0x08000634   0x00000002   Code   RO           86    .text.BusFault_Handler  stm32f1xx_it.o
    0x08000636   0x08000636   0x00000002   PAD
    0x08000638   0x08000638   0x00000002   Code   RO           92    .text.DebugMon_Handler  stm32f1xx_it.o
    0x0800063a   0x0800063a   0x00000002   PAD
    0x0800063c   0x0800063c   0x0000001e   Code   RO         1242    .text.EE_Init       ee.o
    0x0800065a   0x0800065a   0x00000002   PAD
    0x0800065c   0x0800065c   0x00000086   Code   RO         1248    .text.EE_Read       ee.o
    0x080006e2   0x080006e2   0x00000002   PAD
    0x080006e4   0x080006e4   0x0000013a   Code   RO         1250    .text.EE_Write      ee.o
    0x0800081e   0x0800081e   0x00000002   PAD
    0x08000820   0x08000820   0x00000016   Code   RO         1094    .text.EnterCriticalSection  mt_port.o
    0x08000836   0x08000836   0x00000002   PAD
    0x08000838   0x08000838   0x0000000a   Code   RO           15    .text.Error_Handler  main.o
    0x08000842   0x08000842   0x00000002   PAD
    0x08000844   0x08000844   0x00000016   Code   RO         1096    .text.ExitCriticalSection  mt_port.o
    0x0800085a   0x0800085a   0x00000002   PAD
    0x0800085c   0x0800085c   0x000000e0   Code   RO          514    .text.FLASH_WaitForLastOperation  stm32f1xx_hal_flash.o
    0x0800093c   0x0800093c   0x00000046   Code   RO          404    .text.HAL_DMA_Abort  stm32f1xx_hal_dma.o
    0x08000982   0x08000982   0x00000002   PAD
    0x08000984   0x08000984   0x000000b6   Code   RO          406    .text.HAL_DMA_Abort_IT  stm32f1xx_hal_dma.o
    0x08000a3a   0x08000a3a   0x00000002   PAD
    0x08000a3c   0x08000a3c   0x00000028   Code   RO          280    .text.HAL_Delay     stm32f1xx_hal.o
    0x08000a64   0x08000a64   0x000000ee   Code   RO          545    .text.HAL_FLASHEx_Erase  stm32f1xx_hal_flash_ex.o
    0x08000b52   0x08000b52   0x00000002   PAD
    0x08000b54   0x08000b54   0x00000014   Code   RO          526    .text.HAL_FLASH_Lock  stm32f1xx_hal_flash.o
    0x08000b68   0x08000b68   0x000000c6   Code   RO          512    .text.HAL_FLASH_Program  stm32f1xx_hal_flash.o
    0x08000c2e   0x08000c2e   0x00000002   PAD
    0x08000c30   0x08000c30   0x0000002e   Code   RO          524    .text.HAL_FLASH_Unlock  stm32f1xx_hal_flash.o
    0x08000c5e   0x08000c5e   0x00000002   PAD
    0x08000c60   0x08000c60   0x00000202   Code   RO          372    .text.HAL_GPIO_Init  stm32f1xx_hal_gpio.o
    0x08000e62   0x08000e62   0x00000002   PAD
    0x08000e64   0x08000e64   0x0000000a   Code   RO          376    .text.HAL_GPIO_ReadPin  stm32f1xx_hal_gpio.o
    0x08000e6e   0x08000e6e   0x00000002   PAD
    0x08000e70   0x08000e70   0x0000000a   Code   RO          378    .text.HAL_GPIO_WritePin  stm32f1xx_hal_gpio.o
    0x08000e7a   0x08000e7a   0x00000002   PAD
    0x08000e7c   0x08000e7c   0x0000000c   Code   RO          272    .text.HAL_GetTick   stm32f1xx_hal.o
    0x08000e88   0x08000e88   0x00000176   Code   RO          132    .text.HAL_I2C_Init  stm32f1xx_hal_i2c.o
    0x08000ffe   0x08000ffe   0x00000002   PAD
    0x08001000   0x08001000   0x0000015c   Code   RO          174    .text.HAL_I2C_Mem_Write  stm32f1xx_hal_i2c.o
    0x0800115c   0x0800115c   0x00000062   Code   RO           37    .text.HAL_I2C_MspInit  i2c.o
    0x080011be   0x080011be   0x00000002   PAD
    0x080011c0   0x080011c0   0x0000001a   Code   RO          270    .text.HAL_IncTick   stm32f1xx_hal.o
    0x080011da   0x080011da   0x00000002   PAD
    0x080011dc   0x080011dc   0x00000026   Code   RO          260    .text.HAL_Init      stm32f1xx_hal.o
    0x08001202   0x08001202   0x00000002   PAD
    0x08001204   0x08001204   0x00000048   Code   RO          262    .text.HAL_InitTick  stm32f1xx_hal.o
    0x0800124c   0x0800124c   0x00000042   Code   RO          109    .text.HAL_MspInit   stm32f1xx_hal_msp.o
    0x0800128e   0x0800128e   0x00000002   PAD
    0x08001290   0x08001290   0x00000020   Code   RO          432    .text.HAL_NVIC_EnableIRQ  stm32f1xx_hal_cortex.o
    0x080012b0   0x080012b0   0x00000056   Code   RO          430    .text.HAL_NVIC_SetPriority  stm32f1xx_hal_cortex.o
    0x08001306   0x08001306   0x00000002   PAD
    0x08001308   0x08001308   0x00000020   Code   RO          428    .text.HAL_NVIC_SetPriorityGrouping  stm32f1xx_hal_cortex.o
    0x08001328   0x08001328   0x000001be   Code   RO          324    .text.HAL_RCC_ClockConfig  stm32f1xx_hal_rcc.o
    0x080014e6   0x080014e6   0x00000002   PAD
    0x080014e8   0x080014e8   0x00000026   Code   RO          336    .text.HAL_RCC_GetPCLK1Freq  stm32f1xx_hal_rcc.o
    0x0800150e   0x0800150e   0x00000002   PAD
    0x08001510   0x08001510   0x00000026   Code   RO          338    .text.HAL_RCC_GetPCLK2Freq  stm32f1xx_hal_rcc.o
    0x08001536   0x08001536   0x00000002   PAD
    0x08001538   0x08001538   0x000003b4   Code   RO          322    .text.HAL_RCC_OscConfig  stm32f1xx_hal_rcc.o
    0x080018ec   0x080018ec   0x0000002c   Code   RO          440    .text.HAL_SYSTICK_Config  stm32f1xx_hal_cortex.o
    0x08001918   0x08001918   0x00000002   Code   RO          898    .text.HAL_TIMEx_BreakCallback  stm32f1xx_hal_tim_ex.o
    0x0800191a   0x0800191a   0x00000002   PAD
    0x0800191c   0x0800191c   0x00000002   Code   RO          894    .text.HAL_TIMEx_CommutCallback  stm32f1xx_hal_tim_ex.o
    0x0800191e   0x0800191e   0x00000002   PAD
    0x08001920   0x08001920   0x0000005e   Code   RO          888    .text.HAL_TIMEx_MasterConfigSynchronization  stm32f1xx_hal_tim_ex.o
    0x0800197e   0x0800197e   0x00000002   PAD
    0x08001980   0x08001980   0x000000c0   Code   RO          593    .text.HAL_TIM_Base_Init  stm32f1xx_hal_tim.o
    0x08001a40   0x08001a40   0x00000046   Code   RO           52    .text.HAL_TIM_Base_MspInit  tim.o
    0x08001a86   0x08001a86   0x00000002   PAD
    0x08001a88   0x08001a88   0x00000054   Code   RO          607    .text.HAL_TIM_Base_Start_IT  stm32f1xx_hal_tim.o
    0x08001adc   0x08001adc   0x0000003c   Code   RO          609    .text.HAL_TIM_Base_Stop_IT  stm32f1xx_hal_tim.o
    0x08001b18   0x08001b18   0x0000019c   Code   RO          773    .text.HAL_TIM_ConfigClockSource  stm32f1xx_hal_tim.o
    0x08001cb4   0x08001cb4   0x00000002   Code   RO          729    .text.HAL_TIM_IC_CaptureCallback  stm32f1xx_hal_tim.o
    0x08001cb6   0x08001cb6   0x00000002   PAD
    0x08001cb8   0x08001cb8   0x00000170   Code   RO          727    .text.HAL_TIM_IRQHandler  stm32f1xx_hal_tim.o
    0x08001e28   0x08001e28   0x00000002   Code   RO          731    .text.HAL_TIM_OC_DelayElapsedCallback  stm32f1xx_hal_tim.o
    0x08001e2a   0x08001e2a   0x00000002   PAD
    0x08001e2c   0x08001e2c   0x00000002   Code   RO          733    .text.HAL_TIM_PWM_PulseFinishedCallback  stm32f1xx_hal_tim.o
    0x08001e2e   0x08001e2e   0x00000002   PAD
    0x08001e30   0x08001e30   0x0000003a   Code   RO         1155    .text.HAL_TIM_PeriodElapsedCallback  porttimer.o
    0x08001e6a   0x08001e6a   0x00000002   PAD
    0x08001e6c   0x08001e6c   0x00000002   Code   RO          737    .text.HAL_TIM_TriggerCallback  stm32f1xx_hal_tim.o
    0x08001e6e   0x08001e6e   0x00000002   PAD
    0x08001e70   0x08001e70   0x00000002   Code   RO          996    .text.HAL_UARTEx_RxEventCallback  stm32f1xx_hal_uart.o
    0x08001e72   0x08001e72   0x00000002   PAD
    0x08001e74   0x08001e74   0x00000002   Code   RO          986    .text.HAL_UART_AbortReceiveCpltCallback  stm32f1xx_hal_uart.o
    0x08001e76   0x08001e76   0x00000002   PAD
    0x08001e78   0x08001e78   0x0000018a   Code   RO          982    .text.HAL_UART_AbortReceive_IT  stm32f1xx_hal_uart.o
    0x08002002   0x08002002   0x00000002   PAD
    0x08002004   0x08002004   0x00000002   Code   RO          980    .text.HAL_UART_AbortTransmitCpltCallback  stm32f1xx_hal_uart.o
    0x08002006   0x08002006   0x00000002   PAD
    0x08002008   0x08002008   0x000000ec   Code   RO          976    .text.HAL_UART_AbortTransmit_IT  stm32f1xx_hal_uart.o
    0x080020f4   0x080020f4   0x00000002   Code   RO          994    .text.HAL_UART_ErrorCallback  stm32f1xx_hal_uart.o
    0x080020f6   0x080020f6   0x00000002   PAD
    0x080020f8   0x080020f8   0x0000057e   Code   RO          988    .text.HAL_UART_IRQHandler  stm32f1xx_hal_uart.o
    0x08002676   0x08002676   0x00000002   PAD
    0x08002678   0x08002678   0x000000de   Code   RO          912    .text.HAL_UART_Init  stm32f1xx_hal_uart.o
    0x08002756   0x08002756   0x00000002   PAD
    0x08002758   0x08002758   0x00000096   Code   RO           67    .text.HAL_UART_MspInit  usart.o
    0x080027ee   0x080027ee   0x00000002   PAD
    0x080027f0   0x080027f0   0x00000052   Code   RO          932    .text.HAL_UART_Receive_IT  stm32f1xx_hal_uart.o
    0x08002842   0x08002842   0x00000002   PAD
    0x08002844   0x08002844   0x00000020   Code   RO         1137    .text.HAL_UART_RxCpltCallback  portserial.o
    0x08002864   0x08002864   0x00000038   Code   RO          930    .text.HAL_UART_Transmit_IT  stm32f1xx_hal_uart.o
    0x0800289c   0x0800289c   0x00000020   Code   RO         1135    .text.HAL_UART_TxCpltCallback  portserial.o
    0x080028bc   0x080028bc   0x00000002   Code   RO           82    .text.HardFault_Handler  stm32f1xx_it.o
    0x080028be   0x080028be   0x00000002   PAD
    0x080028c0   0x080028c0   0x00000120   Code   RO          176    .text.I2C_RequestMemoryWrite  stm32f1xx_hal_i2c.o
    0x080029e0   0x080029e0   0x000000d8   Code   RO          144    .text.I2C_WaitOnBTFFlagUntilTimeout  stm32f1xx_hal_i2c.o
    0x08002ab8   0x08002ab8   0x000000ee   Code   RO          250    .text.I2C_WaitOnMasterAddressFlagUntilTimeout  stm32f1xx_hal_i2c.o
    0x08002ba6   0x08002ba6   0x00000002   PAD
    0x08002ba8   0x08002ba8   0x000000d8   Code   RO          142    .text.I2C_WaitOnTXEFlagUntilTimeout  stm32f1xx_hal_i2c.o
    0x08002c80   0x08002c80   0x0000000c   Code   RO         1098    .text.MT_PORT_SetTimerModule  mt_port.o
    0x08002c8c   0x08002c8c   0x0000000c   Code   RO         1100    .text.MT_PORT_SetUartModule  mt_port.o
    0x08002c98   0x08002c98   0x000000c2   Code   RO           26    .text.MX_GPIO_Init  gpio.o
    0x08002d5a   0x08002d5a   0x00000002   PAD
    0x08002d5c   0x08002d5c   0x00000042   Code   RO           35    .text.MX_I2C1_Init  i2c.o
    0x08002d9e   0x08002d9e   0x00000002   PAD
    0x08002da0   0x08002da0   0x0000007a   Code   RO           50    .text.MX_TIM3_Init  tim.o
    0x08002e1a   0x08002e1a   0x00000002   PAD
    0x08002e1c   0x08002e1c   0x0000003c   Code   RO           65    .text.MX_USART2_UART_Init  usart.o
    0x08002e58   0x08002e58   0x00000002   Code   RO           84    .text.MemManage_Handler  stm32f1xx_it.o
    0x08002e5a   0x08002e5a   0x00000002   PAD
    0x08002e5c   0x08002e5c   0x00000030   Code   RO         1229    .text.ModbusRtuInit  rtuhandler.o
    0x08002e8c   0x08002e8c   0x00000002   Code   RO           80    .text.NMI_Handler   stm32f1xx_it.o
    0x08002e8e   0x08002e8e   0x00000002   PAD
    0x08002e90   0x08002e90   0x00000002   Code   RO           94    .text.PendSV_Handler  stm32f1xx_it.o
    0x08002e92   0x08002e92   0x00000002   PAD
    0x08002e94   0x08002e94   0x000000e0   Code   RO         1312    .text.Rtudisplay_Init  rtudisplay.o
    0x08002f74   0x08002f74   0x00000052   Code   RO         1308    .text.Rtudisplay_SaveParam  rtudisplay.o
    0x08002fc6   0x08002fc6   0x00000002   PAD
    0x08002fc8   0x08002fc8   0x00000076   Code   RO         1314    .text.Rtudisplay_UpdateBuzzer  rtudisplay.o
    0x0800303e   0x0800303e   0x00000002   PAD
    0x08003040   0x08003040   0x00000064   Code   RO         1310    .text.Rtudisplay_UpdateKey  rtudisplay.o
    0x080030a4   0x080030a4   0x0000023e   Code   RO         1316    .text.Rtudisplay_UpdateLCD  rtudisplay.o
    0x080032e2   0x080032e2   0x00000002   PAD
    0x080032e4   0x080032e4   0x00000002   Code   RO           90    .text.SVC_Handler   stm32f1xx_it.o
    0x080032e6   0x080032e6   0x00000002   PAD
    0x080032e8   0x080032e8   0x00000004   Code   RO           96    .text.SysTick_Handler  stm32f1xx_it.o
    0x080032ec   0x080032ec   0x00000002   Code   RO         1032    .text.SystemInit    system_stm32f1xx.o
    0x080032ee   0x080032ee   0x00000002   PAD
    0x080032f0   0x080032f0   0x0000000c   Code   RO           98    .text.TIM3_IRQHandler  stm32f1xx_it.o
    0x080032fc   0x080032fc   0x0000000c   Code   RO          992    .text.UART_DMAAbortOnError  stm32f1xx_hal_uart.o
    0x08003308   0x08003308   0x00000012   Code   RO          984    .text.UART_DMARxOnlyAbortCallback  stm32f1xx_hal_uart.o
    0x0800331a   0x0800331a   0x00000002   PAD
    0x0800331c   0x0800331c   0x00000010   Code   RO          978    .text.UART_DMATxOnlyAbortCallback  stm32f1xx_hal_uart.o
    0x0800332c   0x0800332c   0x00000102   Code   RO          990    .text.UART_Receive_IT  stm32f1xx_hal_uart.o
    0x0800342e   0x0800342e   0x00000002   PAD
    0x08003430   0x08003430   0x0000000c   Code   RO          100    .text.USART2_IRQHandler  stm32f1xx_it.o
    0x0800343c   0x0800343c   0x00000002   Code   RO           88    .text.UsageFault_Handler  stm32f1xx_it.o
    0x0800343e   0x0800343e   0x00000002   PAD
    0x08003440   0x08003440   0x0000001e   Code   RO         1210    .text.eMBEnable     mb.o
    0x0800345e   0x0800345e   0x00000002   PAD
    0x08003460   0x08003460   0x00000068   Code   RO         1056    .text.eMBFuncReadHoldingRegister  mbfuncholding.o
    0x080034c8   0x080034c8   0x00000020   Code   RO         1069    .text.eMBFuncReportSlaveID  mbfuncother.o
    0x080034e8   0x080034e8   0x00000034   Code   RO         1052    .text.eMBFuncWriteHoldingRegister  mbfuncholding.o
    0x0800351c   0x0800351c   0x0000005e   Code   RO         1054    .text.eMBFuncWriteMultipleHoldingRegister  mbfuncholding.o
    0x0800357a   0x0800357a   0x00000002   PAD
    0x0800357c   0x0800357c   0x0000007c   Code   RO         1204    .text.eMBInit       mb.o
    0x080035f8   0x080035f8   0x000001b8   Code   RO         1214    .text.eMBPoll       mb.o
    0x080037b0   0x080037b0   0x00000056   Code   RO         1177    .text.eMBRTUInit    mbrtu.o
    0x08003806   0x08003806   0x00000002   PAD
    0x08003808   0x08003808   0x00000098   Code   RO         1183    .text.eMBRTUReceive  mbrtu.o
    0x080038a0   0x080038a0   0x00000078   Code   RO         1185    .text.eMBRTUSend    mbrtu.o
    0x08003918   0x08003918   0x00000026   Code   RO         1179    .text.eMBRTUStart   mbrtu.o
    0x0800393e   0x0800393e   0x00000002   PAD
    0x08003940   0x08003940   0x000001d8   Code   RO         1231    .text.eMBRegHoldingCB  rtuhandler.o
    0x08003b18   0x08003b18   0x000000ae   Code   RO           11    .text.main          main.o
    0x08003bc6   0x08003bc6   0x00000002   PAD
    0x08003bc8   0x08003bc8   0x0000001a   Code   RO         1084    .text.prveMBError2Exception  mbutils.o
    0x08003be2   0x08003be2   0x00000002   PAD
    0x08003be4   0x08003be4   0x0000001c   Code   RO         1274    .text.ssd1306_Fill  ssd1306.o
    0x08003c00   0x08003c00   0x00000356   Code   RO         1272    .text.ssd1306_Init  ssd1306.o
    0x08003f56   0x08003f56   0x00000002   PAD
    0x08003f58   0x08003f58   0x0000000e   Code   RO         1294    .text.ssd1306_SetCursor  ssd1306.o
    0x08003f66   0x08003f66   0x00000002   PAD
    0x08003f68   0x08003f68   0x0000009e   Code   RO         1276    .text.ssd1306_UpdateScreen  ssd1306.o
    0x08004006   0x08004006   0x00000002   PAD
    0x08004008   0x08004008   0x00000524   Code   RO         1288    .text.ssd1306_WriteChar  ssd1306.o
    0x0800452c   0x0800452c   0x0000003c   Code   RO         1290    .text.ssd1306_WriteString  ssd1306.o
    0x08004568   0x08004568   0x000000ca   Code   RO         1166    .text.usMBCRC16     mbcrc.o
    0x08004632   0x08004632   0x00000002   PAD
    0x08004634   0x08004634   0x00000052   Code   RO         1127    .text.vMBPortSerialEnable  portserial.o
    0x08004686   0x08004686   0x00000002   PAD
    0x08004688   0x08004688   0x0000000e   Code   RO         1153    .text.vMBPortTimersDisable  porttimer.o
    0x08004696   0x08004696   0x00000002   PAD
    0x08004698   0x08004698   0x0000001a   Code   RO         1151    .text.vMBPortTimersEnable  porttimer.o
    0x080046b2   0x080046b2   0x00000002   PAD
    0x080046b4   0x080046b4   0x00000020   Code   RO         1116    .text.xMBPortEventGet  portevent.o
    0x080046d4   0x080046d4   0x00000010   Code   RO         1112    .text.xMBPortEventInit  portevent.o
    0x080046e4   0x080046e4   0x00000014   Code   RO         1114    .text.xMBPortEventPost  portevent.o
    0x080046f8   0x080046f8   0x00000022   Code   RO         1133    .text.xMBPortSerialGetByte  portserial.o
    0x0800471a   0x0800471a   0x00000002   PAD
    0x0800471c   0x0800471c   0x00000004   Code   RO         1129    .text.xMBPortSerialInit  portserial.o
    0x08004720   0x08004720   0x00000022   Code   RO         1131    .text.xMBPortSerialPutByte  portserial.o
    0x08004742   0x08004742   0x00000002   PAD
    0x08004744   0x08004744   0x00000010   Code   RO         1149    .text.xMBPortTimersInit  porttimer.o
    0x08004754   0x08004754   0x0000009c   Code   RO         1187    .text.xMBRTUReceiveFSM  mbrtu.o
    0x080047f0   0x080047f0   0x00000070   Code   RO         1191    .text.xMBRTUTimerT35Expired  mbrtu.o
    0x08004860   0x08004860   0x000000ac   Code   RO         1189    .text.xMBRTUTransmitFSM  mbrtu.o
    0x0800490c   0x0800490c   0x00000010   Data   RO         1037    .rodata.AHBPrescTable  system_stm32f1xx.o
    0x0800491c   0x0800491c   0x00000008   Data   RO         1038    .rodata.APBPrescTable  system_stm32f1xx.o
    0x08004924   0x08004924   0x00000d5c   Data   RO         1265    .rodata.Font11x18   fonts.o
    0x08005680   0x08005680   0x00000002   Data   RO          349    .rodata.HAL_RCC_GetSysClockFreq.aPredivFactorTable  stm32f1xx_hal_rcc.o
    0x08005682   0x08005682   0x00000100   Data   RO         1168    .rodata.aucCRCHi    mbcrc.o
    0x08005782   0x08005782   0x00000100   Data   RO         1169    .rodata.aucCRCLo    mbcrc.o
    0x08005882   0x08005882   0x00000010   Data   RO          348    .rodata.cst16       stm32f1xx_hal_rcc.o
    0x08005892   0x08005892   0x00000081   Data   RO         1193    .rodata.str1.1      mbrtu.o
    0x08005913   0x08005913   0x00000003   Data   RO         1319    .rodata.str1.1      rtudisplay.o
    0x08005916   0x08005916   0x00000002   PAD
    0x08005918   0x08005918   0x00000020   Data   RO         1553    Region$$Table       anon$$obj.o


    Execution Region RW_IRAM1 (Exec base: 0x20000000, Load base: 0x08005938, Size: 0x00000df0, Max: 0x00002800, ABSOLUTE)

    Exec Addr    Load Addr    Size         Type   Attr      Idx    E Section Name        Object

    0x20000000   0x08005938   0x00000008   Data   RW          311    .data..L_MergedGlobals  stm32f1xx_hal.o
    0x20000008   0x08005940   0x00000008   Data   RW         1263    .data.Font_11x18    fonts.o
    0x20000010   0x08005948   0x00000004   Data   RW         1036    .data.SystemCoreClock  system_stm32f1xx.o
    0x20000014   0x0800594c   0x00000001   Data   RW         1216    .data.eMBState      mb.o
    0x20000015   0x0800594d   0x00000003   PAD
    0x20000018   0x08005950   0x00000080   Data   RW         1219    .data.xFuncHandlers  mb.o
    0x20000098        -       0x00000060   Zero   RW         1437    .bss                c_w.l(libspace.o)
    0x200000f8        -       0x00000022   Zero   RW         1071    .bss..L_MergedGlobals  mbfuncother.o
    0x2000011a        -       0x00000002   Zero   RW         1118    .bss..L_MergedGlobals  portevent.o
    0x2000011c        -       0x00000004   Zero   RW         1157    .bss..L_MergedGlobals  porttimer.o
    0x20000120        -       0x0000000c   Zero   RW         1195    .bss..L_MergedGlobals  mbrtu.o
    0x2000012c        -       0x00000018   Zero   RW         1220    .bss..L_MergedGlobals  mb.o
    0x20000144        -       0x00000006   Zero   RW         1297    .bss..L_MergedGlobals  ssd1306.o
    0x2000014a   0x080059d0   0x00000002   PAD
    0x2000014c        -       0x0000006c   Zero   RW         1320    .bss..L_MergedGlobals  rtudisplay.o
    0x200001b8        -       0x00000001   Zero   RW         1233    .bss.HR_Write_Flag  rtuhandler.o
    0x200001b9   0x080059d0   0x00000001   PAD
    0x200001ba        -       0x00000002   Zero   RW         1318    .bss.Holding_REG_Start  rtudisplay.o
    0x200001bc        -       0x00000410   Zero   RW         1296    .bss.SSD1306_Buffer  ssd1306.o
    0x200005cc        -       0x00000008   Zero   RW         1252    .bss.eeHandle       ee.o
    0x200005d4        -       0x00000054   Zero   RW           41    .bss.hi2c1          i2c.o
    0x20000628        -       0x00000048   Zero   RW           56    .bss.htim3          tim.o
    0x20000670        -       0x00000048   Zero   RW           71    .bss.huart2         usart.o
    0x200006b8        -       0x00000004   Zero   RW         1102    .bss.lockCounter    mt_port.o
    0x200006bc        -       0x00000004   Zero   RW         1103    .bss.modbusTimer    mt_port.o
    0x200006c0        -       0x00000004   Zero   RW         1104    .bss.modbusUart     mt_port.o
    0x200006c4   0x080059d0   0x00000004   PAD
    0x200006c8        -       0x00000020   Zero   RW          536    .bss.pFlash         stm32f1xx_hal_flash.o
    0x200006e8        -       0x00000001   Zero   RW         1140    .bss.rxByte         portserial.o
    0x200006e9        -       0x00000001   Zero   RW         1139    .bss.txByte         portserial.o
    0x200006ea        -       0x00000100   Zero   RW         1194    .bss.ucRTUBuf       mbrtu.o
    0x200007ea   0x080059d0   0x00000002   PAD
    0x200007ec        -       0x00000004   Zero   RW          310    .bss.uwTick         stm32f1xx_hal.o
    0x200007f0        -       0x00000200   Zero   RW            2    HEAP                startup_stm32f103x6.o
    0x200009f0        -       0x00000400   Zero   RW            1    STACK               startup_stm32f103x6.o


==============================================================================

Image component sizes


      Code (inc. data)   RO Data    RW Data    ZI Data      Debug   Object Name

       478          0          0          0          8       3258   ee.o
         0          0       3420          8          0        840   fonts.o
       194          0          0          0          0       1564   gpio.o
       164          0          0          0         84       4440   i2c.o
       184          0          0          0          0       2150   main.o
       594          0          0        129         24       5974   mb.o
       202          0        512          0          0       1438   mbcrc.o
       250          0          0          0          0       2991   mbfuncholding.o
        32          0          0          0         34       2146   mbfuncother.o
       836        102        129          0        268       4579   mbrtu.o
        26          0          0          0          0       2599   mbutils.o
        68          0          0          0         12       5024   mt_port.o
        68          0          0          0          2       1247   portevent.o
       218          0          0          0          2       4744   portserial.o
       114          0          0          0          4       4388   porttimer.o
      1098         20          3          0        110       8237   rtudisplay.o
       520          0          0          0          1       7081   rtuhandler.o
      2430          0          0          0       1046      19847   ssd1306.o
        64         26        236          0       1536        776   startup_stm32f103x6.o
       188          0          0          8          4       5634   stm32f1xx_hal.o
       194          0          0          0          0       8445   stm32f1xx_hal_cortex.o
       252          0          0          0          0       8179   stm32f1xx_hal_dma.o
       488          0          0          0         32       5528   stm32f1xx_hal_flash.o
       238          0          0          0          0       6445   stm32f1xx_hal_flash_ex.o
       534         20          0          0          0       4803   stm32f1xx_hal_gpio.o
      1680          0          0          0          0      46136   stm32f1xx_hal_i2c.o
        66          0          0          0          0       1177   stm32f1xx_hal_msp.o
      1470          0         18          0          0       7631   stm32f1xx_hal_rcc.o
      1124          0          0          0          0      54490   stm32f1xx_hal_tim.o
        98          0          0          0          0      20836   stm32f1xx_hal_tim_ex.o
      2708          0          0          0          0      32804   stm32f1xx_hal_uart.o
        44          0          0          0          0       5372   stm32f1xx_it.o
         2          0         24          4          0       1602   system_stm32f1xx.o
       192          0          0          0         72       5677   tim.o
       210          0          0          0         72       5335   usart.o

    ----------------------------------------------------------------------
     17176        168       4376        152       3320     303417   Object Totals
         0          0         32          0          0          0   (incl. Generated)
       148          0          2          3          9          0   (incl. Padding)

    ----------------------------------------------------------------------

      Code (inc. data)   RO Data    RW Data    ZI Data      Debug   Library Member Name

         8          0          0          0          0         68   __main.o
       104          0          0          0          0         84   __printf.o
         0          0          0          0          0          0   __rtentry.o
        12          0          0          0          0          0   __rtentry2.o
         6          0          0          0          0          0   __rtentry4.o
        52          8          0          0          0          0   __scatter.o
        26          0          0          0          0          0   __scatter_copy.o
        28          0          0          0          0          0   __scatter_zi.o
        44          0          0          0          0        108   _printf_char.o
        48          6          0          0          0         96   _printf_char_common.o
         0          0          0          0          0          0   _printf_percent.o
         4          0          0          0          0          0   _printf_percent_end.o
         6          0          0          0          0          0   _printf_s.o
        82          0          0          0          0         80   _printf_str.o
        16          0          0          0          0         68   _snputc.o
        10          0          0          0          0         68   _sputc.o
        22          0          0          0          0         80   abort.o
        16          0          0          0          0         68   aeabi_memset4.o
       128         42          0          0          0         76   assert.o
        20          0          0          0          0         76   assert_puts.o
        48         34          0          0          0         76   defsig_abrt_inner.o
        14          0          0          0          0         80   defsig_abrt_outer.o
        10          0          0          0          0         68   defsig_exit.o
        50          0          0          0          0         88   defsig_general.o
        18          0          0          0          0         80   exit.o
         6          0          0          0          0        152   heapauxi.o
         0          0          0          0          0          0   indicate_semi.o
         2          0          0          0          0          0   libinit.o
         2          0          0          0          0          0   libinit2.o
         2          0          0          0          0          0   libshutdown.o
         2          0          0          0          0          0   libshutdown2.o
         8          4          0          0         96         68   libspace.o
        52          4          0          0          0         84   noretval__2snprintf.o
        78          0          0          0          0         80   rt_memclr_w.o
       138          0          0          0          0         68   rt_memcpy_v6.o
       100          0          0          0          0         80   rt_memcpy_w.o
         2          0          0          0          0          0   rtexit.o
        10          0          0          0          0          0   rtexit2.o
        12          4          0          0          0         68   sys_exit.o
        74          0          0          0          0         80   sys_stackheap_outer.o
        14          0          0          0          0         76   sys_wrch.o
         2          0          0          0          0         68   use_no_semi.o

    ----------------------------------------------------------------------
      1288        102          0          0         96       2088   Library Totals
        12          0          0          0          0          0   (incl. Padding)

    ----------------------------------------------------------------------

      Code (inc. data)   RO Data    RW Data    ZI Data      Debug   Library Name

      1276        102          0          0         96       2088   c_w.l

    ----------------------------------------------------------------------
      1288        102          0          0         96       2088   Library Totals

    ----------------------------------------------------------------------

==============================================================================


      Code (inc. data)   RO Data    RW Data    ZI Data      Debug   

     18464        270       4376        152       3416     303769   Grand Totals
     18464        270       4376        152       3416     303769   ELF Image Totals
     18464        270       4376        152          0          0   ROM Totals

==============================================================================

    Total RO  Size (Code + RO Data)                22840 (  22.30kB)
    Total RW  Size (RW Data + ZI Data)              3568 (   3.48kB)
    Total ROM Size (Code + RO Data + RW Data)      22992 (  22.45kB)

==============================================================================

